ARM Linker, 5.03 [Build 24] [MDK-ARM Standard]

==============================================================================

Section Cross References

    main.o(.text) refers to _printf_percent.o(.ARM.Collect$$_printf_percent$$00000000) for _printf_percent
    main.o(.text) refers to _printf_x.o(.ARM.Collect$$_printf_percent$$0000000C) for _printf_x
    main.o(.text) refers to _printf_hex_int_ll_ptr.o(.text) for _printf_longlong_hex
    main.o(.text) refers to __2printf.o(.text) for __2printf
    main.o(.text) refers to os_time.o(.text) for OSTimeDlyHMSM
    main.o(.text) refers to lcd.o(.text) for LCD_ShowString
    main.o(.text) refers to dht11.o(.text) for DHT11_Read_Data
    main.o(.text) refers to cpu_core.o(.text) for CPU_Init
    main.o(.text) refers to os_stat.o(.text) for OSStatTaskCPUUsageInit
    main.o(.text) refers to os_core.o(.text) for OSSchedRoundRobinCfg
    main.o(.text) refers to cpu_a.o(.text) for CPU_SR_Save
    main.o(.text) refers to os_task.o(.text) for OSTaskCreate
    main.o(.text) refers to led.o(.text) for LED_Init
    main.o(.text) refers to key.o(.text) for KEY_Init
    main.o(.text) refers to __2sprintf.o(.text) for __2sprintf
    main.o(.text) refers to beep.o(.text) for BEEP_Init
    main.o(.text) refers to delay.o(.text) for delay_ms
    main.o(.text) refers to misc.o(.text) for NVIC_PriorityGroupConfig
    main.o(.text) refers to usart.o(.text) for uart_init
    main.o(.text) refers to lcd.o(.data) for POINT_COLOR
    main.o(.text) refers to os_var.o(.data) for OSSchedLockNestingCtr
    main.o(.text) refers to main.o(.bss) for TASK_DHT11_TASK_STK
    main.o(.text) refers to lcd.o(.bss) for lcddev
    system_stm32f4xx.o(.text) refers to system_stm32f4xx.o(.data) for SystemCoreClock
    startup_stm32f40_41xxx.o(STACK) refers (Special) to heapauxi.o(.text) for __use_two_region_memory
    startup_stm32f40_41xxx.o(HEAP) refers (Special) to heapauxi.o(.text) for __use_two_region_memory
    startup_stm32f40_41xxx.o(RESET) refers (Special) to heapauxi.o(.text) for __use_two_region_memory
    startup_stm32f40_41xxx.o(RESET) refers to startup_stm32f40_41xxx.o(STACK) for __initial_sp
    startup_stm32f40_41xxx.o(RESET) refers to startup_stm32f40_41xxx.o(.text) for Reset_Handler
    startup_stm32f40_41xxx.o(RESET) refers to stm32f4xx_it.o(.text) for NMI_Handler
    startup_stm32f40_41xxx.o(RESET) refers to os_cpu_a.o(CODE) for PendSV_Handler
    startup_stm32f40_41xxx.o(RESET) refers to delay.o(.text) for SysTick_Handler
    startup_stm32f40_41xxx.o(RESET) refers to remote.o(.text) for TIM1_UP_TIM10_IRQHandler
    startup_stm32f40_41xxx.o(RESET) refers to timer.o(.text) for TIM3_IRQHandler
    startup_stm32f40_41xxx.o(RESET) refers to usmart.o(.text) for TIM4_IRQHandler
    startup_stm32f40_41xxx.o(RESET) refers to usart.o(.text) for USART1_IRQHandler
    startup_stm32f40_41xxx.o(RESET) refers to rs485.o(.text) for USART2_IRQHandler
    startup_stm32f40_41xxx.o(RESET) refers to usart3.o(.text) for USART3_IRQHandler
    startup_stm32f40_41xxx.o(.text) refers (Special) to heapauxi.o(.text) for __use_two_region_memory
    startup_stm32f40_41xxx.o(.text) refers to system_stm32f4xx.o(.text) for SystemInit
    startup_stm32f40_41xxx.o(.text) refers to __main.o(!!!main) for __main
    startup_stm32f40_41xxx.o(.text) refers to startup_stm32f40_41xxx.o(HEAP) for Heap_Mem
    startup_stm32f40_41xxx.o(.text) refers to startup_stm32f40_41xxx.o(STACK) for Stack_Mem
    delay.o(.text) refers to os_core.o(.text) for OSSchedLock
    delay.o(.text) refers to os_time.o(.text) for OSTimeDly
    delay.o(.text) refers to misc.o(.text) for SysTick_CLKSourceConfig
    delay.o(.text) refers to os_var.o(.data) for OSRunning
    delay.o(.text) refers to delay.o(.data) for fac_us
    delay.o(.text) refers to os_cfg_app.o(.constdata) for OSCfg_TickRate_Hz
    usart.o(.rev16_text) refers (Special) to use_no_semi_2.o(.text) for __use_no_semihosting
    usart.o(.revsh_text) refers (Special) to use_no_semi_2.o(.text) for __use_no_semihosting
    usart.o(.text) refers (Special) to use_no_semi_2.o(.text) for __use_no_semihosting
    usart.o(.text) refers to stm32f4xx_rcc.o(.text) for RCC_AHB1PeriphClockCmd
    usart.o(.text) refers to stm32f4xx_gpio.o(.text) for GPIO_PinAFConfig
    usart.o(.text) refers to stm32f4xx_usart.o(.text) for USART_Init
    usart.o(.text) refers to misc.o(.text) for NVIC_Init
    usart.o(.text) refers to os_core.o(.text) for OSIntEnter
    usart.o(.text) refers to usart.o(.data) for USART_RX_STA
    usart.o(.text) refers to usart.o(.bss) for USART_RX_BUF
    usart.o(.bss) refers (Special) to use_no_semi_2.o(.text) for __use_no_semihosting
    usart.o(.data) refers (Special) to use_no_semi_2.o(.text) for __use_no_semihosting
    beep.o(.text) refers to stm32f4xx_rcc.o(.text) for RCC_AHB1PeriphClockCmd
    beep.o(.text) refers to stm32f4xx_gpio.o(.text) for GPIO_Init
    lcd.o(.text) refers to _printf_percent.o(.ARM.Collect$$_printf_percent$$00000000) for _printf_percent
[...]
    USART_Cmd                                0x080095bb   Thumb Code    24  stm32f4xx_usart.o(.text)
    USART_SetPrescaler                       0x080095d3   Thumb Code    16  stm32f4xx_usart.o(.text)
    USART_OverSampling8Cmd                   0x080095e3   Thumb Code    22  stm32f4xx_usart.o(.text)
    USART_OneBitMethodCmd                    0x080095f9   Thumb Code    24  stm32f4xx_usart.o(.text)
    USART_SendData                           0x08009611   Thumb Code     8  stm32f4xx_usart.o(.text)
    USART_ReceiveData                        0x08009619   Thumb Code    10  stm32f4xx_usart.o(.text)
    USART_SetAddress                         0x08009623   Thumb Code    18  stm32f4xx_usart.o(.text)
    USART_ReceiverWakeUpCmd                  0x08009635   Thumb Code    24  stm32f4xx_usart.o(.text)
    USART_WakeUpConfig                       0x0800964d   Thumb Code    18  stm32f4xx_usart.o(.text)
    USART_LINBreakDetectLengthConfig         0x0800965f   Thumb Code    18  stm32f4xx_usart.o(.text)
    USART_LINCmd                             0x08009671   Thumb Code    24  stm32f4xx_usart.o(.text)
    USART_SendBreak                          0x08009689   Thumb Code    10  stm32f4xx_usart.o(.text)
    USART_HalfDuplexCmd                      0x08009693   Thumb Code    24  stm32f4xx_usart.o(.text)
    USART_SetGuardTime                       0x080096ab   Thumb Code    16  stm32f4xx_usart.o(.text)
    USART_SmartCardCmd                       0x080096bb   Thumb Code    24  stm32f4xx_usart.o(.text)
    USART_SmartCardNACKCmd                   0x080096d3   Thumb Code    24  stm32f4xx_usart.o(.text)
    USART_IrDAConfig                         0x080096eb   Thumb Code    18  stm32f4xx_usart.o(.text)
    USART_IrDACmd                            0x080096fd   Thumb Code    24  stm32f4xx_usart.o(.text)
    USART_DMACmd                             0x08009715   Thumb Code    18  stm32f4xx_usart.o(.text)
    USART_ITConfig                           0x08009727   Thumb Code    74  stm32f4xx_usart.o(.text)
    USART_GetFlagStatus                      0x08009771   Thumb Code    26  stm32f4xx_usart.o(.text)
    USART_ClearFlag                          0x0800978b   Thumb Code    18  stm32f4xx_usart.o(.text)
    USART_GetITStatus                        0x0800979d   Thumb Code   118  stm32f4xx_usart.o(.text)
    USART_ClearITPendingBit                  0x08009813   Thumb Code    30  stm32f4xx_usart.o(.text)
    BSP_CPU_ClkFreq                          0x08009831   Thumb Code    14  bsp.o(.text)
    CPU_TS_TmrInit                           0x0800983f   Thumb Code    44  bsp.o(.text)
    CPU_TS_TmrRd                             0x0800986b   Thumb Code     6  bsp.o(.text)
    CPU_TS32_to_uSec                         0x08009871   Thumb Code    54  bsp.o(.text)
    CPU_NameClr                              0x080098b5   Thumb Code    42  cpu_core.o(.text)
    CPU_Init                                 0x080098f5   Thumb Code    12  cpu_core.o(.text)
    CPU_SW_Exception                         0x08009901   Thumb Code     4  cpu_core.o(.text)
    CPU_NameGet                              0x08009905   Thumb Code    70  cpu_core.o(.text)
    CPU_NameSet                              0x0800994b   Thumb Code    96  cpu_core.o(.text)
    CPU_TS_Get32                             0x080099ab   Thumb Code    12  cpu_core.o(.text)
    CPU_TS_Update                            0x080099b7   Thumb Code     2  cpu_core.o(.text)
    CPU_TS_TmrFreqGet                        0x080099b9   Thumb Code    30  cpu_core.o(.text)
    CPU_TS_TmrFreqSet                        0x080099d7   Thumb Code     6  cpu_core.o(.text)
    CPU_CntLeadZeros08                       0x080099dd   Thumb Code    18  cpu_core.o(.text)
    CPU_CntLeadZeros16                       0x080099ef   Thumb Code    18  cpu_core.o(.text)
    CPU_CntLeadZeros32                       0x08009a01   Thumb Code    18  cpu_core.o(.text)
    CPU_CntLeadZeros64                       0x08009a13   Thumb Code   194  cpu_core.o(.text)
    CPU_CntTrailZeros08                      0x08009ad5   Thumb Code    22  cpu_core.o(.text)
    CPU_CntTrailZeros16                      0x08009aeb   Thumb Code    22  cpu_core.o(.text)
    CPU_CntTrailZeros32                      0x08009b01   Thumb Code    22  cpu_core.o(.text)
    CPU_CntTrailZeros64                      0x08009b17   Thumb Code    66  cpu_core.o(.text)
    CPU_IntDis                               0x08009b65   Thumb Code     0  cpu_a.o(.text)
    CPU_IntEn                                0x08009b69   Thumb Code     0  cpu_a.o(.text)
    CPU_SR_Save                              0x08009b6d   Thumb Code     0  cpu_a.o(.text)
    CPU_SR_Restore                           0x08009b75   Thumb Code     0  cpu_a.o(.text)
    CPU_WaitForInt                           0x08009b7b   Thumb Code     0  cpu_a.o(.text)
    CPU_WaitForExcept                        0x08009b7f   Thumb Code     0  cpu_a.o(.text)
    CPU_CntLeadZeros                         0x08009b83   Thumb Code     0  cpu_a.o(.text)
    CPU_CntTrailZeros                        0x08009b89   Thumb Code     0  cpu_a.o(.text)
    CPU_RevBits                              0x08009b93   Thumb Code     0  cpu_a.o(.text)
    ASCII_IsAlpha                            0x08009b99   Thumb Code    48  lib_ascii.o(.text)
    ASCII_IsAlphaNum                         0x08009bc9   Thumb Code    76  lib_ascii.o(.text)
    ASCII_IsLower                            0x08009c15   Thumb Code    20  lib_ascii.o(.text)
    ASCII_IsUpper                            0x08009c29   Thumb Code    20  lib_ascii.o(.text)
    ASCII_IsDig                              0x08009c3d   Thumb Code    20  lib_ascii.o(.text)
    ASCII_IsDigOct                           0x08009c51   Thumb Code    20  lib_ascii.o(.text)
    ASCII_IsDigHex                           0x08009c65   Thumb Code    36  lib_ascii.o(.text)
    ASCII_IsBlank                            0x08009c89   Thumb Code    20  lib_ascii.o(.text)
    ASCII_IsSpace                            0x08009c9d   Thumb Code    36  lib_ascii.o(.text)
    ASCII_IsPrint                            0x08009cc1   Thumb Code    20  lib_ascii.o(.text)
    ASCII_IsGraph                            0x08009cd5   Thumb Code    20  lib_ascii.o(.text)
    ASCII_IsPunct                            0x08009ce9   Thumb Code   134  lib_ascii.o(.text)
    ASCII_IsCtrl                             0x08009d6f   Thumb Code    26  lib_ascii.o(.text)
    ASCII_ToLower                            0x08009d89   Thumb Code    32  lib_ascii.o(.text)
    ASCII_ToUpper                            0x08009da9   Thumb Code    32  lib_ascii.o(.text)
    ASCII_Cmp                                0x08009dc9   Thumb Code    38  lib_ascii.o(.text)
    Mem_Init                                 0x08009df1   Thumb Code    54  lib_mem.o(.text)
    Mem_Set                                  0x08009e27   Thumb Code    84  lib_mem.o(.text)
    Mem_Clr                                  0x08009e7b   Thumb Code    18  lib_mem.o(.text)
    Mem_Move                                 0x08009e8d   Thumb Code   186  lib_mem.o(.text)
    Mem_Cmp                                  0x08009f47   Thumb Code   192  lib_mem.o(.text)
    Mem_HeapAlloc                            0x0800a07f   Thumb Code   168  lib_mem.o(.text)
    Mem_SegGetSizeRem                        0x0800a127   Thumb Code   108  lib_mem.o(.text)
    Mem_HeapGetSizeRem                       0x0800a193   Thumb Code    22  lib_mem.o(.text)
    Mem_PoolClr                              0x0800a1a9   Thumb Code    80  lib_mem.o(.text)
    Mem_PoolCreate                           0x0800a1f9   Thumb Code   838  lib_mem.o(.text)
    Mem_PoolBlkGetNbrAvail                   0x0800a53f   Thumb Code    52  lib_mem.o(.text)
    Mem_PoolBlkGet                           0x0800a573   Thumb Code   126  lib_mem.o(.text)
    Mem_PoolBlkGetUsedAtIx                   0x0800a5f1   Thumb Code   140  lib_mem.o(.text)
    Mem_PoolBlkFree                          0x0800a67d   Thumb Code   152  lib_mem.o(.text)
    Mem_PoolBlkIxGet                         0x0800a715   Thumb Code   162  lib_mem.o(.text)
    Str_Len_N                                0x0800a7b9   Thumb Code    28  lib_str.o(.text)
    Str_Len                                  0x0800a7d5   Thumb Code    20  lib_str.o(.text)
    Str_Copy_N                               0x0800a7e9   Thumb Code    70  lib_str.o(.text)
    Str_Copy                                 0x0800a82f   Thumb Code    24  lib_str.o(.text)
    Str_Cat_N                                0x0800a847   Thumb Code    90  lib_str.o(.text)
    Str_Cat                                  0x0800a8a1   Thumb Code    24  lib_str.o(.text)
    Str_Cmp_N                                0x0800a8b9   Thumb Code   156  lib_str.o(.text)
    Str_Cmp                                  0x0800a955   Thumb Code    24  lib_str.o(.text)
    Str_CmpIgnoreCase_N                      0x0800a96d   Thumb Code   264  lib_str.o(.text)
    Str_CmpIgnoreCase                        0x0800aa75   Thumb Code    24  lib_str.o(.text)
    Str_Char_N                               0x0800aa8d   Thumb Code    74  lib_str.o(.text)
    Str_Char                                 0x0800aad7   Thumb Code    24  lib_str.o(.text)
    Str_Char_Last_N                          0x0800aaef   Thumb Code    76  lib_str.o(.text)
    Str_Char_Last                            0x0800ab3b   Thumb Code    24  lib_str.o(.text)
    Str_Char_Replace_N                       0x0800ab53   Thumb Code    52  lib_str.o(.text)
    Str_Char_Replace                         0x0800ab87   Thumb Code    28  lib_str.o(.text)
    Str_Str_N                                0x0800aba3   Thumb Code   182  lib_str.o(.text)
    Str_Str                                  0x0800ac59   Thumb Code    24  lib_str.o(.text)
    Str_FmtNbr_Int32U                        0x0800ae4d   Thumb Code    46  lib_str.o(.text)
    Str_FmtNbr_Int32S                        0x0800ae7b   Thumb Code    62  lib_str.o(.text)
    Str_ParseNbr_Int32U                      0x0800b077   Thumb Code    30  lib_str.o(.text)
    Str_ParseNbr_Int32S                      0x0800b095   Thumb Code    74  lib_str.o(.text)
    Mem_Copy                                 0x0800b0e5   Thumb Code     0  lib_mem_a.o(.text)
    OSCfg_Init                               0x0800b305   Thumb Code    86  os_cfg_app.o(.text)
    OS_IdleTask                              0x0800b401   Thumb Code    60  os_core.o(.text)
    OS_IdleTaskInit                          0x0800b43d   Thumb Code    68  os_core.o(.text)
    OS_RdyListInit                           0x0800b481   Thumb Code    32  os_core.o(.text)
    OSInit                                   0x0800b4a1   Thumb Code   300  os_core.o(.text)
    OSIntEnter                               0x0800b5cd   Thumb Code    34  os_core.o(.text)
    OSIntExit                                0x0800b5ef   Thumb Code   188  os_core.o(.text)
    OSSched                                  0x0800b6ab   Thumb Code   130  os_core.o(.text)
    OS_SchedLockTimeMeasStart                0x0800b72d   Thumb Code    20  os_core.o(.text)
    OSSchedLock                              0x0800b741   Thumb Code   104  os_core.o(.text)
    OS_SchedLockTimeMeasStop                 0x0800b7a9   Thumb Code    44  os_core.o(.text)
    OSSchedUnlock                            0x0800b7d5   Thumb Code   286  os_core.o(.text)
    OSSchedRoundRobinCfg                     0x0800b8f3   Thumb Code    88  os_core.o(.text)
    OS_RdyListMoveHeadToTail                 0x0800b94b   Thumb Code    68  os_core.o(.text)
    OSSchedRoundRobinYield                   0x0800b98f   Thumb Code   164  os_core.o(.text)
    OSStart                                  0x0800ba33   Thumb Code    78  os_core.o(.text)
    OSVersion                                0x0800ba81   Thumb Code    12  os_core.o(.text)
    OS_PendDbgNameAdd                        0x0800ba8d   Thumb Code    66  os_core.o(.text)
    OS_PendListInsertPrio                    0x0800bacf   Thumb Code   102  os_core.o(.text)
    OS_PendDataInit                          0x0800bb35   Thumb Code    38  os_core.o(.text)
    OS_RdyListRemove                         0x0800bb5b   Thumb Code    86  os_core.o(.text)
    OS_TaskBlock                             0x0800bbb1   Thumb Code    56  os_core.o(.text)
    OS_Pend                                  0x0800bbe9   Thumb Code    98  os_core.o(.text)
    OS_PendListRemove1                       0x0800bc4b   Thumb Code   136  os_core.o(.text)
    OS_PendListRemove                        0x0800bcd3   Thumb Code    48  os_core.o(.text)
    OS_PendAbort1                            0x0800bd03   Thumb Code    36  os_core.o(.text)
    OS_RdyListInsertHead                     0x0800bd27   Thumb Code    58  os_core.o(.text)
    OS_RdyListInsertTail                     0x0800bd61   Thumb Code    56  os_core.o(.text)
    OS_RdyListInsert                         0x0800bd99   Thumb Code    40  os_core.o(.text)
    OS_TaskRdy                               0x0800bdc1   Thumb Code    28  os_core.o(.text)
    OS_PendAbort                             0x0800bddd   Thumb Code   178  os_core.o(.text)
    OS_PendDbgNameRemove                     0x0800be8f   Thumb Code    34  os_core.o(.text)
    OS_PendListChangePrio                    0x0800beb1   Thumb Code    70  os_core.o(.text)
    OS_PendListInit                          0x0800bef7   Thumb Code    10  os_core.o(.text)
    OS_PendListInsertHead                    0x0800bf01   Thumb Code    32  os_core.o(.text)
    OS_PendObjDel1                           0x0800bf21   Thumb Code    36  os_core.o(.text)
    OS_PendObjDel                            0x0800bf45   Thumb Code   174  os_core.o(.text)
    OS_Post1                                 0x0800bff3   Thumb Code    42  os_core.o(.text)
    OS_Post                                  0x0800c01d   Thumb Code   198  os_core.o(.text)
    OS_Sched0                                0x0800c0e3   Thumb Code    94  os_core.o(.text)
    OS_SchedRoundRobin                       0x0800c141   Thumb Code   190  os_core.o(.text)
    OS_Dbg_Init                              0x0800c211   Thumb Code   146  os_dbg.o(.text)
    OS_FlagDbgListAdd                        0x0800c3c1   Thumb Code    38  os_flag.o(.text)
    OSFlagCreate                             0x0800c3e7   Thumb Code   172  os_flag.o(.text)
    OS_FlagClr                               0x0800c493   Thumb Code    28  os_flag.o(.text)
    OS_FlagDbgListRemove                     0x0800c4af   Thumb Code    44  os_flag.o(.text)
    OSFlagDel                                0x0800c4db   Thumb Code   594  os_flag.o(.text)
    OS_FlagBlock                             0x0800c72d   Thumb Code    58  os_flag.o(.text)
    OSFlagPend                               0x0800c767   Thumb Code  1492  os_flag.o(.text)
    OSFlagPendAbort                          0x0800cd3b   Thumb Code   292  os_flag.o(.text)
    OSFlagPendGetFlagsRdy                    0x0800ce5f   Thumb Code    68  os_flag.o(.text)
    OS_FlagTaskRdy                           0x0800cea3   Thumb Code    92  os_flag.o(.text)
    OS_FlagPost                              0x0800ceff   Thumb Code   572  os_flag.o(.text)
    OSFlagPost                               0x0800d13b   Thumb Code   146  os_flag.o(.text)
    OS_FlagInit                              0x0800d1cd   Thumb Code    14  os_flag.o(.text)
    OS_IntQPost                              0x0800d1f5   Thumb Code   216  os_int.o(.text)
    OS_IntQRePost                            0x0800d2cd   Thumb Code   348  os_int.o(.text)
    OS_IntQTask                              0x0800d429   Thumb Code   162  os_int.o(.text)
    OS_IntQTaskInit                          0x0800d4cb   Thumb Code   208  os_int.o(.text)
    OS_MemDbgListAdd                         0x0800d62d   Thumb Code    34  os_mem.o(.text)
    OSMemCreate                              0x0800d64f   Thumb Code   288  os_mem.o(.text)
    OSMemGet                                 0x0800d76f   Thumb Code   100  os_mem.o(.text)
    OSMemPut                                 0x0800d7d3   Thumb Code   112  os_mem.o(.text)
    OS_MemInit                               0x0800d843   Thumb Code    14  os_mem.o(.text)
    OS_MsgPoolCreate                         0x0800d865   Thumb Code    54  os_msg.o(.text)
    OS_MsgPoolInit                           0x0800d89b   Thumb Code    70  os_msg.o(.text)
    OS_MsgQFreeAll                           0x0800d8e1   Thumb Code    62  os_msg.o(.text)
    OS_MsgQInit                              0x0800d91f   Thumb Code    14  os_msg.o(.text)
    OS_MsgQGet                               0x0800d92d   Thumb Code    98  os_msg.o(.text)
    OS_MsgQPut                               0x0800d98f   Thumb Code   242  os_msg.o(.text)
    OS_MutexDbgListAdd                       0x0800da8d   Thumb Code    38  os_mutex.o(.text)
    OSMutexCreate                            0x0800dab3   Thumb Code   178  os_mutex.o(.text)
    OS_MutexClr                              0x0800db65   Thumb Code    38  os_mutex.o(.text)
    OS_MutexDbgListRemove                    0x0800db8b   Thumb Code    44  os_mutex.o(.text)
    OSMutexDel                               0x0800dbb7   Thumb Code   842  os_mutex.o(.text)
    OSMutexPend                              0x0800df01   Thumb Code   706  os_mutex.o(.text)
    OSMutexPendAbort                         0x0800e1c3   Thumb Code   314  os_mutex.o(.text)
    OSMutexPost                              0x0800e2fd   Thumb Code   564  os_mutex.o(.text)
    OS_MutexInit                             0x0800e531   Thumb Code    14  os_mutex.o(.text)
    OS_PrioInit                              0x0800e561   Thumb Code    20  os_prio.o(.text)
    OS_PrioGetHighest                        0x0800e575   Thumb Code    36  os_prio.o(.text)
    OS_PrioInsert                            0x0800e599   Thumb Code    32  os_prio.o(.text)
    OS_PrioRemove                            0x0800e5b9   Thumb Code    32  os_prio.o(.text)
    OS_QDbgListAdd                           0x0800e5dd   Thumb Code    38  os_q.o(.text)
    OSQCreate                                0x0800e603   Thumb Code   186  os_q.o(.text)
    OS_QClr                                  0x0800e6bd   Thumb Code    40  os_q.o(.text)
    OS_QDbgListRemove                        0x0800e6e5   Thumb Code    44  os_q.o(.text)
    OSQDel                                   0x0800e711   Thumb Code   362  os_q.o(.text)
    OSQFlush                                 0x0800e87b   Thumb Code   210  os_q.o(.text)
    OSQPend                                  0x0800e94d   Thumb Code   538  os_q.o(.text)
    OSQPendAbort                             0x0800eb67   Thumb Code   292  os_q.o(.text)
    OS_QPost                                 0x0800ec8b   Thumb Code   322  os_q.o(.text)
    OSQPost                                  0x0800edcd   Thumb Code   196  os_q.o(.text)
    OS_QInit                                 0x0800ee91   Thumb Code    14  os_q.o(.text)
    OS_SemDbgListAdd                         0x0800eeb1   Thumb Code    38  os_sem.o(.text)
    OSSemCreate                              0x0800eed7   Thumb Code   172  os_sem.o(.text)
    OS_SemClr                                0x0800ef83   Thumb Code    28  os_sem.o(.text)
    OS_SemDbgListRemove                      0x0800ef9f   Thumb Code    44  os_sem.o(.text)
    OSSemDel                                 0x0800efcb   Thumb Code   362  os_sem.o(.text)
    OSSemPend                                0x0800f135   Thumb Code   504  os_sem.o(.text)
    OSSemPendAbort                           0x0800f32d   Thumb Code   292  os_sem.o(.text)
    OS_SemPost                               0x0800f451   Thumb Code   350  os_sem.o(.text)
    OSSemPost                                0x0800f5af   Thumb Code   144  os_sem.o(.text)
    OSSemSet                                 0x0800f63f   Thumb Code   138  os_sem.o(.text)
    OS_SemInit                               0x0800f6c9   Thumb Code    14  os_sem.o(.text)
    OSStatReset                              0x0800f6e1   Thumb Code   276  os_stat.o(.text)
    OSStatTaskCPUUsageInit                   0x0800f7f5   Thumb Code   212  os_stat.o(.text)
    OS_StatTask                              0x0800f8c9   Thumb Code   888  os_stat.o(.text)
    OS_StatTaskInit                          0x0800fc41   Thumb Code   138  os_stat.o(.text)
    OSTaskChangePrio                         0x0800fd21   Thumb Code   416  os_task.o(.text)
    OS_TaskDbgListAdd                        0x0800fec1   Thumb Code    42  os_task.o(.text)
    OS_TaskInitTCB                           0x0800feeb   Thumb Code   194  os_task.o(.text)
    OSTaskCreate                             0x0800ffad   Thumb Code   614  os_task.o(.text)
    OS_TaskDbgListRemove                     0x08010213   Thumb Code    64  os_task.o(.text)
    OSTaskDel                                0x08010253   Thumb Code   424  os_task.o(.text)
    OSTaskQFlush                             0x080103fb   Thumb Code   214  os_task.o(.text)
    OSTaskQPend                              0x080104d1   Thumb Code   554  os_task.o(.text)
    OSTaskQPendAbort                         0x080106fb   Thumb Code   242  os_task.o(.text)
    OS_TaskQPost                             0x080107ed   Thumb Code   526  os_task.o(.text)
    OSTaskQPost                              0x080109fb   Thumb Code   114  os_task.o(.text)
    OSTaskRegGet                             0x08010a6d   Thumb Code    78  os_task.o(.text)
    OSTaskRegGetID                           0x08010abb   Thumb Code    84  os_task.o(.text)
    OSTaskRegSet                             0x08010b0f   Thumb Code    78  os_task.o(.text)
    OS_TaskResume                            0x08010b5d   Thumb Code   314  os_task.o(.text)
    OSTaskResume                             0x08010c97   Thumb Code   112  os_task.o(.text)
    OSTaskSemPend                            0x08010d07   Thumb Code   550  os_task.o(.text)
    OSTaskSemPendAbort                       0x08010f2d   Thumb Code   270  os_task.o(.text)
    OS_TaskSemPost                           0x0801103b   Thumb Code  1216  os_task.o(.text)
    OSTaskSemPost                            0x080114fb   Thumb Code    98  os_task.o(.text)
    OSTaskSemSet                             0x0801155d   Thumb Code   100  os_task.o(.text)
    OSTaskStkChk                             0x080115c1   Thumb Code   204  os_task.o(.text)
    OS_TaskSuspend                           0x0801168d   Thumb Code   328  os_task.o(.text)
    OSTaskSuspend                            0x080117d5   Thumb Code    78  os_task.o(.text)
    OSTaskTimeQuantaSet                      0x08011823   Thumb Code    96  os_task.o(.text)
    OS_TaskInit                              0x08011883   Thumb Code    18  os_task.o(.text)
    OS_TaskReturn                            0x08011895   Thumb Code    20  os_task.o(.text)
    OS_TickListRemove                        0x080118d1   Thumb Code    56  os_tick.o(.text)
    OS_TickListUpdate                        0x08011909   Thumb Code   492  os_tick.o(.text)
    OS_TickTask                              0x08011af5   Thumb Code    38  os_tick.o(.text)
    OS_TickListInit                          0x08011b1b   Thumb Code    32  os_tick.o(.text)
    OS_TickTaskInit                          0x08011b3b   Thumb Code   130  os_tick.o(.text)
    OS_TickListInsert                        0x08011bbd   Thumb Code   502  os_tick.o(.text)
    OS_TickListResetPeak                     0x08011db3   Thumb Code    28  os_tick.o(.text)
    OSTimeDly                                0x08011dd9   Thumb Code   266  os_time.o(.text)
    OSTimeDlyHMSM                            0x08011ee3   Thumb Code   480  os_time.o(.text)
    OSTimeDlyResume                          0x080120c3   Thumb Code   466  os_time.o(.text)
    OSTimeGet                                0x08012295   Thumb Code    46  os_time.o(.text)
    OSTimeSet                                0x080122c3   Thumb Code    46  os_time.o(.text)
    OSTimeTick                               0x080122f1   Thumb Code    54  os_time.o(.text)
    OS_TmrDbgListAdd                         0x0801233d   Thumb Code    34  os_tmr.o(.text)
    OSTmrCreate                              0x0801235f   Thumb Code   248  os_tmr.o(.text)
    OS_TmrClr                                0x08012457   Thumb Code    36  os_tmr.o(.text)
    OS_TmrUnlink                             0x0801247b   Thumb Code    72  os_tmr.o(.text)
    OS_TmrDbgListRemove                      0x080124c3   Thumb Code    44  os_tmr.o(.text)
    OSTmrDel                                 0x080124ef   Thumb Code   176  os_tmr.o(.text)
    OSTmrRemainGet                           0x0801259f   Thumb Code   184  os_tmr.o(.text)
    OS_TmrLink                               0x08012657   Thumb Code   196  os_tmr.o(.text)
    OSTmrStart                               0x0801271b   Thumb Code   210  os_tmr.o(.text)
    OSTmrStateGet                            0x080127ed   Thumb Code   134  os_tmr.o(.text)
    OSTmrStop                                0x08012873   Thumb Code   232  os_tmr.o(.text)
    OS_TmrTask                               0x0801295b   Thumb Code   176  os_tmr.o(.text)
    OS_TmrInit                               0x08012a0b   Thumb Code   208  os_tmr.o(.text)
    OS_TmrResetPeak                          0x08012adb   Thumb Code    28  os_tmr.o(.text)
    OSIdleTaskHook                           0x08012b55   Thumb Code    16  os_cpu_c.o(.text)
    OSInitHook                               0x08012b65   Thumb Code    28  os_cpu_c.o(.text)
    OSStatTaskHook                           0x08012b81   Thumb Code    16  os_cpu_c.o(.text)
    OSTaskCreateHook                         0x08012b91   Thumb Code    20  os_cpu_c.o(.text)
    OSTaskDelHook                            0x08012ba5   Thumb Code    20  os_cpu_c.o(.text)
    OSTaskReturnHook                         0x08012bb9   Thumb Code    20  os_cpu_c.o(.text)
    OSTaskStkInit                            0x08012bcd   Thumb Code   600  os_cpu_c.o(.text)
    OSTaskSwHook                             0x08012e25   Thumb Code   120  os_cpu_c.o(.text)
    OSTimeTickHook                           0x08012e9d   Thumb Code    16  os_cpu_c.o(.text)
    OS_CPU_SysTickHandler                    0x08012ead   Thumb Code    52  os_cpu_c.o(.text)
    OS_CPU_SysTickInit                       0x08012ee1   Thumb Code    44  os_cpu_c.o(.text)
    __use_no_semihosting                     0x08012f4d   Thumb Code     2  use_no_semi_2.o(.text)
    __aeabi_uldivmod                         0x08012f4f   Thumb Code     0  lludivv7m.o(.text)
    _ll_udiv                                 0x08012f4f   Thumb Code   238  lludivv7m.o(.text)
    __c89vsprintf                            0x0801303d   Thumb Code    32  c89vsprintf.o(.text)
    __2printf                                0x08013061   Thumb Code    20  __2printf.o(.text)
    __2sprintf                               0x08013079   Thumb Code    38  __2sprintf.o(.text)
    _printf_pre_padding                      0x080130a5   Thumb Code    46  _printf_pad.o(.text)
    _printf_post_padding                     0x080130d3   Thumb Code    36  _printf_pad.o(.text)
    _printf_str                              0x080130f7   Thumb Code    82  _printf_str.o(.text)
    _printf_int_dec                          0x08013149   Thumb Code   102  _printf_dec.o(.text)
    _printf_longlong_hex                     0x080131c1   Thumb Code    92  _printf_hex_int_ll_ptr.o(.text)
    _printf_int_hex                          0x0801321d   Thumb Code    28  _printf_hex_int_ll_ptr.o(.text)
    _printf_ll_hex                           0x08013239   Thumb Code    12  _printf_hex_int_ll_ptr.o(.text)
    _printf_hex_ptr                          0x08013245   Thumb Code    18  _printf_hex_int_ll_ptr.o(.text)
    __printf                                 0x0801325d   Thumb Code   390  __printf_flags_ss_wp.o(.text)
    strlen                                   0x080133e9   Thumb Code    62  strlen.o(.text)
    __use_two_region_memory                  0x08013427   Thumb Code     2  heapauxi.o(.text)
    __rt_heap_escrow$2region                 0x08013429   Thumb Code     2  heapauxi.o(.text)
    __rt_heap_expand$2region                 0x0801342b   Thumb Code     2  heapauxi.o(.text)
    __I$use$semihosting                      0x0801342d   Thumb Code     0  use_no_semi.o(.text)
    __use_no_semihosting_swi                 0x0801342d   Thumb Code     2  use_no_semi.o(.text)
    _printf_truncate_signed                  0x0801342f   Thumb Code    18  _printf_truncate.o(.text)
    _printf_truncate_unsigned                0x08013441   Thumb Code    18  _printf_truncate.o(.text)
    _printf_int_common                       0x08013453   Thumb Code   184  _printf_intcommon.o(.text)
    _printf_charcount                        0x0801350b   Thumb Code    42  _printf_charcount.o(.text)
    _printf_char_common                      0x0801353f   Thumb Code    32  _printf_char_common.o(.text)
    _sputc                                   0x08013565   Thumb Code    10  _sputc.o(.text)
    _printf_cs_common                        0x0801356f   Thumb Code    20  _printf_char.o(.text)
    _printf_char                             0x08013583   Thumb Code    16  _printf_char.o(.text)
    _printf_string                           0x08013593   Thumb Code     8  _printf_char.o(.text)
    _printf_char_file                        0x0801359d   Thumb Code    32  _printf_char_file.o(.text)
    _printf_wctomb                           0x080135c1   Thumb Code   182  _printf_wctomb.o(.text)
    _printf_longlong_dec                     0x0801367d   Thumb Code   104  _printf_longlong_dec.o(.text)
    _printf_longlong_oct                     0x080136f5   Thumb Code    76  _printf_oct_int_ll.o(.text)
    _printf_int_oct                          0x08013741   Thumb Code    24  _printf_oct_int_ll.o(.text)
    _printf_ll_oct                           0x08013759   Thumb Code    12  _printf_oct_int_ll.o(.text)
    _ll_udiv10                               0x0801376d   Thumb Code   138  lludiv10.o(.text)
    __lib_sel_fp_printf                      0x080137f7   Thumb Code     2  _printf_fp_dec.o(.text)
    _printf_fp_dec_real                      0x080139a3   Thumb Code   628  _printf_fp_dec.o(.text)
    _printf_lcs_common                       0x08013c17   Thumb Code    20  _printf_wchar.o(.text)
    _printf_wchar                            0x08013c2b   Thumb Code    16  _printf_wchar.o(.text)
    _printf_wstring                          0x08013c3b   Thumb Code     8  _printf_wchar.o(.text)
    ferror                                   0x08013c43   Thumb Code     8  ferror.o(.text)
    _wcrtomb                                 0x08013c4b   Thumb Code    64  _wcrtomb.o(.text)
    __user_setup_stackheap                   0x08013c8b   Thumb Code    74  sys_stackheap_outer.o(.text)
    __rt_ctype_table                         0x08013cd5   Thumb Code    16  rt_ctype_table.o(.text)
    __rt_locale                              0x08013ce5   Thumb Code     8  rt_locale_intlibspace.o(.text)
    _printf_fp_infnan                        0x08013ced   Thumb Code   112  _printf_fp_infnan.o(.text)
    _btod_etento                             0x08013d6d   Thumb Code   222  bigflt0.o(.text)
    exit                                     0x08013e51   Thumb Code    12  exit.o(.text)
    __user_libspace                          0x08013e5d   Thumb Code     8  libspace.o(.text)
    __user_perproc_libspace                  0x08013e5d   Thumb Code     0  libspace.o(.text)
    __user_perthread_libspace                0x08013e5d   Thumb Code     0  libspace.o(.text)
    strcmp                                   0x08013e65   Thumb Code   128  strcmpv7m.o(.text)
    _btod_d2e                                0x08013ee5   Thumb Code    62  btod.o(CL$$btod_d2e)
    _d2e_denorm_low                          0x08013f23   Thumb Code    70  btod.o(CL$$btod_d2e_denorm_low)
    _d2e_norm_op1                            0x08013f69   Thumb Code    96  btod.o(CL$$btod_d2e_norm_op1)
    __btod_div_common                        0x08013fc9   Thumb Code   696  btod.o(CL$$btod_div_common)
    _e2e                                     0x08014301   Thumb Code   198  btod.o(CL$$btod_e2e)
    _btod_ediv                               0x080143c7   Thumb Code    40  btod.o(CL$$btod_ediv)
    _btod_emul                               0x080143ef   Thumb Code    40  btod.o(CL$$btod_emul)
    __btod_mult_common                       0x08014417   Thumb Code   580  btod.o(CL$$btod_mult_common)
    OSStartHighRdy                           0x0801465d   Thumb Code     0  os_cpu_a.o(CODE)
    OSCtxSw                                  0x0801467f   Thumb Code     0  os_cpu_a.o(CODE)
    OSIntCtxSw                               0x08014689   Thumb Code     0  os_cpu_a.o(CODE)
    PendSV_Handler                           0x08014693   Thumb Code     0  os_cpu_a.o(CODE)
    __ARM_fpclassify                         0x08014709   Thumb Code    48  fpclassify.o(i.__ARM_fpclassify)
    _is_digit                                0x08014739   Thumb Code    14  __printf_wp.o(i._is_digit)
    _get_lc_numeric                          0x08014749   Thumb Code    44  lc_numeric_c.o(locale$$code)
    _get_lc_ctype                            0x08014775   Thumb Code    44  lc_ctype_c.o(locale$$code)
    __aeabi_d2uiz                            0x080147a1   Thumb Code     0  dfixu.o(x$fpl$dfixu)
    _dfixu                                   0x080147a1   Thumb Code    90  dfixu.o(x$fpl$dfixu)
    __aeabi_ui2d                             0x080147fb   Thumb Code     0  dflt_clz.o(x$fpl$dfltu)
    _dfltu                                   0x080147fb   Thumb Code    38  dflt_clz.o(x$fpl$dfltu)
    __aeabi_dmul                             0x08014821   Thumb Code     0  dmul.o(x$fpl$dmul)
    _dmul                                    0x08014821   Thumb Code   332  dmul.o(x$fpl$dmul)
    __fpl_dnaninf                            0x08014975   Thumb Code   156  dnaninf.o(x$fpl$dnaninf)
    __fpl_dretinf                            0x08014a11   Thumb Code    12  dretinf.o(x$fpl$dretinf)
    _fp_init                                 0x08014a1d   Thumb Code    10  fpinit.o(x$fpl$fpinit)
    __fplib_config_fpu_vfp                   0x08014a25   Thumb Code     0  fpinit.o(x$fpl$fpinit)
    __fplib_config_pureend_doubles           0x08014a25   Thumb Code     0  fpinit.o(x$fpl$fpinit)
    _printf_fp_dec                           0x08014a27   Thumb Code     4  printf1.o(x$fpl$printf1)
    __I$use$fp                               0x08014a2a   Number         0  usenofp.o(x$fpl$usenofp)
    asc2_1206                                0x08014a2a   Data        1140  lcd.o(.constdata)
    asc2_1608                                0x08014e9e   Data        1520  lcd.o(.constdata)
    asc2_2412                                0x0801548e   Data        3420  lcd.o(.constdata)
    FSMC_DefaultTimingStruct                 0x080161ec   Data          28  stm32f4xx_fsmc.o(.constdata)
    CPU_EndiannessTest                       0x08016308   Data           4  cpu_core.o(.constdata)
    OSCfg_IdleTaskStkBasePtr                 0x080163a0   Data           4  os_cfg_app.o(.constdata)
    OSCfg_IdleTaskStkLimit                   0x080163a4   Data           4  os_cfg_app.o(.constdata)
    OSCfg_IdleTaskStkSize                    0x080163a8   Data           4  os_cfg_app.o(.constdata)
    OSCfg_IdleTaskStkSizeRAM                 0x080163ac   Data           4  os_cfg_app.o(.constdata)
    OSCfg_IntQBasePtr                        0x080163b0   Data           4  os_cfg_app.o(.constdata)
    OSCfg_IntQSize                           0x080163b4   Data           2  os_cfg_app.o(.constdata)
    OSCfg_IntQSizeRAM                        0x080163b8   Data           4  os_cfg_app.o(.constdata)
    OSCfg_IntQTaskStkBasePtr                 0x080163bc   Data           4  os_cfg_app.o(.constdata)
    OSCfg_IntQTaskStkLimit                   0x080163c0   Data           4  os_cfg_app.o(.constdata)
    OSCfg_IntQTaskStkSize                    0x080163c4   Data           4  os_cfg_app.o(.constdata)
    OSCfg_IntQTaskStkSizeRAM                 0x080163c8   Data           4  os_cfg_app.o(.constdata)
    OSCfg_ISRStkBasePtr                      0x080163cc   Data           4  os_cfg_app.o(.constdata)
    OSCfg_ISRStkSize                         0x080163d0   Data           4  os_cfg_app.o(.constdata)
    OSCfg_ISRStkSizeRAM                      0x080163d4   Data           4  os_cfg_app.o(.constdata)
    OSCfg_MsgPoolSize                        0x080163d8   Data           2  os_cfg_app.o(.constdata)
    OSCfg_MsgPoolSizeRAM                     0x080163dc   Data           4  os_cfg_app.o(.constdata)
    OSCfg_MsgPoolBasePtr                     0x080163e0   Data           4  os_cfg_app.o(.constdata)
    OSCfg_StatTaskPrio                       0x080163e4   Data           1  os_cfg_app.o(.constdata)
    OSCfg_StatTaskRate_Hz                    0x080163e8   Data           4  os_cfg_app.o(.constdata)
    OSCfg_StatTaskStkBasePtr                 0x080163ec   Data           4  os_cfg_app.o(.constdata)
    OSCfg_StatTaskStkLimit                   0x080163f0   Data           4  os_cfg_app.o(.constdata)
    OSCfg_StatTaskStkSize                    0x080163f4   Data           4  os_cfg_app.o(.constdata)
    OSCfg_StatTaskStkSizeRAM                 0x080163f8   Data           4  os_cfg_app.o(.constdata)
    OSCfg_StkSizeMin                         0x080163fc   Data           4  os_cfg_app.o(.constdata)
    OSCfg_TickRate_Hz                        0x08016400   Data           4  os_cfg_app.o(.constdata)
    OSCfg_TickTaskPrio                       0x08016404   Data           1  os_cfg_app.o(.constdata)
    OSCfg_TickTaskStkBasePtr                 0x08016408   Data           4  os_cfg_app.o(.constdata)
    OSCfg_TickTaskStkLimit                   0x0801640c   Data           4  os_cfg_app.o(.constdata)
    OSCfg_TickTaskStkSize                    0x08016410   Data           4  os_cfg_app.o(.constdata)
    OSCfg_TickTaskStkSizeRAM                 0x08016414   Data           4  os_cfg_app.o(.constdata)
    OSCfg_TickWheelSize                      0x08016418   Data           2  os_cfg_app.o(.constdata)
    OSCfg_TickWheelSizeRAM                   0x0801641c   Data           4  os_cfg_app.o(.constdata)
    OSCfg_TmrTaskPrio                        0x08016420   Data           1  os_cfg_app.o(.constdata)
    OSCfg_TmrTaskRate_Hz                     0x08016424   Data           4  os_cfg_app.o(.constdata)
    OSCfg_TmrTaskStkBasePtr                  0x08016428   Data           4  os_cfg_app.o(.constdata)
    OSCfg_TmrTaskStkLimit                    0x0801642c   Data           4  os_cfg_app.o(.constdata)
    OSCfg_TmrTaskStkSize                     0x08016430   Data           4  os_cfg_app.o(.constdata)
    OSCfg_TmrTaskStkSizeRAM                  0x08016434   Data           4  os_cfg_app.o(.constdata)
    OSCfg_TmrWheelSize                       0x08016438   Data           2  os_cfg_app.o(.constdata)
    OSCfg_TmrWheelSizeRAM                    0x0801643c   Data           4  os_cfg_app.o(.constdata)
    OSCfg_DataSizeRAM                        0x08016440   Data           4  os_cfg_app.o(.constdata)
    OSDbg_DbgEn                              0x08016444   Data           2  os_dbg.o(.constdata)
    OSDbg_ArgChkEn                           0x08016446   Data           1  os_dbg.o(.constdata)
    OSDbg_AppHooksEn                         0x08016447   Data           1  os_dbg.o(.constdata)
    OSDbg_EndiannessTest                     0x08016448   Data           4  os_dbg.o(.constdata)
    OSDbg_CalledFromISRChkEn                 0x0801644c   Data           1  os_dbg.o(.constdata)
    OSDbg_FlagEn                             0x0801644d   Data           1  os_dbg.o(.constdata)
    OSDbg_FlagGrp                            0x08016450   Data          40  os_dbg.o(.constdata)
    OSDbg_FlagDelEn                          0x08016478   Data           1  os_dbg.o(.constdata)
    OSDbg_FlagModeClrEn                      0x08016479   Data           1  os_dbg.o(.constdata)
    OSDbg_FlagPendAbortEn                    0x0801647a   Data           1  os_dbg.o(.constdata)
    OSDbg_FlagGrpSize                        0x0801647c   Data           2  os_dbg.o(.constdata)
    OSDbg_FlagWidth                          0x0801647e   Data           2  os_dbg.o(.constdata)
    OSDbg_IntQ                               0x08016480   Data           2  os_dbg.o(.constdata)
    OSDbg_ISRPostDeferredEn                  0x08016482   Data           1  os_dbg.o(.constdata)
    OSDbg_Mem                                0x08016484   Data          32  os_dbg.o(.constdata)
    OSDbg_MemEn                              0x080164a4   Data           1  os_dbg.o(.constdata)
    OSDbg_MemSize                            0x080164a6   Data           2  os_dbg.o(.constdata)
    OSDbg_MsgEn                              0x080164a8   Data           1  os_dbg.o(.constdata)
    OSDbg_MsgSize                            0x080164aa   Data           2  os_dbg.o(.constdata)
    OSDbg_MsgPoolSize                        0x080164ac   Data           2  os_dbg.o(.constdata)
    OSDbg_MsgQSize                           0x080164ae   Data           2  os_dbg.o(.constdata)
    OSDbg_Mutex                              0x080164b0   Data          44  os_dbg.o(.constdata)
    OSDbg_MutexEn                            0x080164dc   Data           1  os_dbg.o(.constdata)
    OSDbg_MutexDelEn                         0x080164dd   Data           1  os_dbg.o(.constdata)
    OSDbg_MutexPendAbortEn                   0x080164de   Data           1  os_dbg.o(.constdata)
    OSDbg_MutexSize                          0x080164e0   Data           2  os_dbg.o(.constdata)
    OSDbg_ObjTypeChkEn                       0x080164e2   Data           1  os_dbg.o(.constdata)
    OSDbg_PendMultiEn                        0x080164e3   Data           1  os_dbg.o(.constdata)
    OSDbg_PendDataSize                       0x080164e4   Data           2  os_dbg.o(.constdata)
    OSDbg_PendListSize                       0x080164e6   Data           2  os_dbg.o(.constdata)
    OSDbg_PendObjSize                        0x080164e8   Data           2  os_dbg.o(.constdata)
    OSDbg_PrioMax                            0x080164ea   Data           2  os_dbg.o(.constdata)
    OSDbg_PrioTblSize                        0x080164ec   Data           2  os_dbg.o(.constdata)
    OSDbg_PtrSize                            0x080164ee   Data           2  os_dbg.o(.constdata)
    OSDbg_Q                                  0x080164f0   Data          48  os_dbg.o(.constdata)
    OSDbg_QEn                                0x08016520   Data           1  os_dbg.o(.constdata)
    OSDbg_QDelEn                             0x08016521   Data           1  os_dbg.o(.constdata)
    OSDbg_QFlushEn                           0x08016522   Data           1  os_dbg.o(.constdata)
    OSDbg_QPendAbortEn                       0x08016523   Data           1  os_dbg.o(.constdata)
    OSDbg_QSize                              0x08016524   Data           2  os_dbg.o(.constdata)
    OSDbg_SchedRoundRobinEn                  0x08016526   Data           1  os_dbg.o(.constdata)
    OSDbg_Sem                                0x08016528   Data          40  os_dbg.o(.constdata)
    OSDbg_SemEn                              0x08016550   Data           1  os_dbg.o(.constdata)
    OSDbg_SemDelEn                           0x08016551   Data           1  os_dbg.o(.constdata)
    OSDbg_SemPendAbortEn                     0x08016552   Data           1  os_dbg.o(.constdata)
    OSDbg_SemSetEn                           0x08016553   Data           1  os_dbg.o(.constdata)
    OSDbg_SemSize                            0x08016554   Data           2  os_dbg.o(.constdata)
    OSDbg_RdyList                            0x08016556   Data           2  os_dbg.o(.constdata)
    OSDbg_RdyListSize                        0x08016558   Data           4  os_dbg.o(.constdata)
    OSDbg_StkWidth                           0x0801655c   Data           1  os_dbg.o(.constdata)
    OSDbg_StatTaskEn                         0x0801655d   Data           1  os_dbg.o(.constdata)
    OSDbg_StatTaskStkChkEn                   0x0801655e   Data           1  os_dbg.o(.constdata)
    OSDbg_TaskChangePrioEn                   0x0801655f   Data           1  os_dbg.o(.constdata)
    OSDbg_TaskDelEn                          0x08016560   Data           1  os_dbg.o(.constdata)
    OSDbg_TaskQEn                            0x08016561   Data           1  os_dbg.o(.constdata)
    OSDbg_TaskQPendAbortEn                   0x08016562   Data           1  os_dbg.o(.constdata)
    OSDbg_TaskProfileEn                      0x08016563   Data           1  os_dbg.o(.constdata)
    OSDbg_TaskRegTblSize                     0x08016564   Data           2  os_dbg.o(.constdata)
    OSDbg_TaskSemPendAbortEn                 0x08016566   Data           1  os_dbg.o(.constdata)
    OSDbg_TaskSuspendEn                      0x08016567   Data           1  os_dbg.o(.constdata)
    OSDbg_TCBSize                            0x08016568   Data           2  os_dbg.o(.constdata)
    OSDbg_TickSpokeSize                      0x0801656a   Data           2  os_dbg.o(.constdata)
    OSDbg_TimeDlyHMSMEn                      0x0801656c   Data           1  os_dbg.o(.constdata)
    OSDbg_TimeDlyResumeEn                    0x0801656d   Data           1  os_dbg.o(.constdata)
    OSDbg_TLS_TblSize                        0x0801656e   Data           2  os_dbg.o(.constdata)
    OSDbg_Tmr                                0x08016570   Data          52  os_dbg.o(.constdata)
    OSDbg_TmrEn                              0x080165a4   Data           1  os_dbg.o(.constdata)
    OSDbg_TmrDelEn                           0x080165a5   Data           1  os_dbg.o(.constdata)
    OSDbg_TmrSize                            0x080165a6   Data           2  os_dbg.o(.constdata)
    OSDbg_TmrSpokeSize                       0x080165a8   Data           2  os_dbg.o(.constdata)
    OSDbg_VersionNbr                         0x080165aa   Data           2  os_dbg.o(.constdata)
    OSDbg_DataSize                           0x080165ac   Data           4  os_dbg.o(.constdata)
    Region$$Table$$Base                      0x08016918   Number         0  anon$$obj.o(Region$$Table)
    Region$$Table$$Limit                     0x08016938   Number         0  anon$$obj.o(Region$$Table)
    __ctype                                  0x08016961   Data           0  lc_ctype_c.o(locale$$data)
    mem3base                                 0x10000000   Data       61440  malloc.o(.ARM.__AT_0x10000000)
    mem3mapbase                              0x1000f000   Data        3840  malloc.o(.ARM.__AT_0x1000F000)
    SystemCoreClock                          0x20000000   Data           4  system_stm32f4xx.o(.data)
    AHBPrescTable                            0x20000004   Data          16  system_stm32f4xx.o(.data)
    USART_RX_STA                             0x20000018   Data           2  usart.o(.data)
    __stdout                                 0x2000001c   Data           4  usart.o(.data)
    POINT_COLOR                              0x20000020   Data           2  lcd.o(.data)
    BACK_COLOR                               0x20000022   Data           2  lcd.o(.data)
    RmtSta                                   0x20000024   Data           1  remote.o(.data)
    RmtRec                                   0x20000028   Data           4  remote.o(.data)
    RmtCnt                                   0x2000002c   Data           1  remote.o(.data)
    Dval                                     0x2000002e   Data           2  remote.o(.data)
    USART3_RX_STA                            0x20000030   Data           2  usart3.o(.data)
    RS485_RX_CNT                             0x20000032   Data           1  rs485.o(.data)
    TIM5CH1_CAPTURE_STA                      0x20000034   Data           1  timer.o(.data)
    TIM5CH1_CAPTURE_VAL                      0x20000038   Data           4  timer.o(.data)
    sys_cmd_tab                              0x20000040   Data          28  usmart.o(.data)
    usmart_nametab                           0x2000005c   Data         120  usmart_config.o(.data)
    usmart_dev                               0x200000d4   Data         244  usmart_config.o(.data)
    CPU_TS_TmrFreq_Hz                        0x200001d8   Data           4  cpu_core.o(.data)
    Mem_PoolTbl                              0x200001dc   Data           4  lib_mem.o(.data)
    OSPrioTbl                                0x200001e0   Data           8  os_prio.o(.data)
    OS_AppTaskCreateHookPtr                  0x200001e8   Data           4  os_var.o(.data)
    OS_AppTaskDelHookPtr                     0x200001ec   Data           4  os_var.o(.data)
    OS_AppTaskReturnHookPtr                  0x200001f0   Data           4  os_var.o(.data)
    OS_AppIdleTaskHookPtr                    0x200001f4   Data           4  os_var.o(.data)
    OS_AppStatTaskHookPtr                    0x200001f8   Data           4  os_var.o(.data)
    OS_AppTaskSwHookPtr                      0x200001fc   Data           4  os_var.o(.data)
    OS_AppTimeTickHookPtr                    0x20000200   Data           4  os_var.o(.data)
    OSIdleTaskCtr                            0x20000204   Data           4  os_var.o(.data)
    OSIntNestingCtr                          0x20000208   Data           1  os_var.o(.data)
    OSRunning                                0x20000209   Data           1  os_var.o(.data)
    OSIntQInPtr                              0x2000020c   Data           4  os_var.o(.data)
    OSIntQOutPtr                             0x20000210   Data           4  os_var.o(.data)
    OSIntQNbrEntries                         0x20000214   Data           2  os_var.o(.data)
    OSIntQNbrEntriesMax                      0x20000216   Data           2  os_var.o(.data)
    OSIntQOvfCtr                             0x20000218   Data           2  os_var.o(.data)
    OSIntQTaskTimeMax                        0x2000021c   Data           4  os_var.o(.data)
    OSFlagDbgListPtr                         0x20000220   Data           4  os_var.o(.data)
    OSFlagQty                                0x20000224   Data           2  os_var.o(.data)
    OSMemDbgListPtr                          0x20000228   Data           4  os_var.o(.data)
    OSMemQty                                 0x2000022c   Data           2  os_var.o(.data)
    OSMutexDbgListPtr                        0x20000230   Data           4  os_var.o(.data)
    OSMutexQty                               0x20000234   Data           2  os_var.o(.data)
    OSPrioCur                                0x20000236   Data           1  os_var.o(.data)
    OSPrioHighRdy                            0x20000237   Data           1  os_var.o(.data)
    OSPrioSaved                              0x20000238   Data           1  os_var.o(.data)
    OSQDbgListPtr                            0x2000023c   Data           4  os_var.o(.data)
    OSQQty                                   0x20000240   Data           2  os_var.o(.data)
    OSSchedLockTimeBegin                     0x20000244   Data           4  os_var.o(.data)
    OSSchedLockTimeMax                       0x20000248   Data           4  os_var.o(.data)
    OSSchedLockTimeMaxCur                    0x2000024c   Data           4  os_var.o(.data)
    OSSchedLockNestingCtr                    0x20000250   Data           1  os_var.o(.data)
    OSSchedRoundRobinDfltTimeQuanta          0x20000254   Data           4  os_var.o(.data)
    OSSchedRoundRobinEn                      0x20000258   Data           1  os_var.o(.data)
    OSSemDbgListPtr                          0x2000025c   Data           4  os_var.o(.data)
    OSSemQty                                 0x20000260   Data           2  os_var.o(.data)
    OSStatResetFlag                          0x20000262   Data           1  os_var.o(.data)
    OSStatTaskCPUUsage                       0x20000264   Data           2  os_var.o(.data)
    OSStatTaskCPUUsageMax                    0x20000266   Data           2  os_var.o(.data)
    OSStatTaskCtr                            0x20000268   Data           4  os_var.o(.data)
    OSStatTaskCtrMax                         0x2000026c   Data           4  os_var.o(.data)
    OSStatTaskCtrRun                         0x20000270   Data           4  os_var.o(.data)
    OSStatTaskRdy                            0x20000274   Data           1  os_var.o(.data)
    OSStatTaskTimeMax                        0x20000278   Data           4  os_var.o(.data)
    OSTaskCtxSwCtr                           0x2000027c   Data           4  os_var.o(.data)
    OSTaskDbgListPtr                         0x20000280   Data           4  os_var.o(.data)
    OSTaskQty                                0x20000284   Data           2  os_var.o(.data)
    OSTaskRegNextAvailID                     0x20000286   Data           1  os_var.o(.data)
    OSTickCtr                                0x20000288   Data           4  os_var.o(.data)
    OSTickTaskTimeMax                        0x2000028c   Data           4  os_var.o(.data)
    OSTmrDbgListPtr                          0x20000290   Data           4  os_var.o(.data)
    OSTmrQty                                 0x20000294   Data           2  os_var.o(.data)
    OSTmrTaskTimeMax                         0x20000298   Data           4  os_var.o(.data)
    OSTmrTickCtr                             0x2000029c   Data           4  os_var.o(.data)
    OSTmrUpdateCnt                           0x200002a0   Data           4  os_var.o(.data)
    OSTmrUpdateCtr                           0x200002a4   Data           4  os_var.o(.data)
    OSTCBCurPtr                              0x200002a8   Data           4  os_var.o(.data)
    OSTCBHighRdyPtr                          0x200002ac   Data           4  os_var.o(.data)
    OS_CPU_ExceptStkBase                     0x200002b0   Data           4  os_cpu_c.o(.data)
    StartTaskTCB                             0x200002b4   Data         196  main.o(.bss)
    START_TASK_STK                           0x20000378   Data         512  main.o(.bss)
    Task_DHT11_TaskTCB                       0x20000578   Data         196  main.o(.bss)
    TASK_DHT11_TASK_STK                      0x2000063c   Data         512  main.o(.bss)
    Task2_TaskTCB                            0x2000083c   Data         196  main.o(.bss)
    TASK2_TASK_STK                           0x20000900   Data         512  main.o(.bss)
    lcd_id                                   0x20000b00   Data          12  main.o(.bss)
    USART_RX_BUF                             0x20000b0c   Data         200  usart.o(.bss)
    lcddev                                   0x20000bd4   Data          14  lcd.o(.bss)
    USART3_TX_BUF                            0x20000be8   Data         400  usart3.o(.bss)
    USART3_RX_BUF                            0x20000d78   Data         400  usart3.o(.bss)
    RS485_RX_BUF                             0x20000f08   Data          64  rs485.o(.bss)
    TIM5_ICInitStructure                     0x20000f48   Data          10  timer.o(.bss)
    CPU_Name                                 0x20000f52   Data          16  cpu_core.o(.bss)
    Mem_PoolHeap                             0x20000f64   Data          72  lib_mem.o(.bss)
    Mem_Heap                                 0x20000fac   Data        1024  lib_mem.o(.bss)
    OSCfg_IdleTaskStk                        0x200013ac   Data         512  os_cfg_app.o(.bss)
    OSCfg_IntQ                               0x200015ac   Data         320  os_cfg_app.o(.bss)
    OSCfg_IntQTaskStk                        0x200016ec   Data         512  os_cfg_app.o(.bss)
    OSCfg_ISRStk                             0x200018ec   Data         512  os_cfg_app.o(.bss)
    OSCfg_MsgPool                            0x20001aec   Data        1600  os_cfg_app.o(.bss)
    OSCfg_StatTaskStk                        0x2000212c   Data         512  os_cfg_app.o(.bss)
    OSCfg_TickTaskStk                        0x2000232c   Data         512  os_cfg_app.o(.bss)
    OSCfg_TickWheel                          0x2000252c   Data         136  os_cfg_app.o(.bss)
    OSCfg_TmrTaskStk                         0x200025b4   Data         512  os_cfg_app.o(.bss)
    OSCfg_TmrWheel                           0x200027b4   Data         136  os_cfg_app.o(.bss)
    OSIdleTaskTCB                            0x2000283c   Data         196  os_var.o(.bss)
    OSIntQTaskTCB                            0x20002900   Data         196  os_var.o(.bss)
    OSMsgPool                                0x200029c4   Data          12  os_var.o(.bss)
    OSRdyList                                0x200029d0   Data         768  os_var.o(.bss)
    OSStatTaskTCB                            0x20002cd0   Data         196  os_var.o(.bss)
    OSTickTaskTCB                            0x20002d94   Data         196  os_var.o(.bss)
    OSTmrTaskTCB                             0x20002e58   Data         196  os_var.o(.bss)
    __libspace_start                         0x20002f1c   Data          96  libspace.o(.bss)
    __temporary_stack_top$libspace           0x20002f7c   Data           0  libspace.o(.bss)
    mem2base                                 0x68000000   Data       983040  malloc.o(.ARM.__AT_0x68000000)
    mem2mapbase                              0x680f0000   Data       61440  malloc.o(.ARM.__AT_0x680F0000)



==============================================================================

Memory Map of the image

  Image Entry point : 0x08000189

  Load Region LR_IROM1 (Base: 0x08000000, Size: 0x00016d18, Max: 0x00100000, ABSOLUTE, COMPRESSED[0x00016b1c])

    Execution Region ER_IROM1 (Base: 0x08000000, Size: 0x00016a64, Max: 0x00100000, ABSOLUTE)

    Base Addr    Size         Type   Attr      Idx    E Section Name        Object

    0x08000000   0x00000188   Data   RO          309    RESET               startup_stm32f40_41xxx.o
    0x08000188   0x00000008   Code   RO         1883  * !!!main             c_w.l(__main.o)
    0x08000190   0x00000034   Code   RO         2169    !!!scatter          c_w.l(__scatter.o)
    0x080001c4   0x0000005a   Code   RO         2167    !!dczerorl2         c_w.l(__dczerorl2.o)
    0x0800021e   0x00000002   PAD
    0x08000220   0x0000001c   Code   RO         2171    !!handler_zi        c_w.l(__scatter_zi.o)
    0x0800023c   0x00000000   Code   RO         1878    .ARM.Collect$$_printf_percent$$00000000  c_w.l(_printf_percent.o)
    0x0800023c   0x00000006   Code   RO         1929    .ARM.Collect$$_printf_percent$$00000001  c_w.l(_printf_n.o)
    0x08000242   0x00000006   Code   RO         1930    .ARM.Collect$$_printf_percent$$00000002  c_w.l(_printf_p.o)
    0x08000248   0x00000006   Code   RO         1933    .ARM.Collect$$_printf_percent$$00000003  c_w.l(_printf_f.o)
    0x0800024e   0x00000006   Code   RO         1934    .ARM.Collect$$_printf_percent$$00000004  c_w.l(_printf_e.o)
    0x08000254   0x00000006   Code   RO         1935    .ARM.Collect$$_printf_percent$$00000005  c_w.l(_printf_g.o)
    0x0800025a   0x00000006   Code   RO         1936    .ARM.Collect$$_printf_percent$$00000006  c_w.l(_printf_a.o)
    0x08000260   0x0000000a   Code   RO         1941    .ARM.Collect$$_printf_percent$$00000007  c_w.l(_printf_ll.o)
    0x0800026a   0x00000006   Code   RO         1932    .ARM.Collect$$_printf_percent$$00000008  c_w.l(_printf_i.o)
    0x08000270   0x00000006   Code   RO         1876    .ARM.Collect$$_printf_percent$$00000009  c_w.l(_printf_d.o)
    0x08000276   0x00000006   Code   RO         1877    .ARM.Collect$$_printf_percent$$0000000A  c_w.l(_printf_u.o)
    0x0800027c   0x00000006   Code   RO         1931    .ARM.Collect$$_printf_percent$$0000000B  c_w.l(_printf_o.o)
    0x08000282   0x00000006   Code   RO         1875    .ARM.Collect$$_printf_percent$$0000000C  c_w.l(_printf_x.o)
    0x08000288   0x00000006   Code   RO         1938    .ARM.Collect$$_printf_percent$$0000000D  c_w.l(_printf_lli.o)
    0x0800028e   0x00000006   Code   RO         1939    .ARM.Collect$$_printf_percent$$0000000E  c_w.l(_printf_lld.o)
    0x08000294   0x00000006   Code   RO         1940    .ARM.Collect$$_printf_percent$$0000000F  c_w.l(_printf_llu.o)
    0x0800029a   0x00000006   Code   RO         1945    .ARM.Collect$$_printf_percent$$00000010  c_w.l(_printf_llo.o)
    0x080002a0   0x00000006   Code   RO         1946    .ARM.Collect$$_printf_percent$$00000011  c_w.l(_printf_llx.o)
    0x080002a6   0x0000000a   Code   RO         1942    .ARM.Collect$$_printf_percent$$00000012  c_w.l(_printf_l.o)
    0x080002b0   0x00000006   Code   RO         1873    .ARM.Collect$$_printf_percent$$00000013  c_w.l(_printf_c.o)
    0x080002b6   0x00000006   Code   RO         1874    .ARM.Collect$$_printf_percent$$00000014  c_w.l(_printf_s.o)
    0x080002bc   0x00000006   Code   RO         1943    .ARM.Collect$$_printf_percent$$00000015  c_w.l(_printf_lc.o)
    0x080002c2   0x00000006   Code   RO         1944    .ARM.Collect$$_printf_percent$$00000016  c_w.l(_printf_ls.o)
    0x080002c8   0x00000004   Code   RO         1937    .ARM.Collect$$_printf_percent$$00000017  c_w.l(_printf_percent_end.o)
    0x080002cc   0x00000002   Code   RO         2035    .ARM.Collect$$libinit$$00000000  c_w.l(libinit.o)
    0x080002ce   0x00000004   Code   RO         2056    .ARM.Collect$$libinit$$00000001  c_w.l(libinit2.o)
    0x080002d2   0x00000000   Code   RO         2060    .ARM.Collect$$libinit$$00000008  c_w.l(libinit2.o)
    0x080002d2   0x00000000   Code   RO         2062    .ARM.Collect$$libinit$$0000000A  c_w.l(libinit2.o)
    0x080002d2   0x00000000   Code   RO         2064    .ARM.Collect$$libinit$$0000000C  c_w.l(libinit2.o)
    0x080002d2   0x00000006   Code   RO         2065    .ARM.Collect$$libinit$$0000000D  c_w.l(libinit2.o)
    0x080002d8   0x00000000   Code   RO         2067    .ARM.Collect$$libinit$$0000000F  c_w.l(libinit2.o)
    0x080002d8   0x0000000c   Code   RO         2068    .ARM.Collect$$libinit$$00000010  c_w.l(libinit2.o)
    0x080002e4   0x00000000   Code   RO         2069    .ARM.Collect$$libinit$$00000011  c_w.l(libinit2.o)
    0x080002e4   0x00000000   Code   RO         2071    .ARM.Collect$$libinit$$00000013  c_w.l(libinit2.o)
    0x080002e4   0x0000000a   Code   RO         2072    .ARM.Collect$$libinit$$00000014  c_w.l(libinit2.o)
    0x080002ee   0x00000000   Code   RO         2073    .ARM.Collect$$libinit$$00000015  c_w.l(libinit2.o)
    0x080002ee   0x00000000   Code   RO         2075    .ARM.Collect$$libinit$$00000017  c_w.l(libinit2.o)
    0x080002ee   0x00000000   Code   RO         2077    .ARM.Collect$$libinit$$00000019  c_w.l(libinit2.o)
    0x080002ee   0x00000000   Code   RO         2079    .ARM.Collect$$libinit$$0000001B  c_w.l(libinit2.o)
    0x080002ee   0x00000000   Code   RO         2081    .ARM.Collect$$libinit$$0000001D  c_w.l(libinit2.o)
    0x080002ee   0x00000000   Code   RO         2083    .ARM.Collect$$libinit$$0000001F  c_w.l(libinit2.o)
    0x080002ee   0x00000000   Code   RO         2085    .ARM.Collect$$libinit$$00000021  c_w.l(libinit2.o)
    0x080002ee   0x00000000   Code   RO         2087    .ARM.Collect$$libinit$$00000023  c_w.l(libinit2.o)
    0x080002ee   0x00000000   Code   RO         2091    .ARM.Collect$$libinit$$0000002A  c_w.l(libinit2.o)
    0x080002ee   0x00000000   Code   RO         2093    .ARM.Collect$$libinit$$0000002C  c_w.l(libinit2.o)
    0x080002ee   0x00000000   Code   RO         2095    .ARM.Collect$$libinit$$0000002E  c_w.l(libinit2.o)
    0x080002ee   0x00000000   Code   RO         2097    .ARM.Collect$$libinit$$00000030  c_w.l(libinit2.o)
    0x080002ee   0x00000002   Code   RO         2098    .ARM.Collect$$libinit$$00000031  c_w.l(libinit2.o)
    0x080002f0   0x00000002   Code   RO         2124    .ARM.Collect$$libshutdown$$00000000  c_w.l(libshutdown.o)
    0x080002f2   0x00000000   Code   RO         2152    .ARM.Collect$$libshutdown$$00000003  c_w.l(libshutdown2.o)
    0x080002f2   0x00000000   Code   RO         2155    .ARM.Collect$$libshutdown$$00000006  c_w.l(libshutdown2.o)
    0x080002f2   0x00000000   Code   RO         2158    .ARM.Collect$$libshutdown$$00000009  c_w.l(libshutdown2.o)
    0x080002f2   0x00000000   Code   RO         2160    .ARM.Collect$$libshutdown$$0000000B  c_w.l(libshutdown2.o)
    0x080002f2   0x00000000   Code   RO         2163    .ARM.Collect$$libshutdown$$0000000E  c_w.l(libshutdown2.o)
    0x080002f2   0x00000002   Code   RO         2164    .ARM.Collect$$libshutdown$$0000000F  c_w.l(libshutdown2.o)
    0x080002f4   0x00000000   Code   RO         1899    .ARM.Collect$$rtentry$$00000000  c_w.l(rtentry.o)
    0x080002f4   0x00000000   Code   RO         1955    .ARM.Collect$$rtentry$$00000002  c_w.l(rtentry2.o)
    0x080002f4   0x00000006   Code   RO         1967    .ARM.Collect$$rtentry$$00000004  c_w.l(rtentry4.o)
    0x080002fa   0x00000000   Code   RO         1957    .ARM.Collect$$rtentry$$00000009  c_w.l(rtentry2.o)
    0x080002fa   0x00000004   Code   RO         1958    .ARM.Collect$$rtentry$$0000000A  c_w.l(rtentry2.o)
    0x080002fe   0x00000000   Code   RO         1960    .ARM.Collect$$rtentry$$0000000C  c_w.l(rtentry2.o)
    0x080002fe   0x00000008   Code   RO         1961    .ARM.Collect$$rtentry$$0000000D  c_w.l(rtentry2.o)
    0x08000306   0x00000002   Code   RO         2043    .ARM.Collect$$rtexit$$00000000  c_w.l(rtexit.o)
    0x08000308   0x00000000   Code   RO         2100    .ARM.Collect$$rtexit$$00000002  c_w.l(rtexit2.o)
    0x08000308   0x00000004   Code   RO         2101    .ARM.Collect$$rtexit$$00000003  c_w.l(rtexit2.o)
    0x0800030c   0x00000006   Code   RO         2102    .ARM.Collect$$rtexit$$00000004  c_w.l(rtexit2.o)
    0x08000312   0x00000002   PAD
    0x08000314   0x000005e4   Code   RO            3    .text               main.o
    0x080008f8   0x00000016   Code   RO          234    .text               stm32f4xx_it.o
    0x0800090e   0x00000002   PAD
    0x08000910   0x0000020c   Code   RO          283    .text               system_stm32f4xx.o
    0x08000b1c   0x00000040   Code   RO          310    .text               startup_stm32f40_41xxx.o
    0x08000b5c   0x00000148   Code   RO          316    .text               delay.o
    0x08000ca4   0x00000158   Code   RO          356    .text               usart.o
    0x08000dfc   0x00000040   Code   RO          387    .text               beep.o
    0x08000e3c   0x00004c8e   Code   RO          407    .text               lcd.o
    0x08005aca   0x00000002   PAD
    0x08005acc   0x00000040   Code   RO          445    .text               led.o
    0x08005b0c   0x000002dc   Code   RO          492    .text               remote.o
    0x08005de8   0x00000184   Code   RO          548    .text               usart3.o
    0x08005f6c   0x000001b0   Code   RO          609    .text               rs485.o
    0x0800611c   0x00000278   Code   RO          679    .text               timer.o
    0x08006394   0x00000194   Code   RO          721    .text               dht11.o
    0x08006528   0x00000104   Code   RO          744    .text               key.o
    0x0800662c   0x00000c34   Code   RO          765    .text               usmart.o
    0x08007260   0x00000528   Code   RO          817    .text               usmart_str.o
    0x08007788   0x000000e4   Code   RO          869    .text               misc.o
    0x0800786c   0x000005dc   Code   RO         1095    .text               stm32f4xx_fsmc.o
    0x08007e48   0x00000294   Code   RO         1118    .text               stm32f4xx_gpio.o
    0x080080dc   0x0000065c   Code   RO         1221    .text               stm32f4xx_rcc.o
    0x08008738   0x00000ca2   Code   RO         1343    .text               stm32f4xx_tim.o
    0x080093da   0x00000002   PAD
    0x080093dc   0x00000454   Code   RO         1363    .text               stm32f4xx_usart.o
    0x08009830   0x00000084   Code   RO         1403    .text               bsp.o
    0x080098b4   0x000002b0   Code   RO         1424    .text               cpu_core.o
    0x08009b64   0x00000034   Code   RO         1456    .text               cpu_a.o
    0x08009b98   0x00000256   Code   RO         1459    .text               lib_ascii.o
    0x08009dee   0x00000002   PAD
    0x08009df0   0x000009c6   Code   RO         1492    .text               lib_mem.o
    0x0800a7b6   0x00000002   PAD
    0x0800a7b8   0x0000092c   Code   RO         1511    .text               lib_str.o
    0x0800b0e4   0x00000220   Code   RO         1528    .text               lib_mem_a.o
    0x0800b304   0x000000fc   Code   RO         1531    .text               os_cfg_app.o
    0x0800b400   0x00000e10   Code   RO         1554    .text               os_core.o
    0x0800c210   0x000001b0   Code   RO         1566    .text               os_dbg.o
    0x0800c3c0   0x00000e34   Code   RO         1581    .text               os_flag.o
    0x0800d1f4   0x00000438   Code   RO         1593    .text               os_int.o
    0x0800d62c   0x00000238   Code   RO         1605    .text               os_mem.o
    0x0800d864   0x00000228   Code   RO         1617    .text               os_msg.o
    0x0800da8c   0x00000ad4   Code   RO         1629    .text               os_mutex.o
    0x0800e560   0x0000007c   Code   RO         1647    .text               os_prio.o
    0x0800e5dc   0x000008d4   Code   RO         1666    .text               os_q.o
    0x0800eeb0   0x00000830   Code   RO         1678    .text               os_sem.o
    0x0800f6e0   0x00000640   Code   RO         1690    .text               os_stat.o
    0x0800fd20   0x00001bb0   Code   RO         1702    .text               os_task.o
    0x080118d0   0x00000508   Code   RO         1714    .text               os_tick.o
    0x08011dd8   0x00000564   Code   RO         1726    .text               os_time.o
    0x0801233c   0x00000818   Code   RO         1738    .text               os_tmr.o
    0x08012b54   0x000003f8   Code   RO         1769    .text               os_cpu_c.o
    0x08012f4c   0x00000002   Code   RO         1810    .text               c_w.l(use_no_semi_2.o)
    0x08012f4e   0x000000ee   Code   RO         1812    .text               c_w.l(lludivv7m.o)
    0x0801303c   0x00000024   Code   RO         1814    .text               c_w.l(c89vsprintf.o)
    0x08013060   0x00000018   Code   RO         1816    .text               c_w.l(__2printf.o)
    0x08013078   0x0000002c   Code   RO         1818    .text               c_w.l(__2sprintf.o)
    0x080130a4   0x00000052   Code   RO         1826    .text               c_w.l(_printf_pad.o)
    0x080130f6   0x00000052   Code   RO         1828    .text               c_w.l(_printf_str.o)
    0x08013148   0x00000078   Code   RO         1830    .text               c_w.l(_printf_dec.o)
    0x080131c0   0x0000009c   Code   RO         1850    .text               c_w.l(_printf_hex_int_ll_ptr.o)
    0x0801325c   0x0000018c   Code   RO         1870    .text               c_w.l(__printf_flags_ss_wp.o)
    0x080133e8   0x0000003e   Code   RO         1879    .text               c_w.l(strlen.o)
    0x08013426   0x00000006   Code   RO         1881    .text               c_w.l(heapauxi.o)
    0x0801342c   0x00000002   Code   RO         1897    .text               c_w.l(use_no_semi.o)
    0x0801342e   0x00000024   Code   RO         1904    .text               c_w.l(_printf_truncate.o)
    0x08013452   0x000000b8   Code   RO         1906    .text               c_w.l(_printf_intcommon.o)
    0x0801350a   0x0000002a   Code   RO         1908    .text               c_w.l(_printf_charcount.o)
    0x08013534   0x00000030   Code   RO         1910    .text               c_w.l(_printf_char_common.o)
    0x08013564   0x0000000a   Code   RO         1912    .text               c_w.l(_sputc.o)
    0x0801356e   0x0000002c   Code   RO         1914    .text               c_w.l(_printf_char.o)
    0x0801359a   0x00000002   PAD
    0x0801359c   0x00000024   Code   RO         1916    .text               c_w.l(_printf_char_file.o)
    0x080135c0   0x000000bc   Code   RO         1918    .text               c_w.l(_printf_wctomb.o)
    0x0801367c   0x00000078   Code   RO         1921    .text               c_w.l(_printf_longlong_dec.o)
    0x080136f4   0x00000078   Code   RO         1927    .text               c_w.l(_printf_oct_int_ll.o)
    0x0801376c   0x0000008a   Code   RO         1971    .text               c_w.l(lludiv10.o)
    0x080137f6   0x00000420   Code   RO         1973    .text               c_w.l(_printf_fp_dec.o)
    0x08013c16   0x0000002c   Code   RO         1977    .text               c_w.l(_printf_wchar.o)
    0x08013c42   0x00000008   Code   RO         1979    .text               c_w.l(ferror.o)
    0x08013c4a   0x00000040   Code   RO         1983    .text               c_w.l(_wcrtomb.o)
    0x08013c8a   0x0000004a   Code   RO         1985    .text               c_w.l(sys_stackheap_outer.o)
    0x08013cd4   0x00000010   Code   RO         1987    .text               c_w.l(rt_ctype_table.o)
    0x08013ce4   0x00000008   Code   RO         1992    .text               c_w.l(rt_locale_intlibspace.o)
    0x08013cec   0x00000080   Code   RO         1994    .text               c_w.l(_printf_fp_infnan.o)
    0x08013d6c   0x000000e4   Code   RO         1996    .text               c_w.l(bigflt0.o)
    0x08013e50   0x0000000c   Code   RO         2024    .text               c_w.l(exit.o)
    0x08013e5c   0x00000008   Code   RO         2040    .text               c_w.l(libspace.o)
    0x08013e64   0x00000080   Code   RO         2054    .text               c_w.l(strcmpv7m.o)
    0x08013ee4   0x0000003e   Code   RO         1999    CL$$btod_d2e        c_w.l(btod.o)
    0x08013f22   0x00000046   Code   RO         2001    CL$$btod_d2e_denorm_low  c_w.l(btod.o)
    0x08013f68   0x00000060   Code   RO         2000    CL$$btod_d2e_norm_op1  c_w.l(btod.o)
    0x08013fc8   0x00000338   Code   RO         2009    CL$$btod_div_common  c_w.l(btod.o)
    0x08014300   0x000000c6   Code   RO         2006    CL$$btod_e2e        c_w.l(btod.o)
    0x080143c6   0x00000028   Code   RO         2003    CL$$btod_ediv       c_w.l(btod.o)
    0x080143ee   0x00000028   Code   RO         2002    CL$$btod_emul       c_w.l(btod.o)
    0x08014416   0x00000244   Code   RO         2008    CL$$btod_mult_common  c_w.l(btod.o)
    0x0801465a   0x00000002   PAD
    0x0801465c   0x000000ac   Code   RO         1764    CODE                os_cpu_a.o
    0x08014708   0x00000030   Code   RO         2038    i.__ARM_fpclassify  m_wm.l(fpclassify.o)
    0x08014738   0x0000000e   Code   RO         1863    i._is_digit         c_w.l(__printf_wp.o)
    0x08014746   0x00000002   PAD
    0x08014748   0x0000002c   Code   RO         2022    locale$$code        c_w.l(lc_numeric_c.o)
    0x08014774   0x0000002c   Code   RO         2048    locale$$code        c_w.l(lc_ctype_c.o)
    0x080147a0   0x0000005a   Code   RO         1885    x$fpl$dfixu         fz_wm.l(dfixu.o)
    0x080147fa   0x00000026   Code   RO         1889    x$fpl$dfltu         fz_wm.l(dflt_clz.o)
    0x08014820   0x00000154   Code   RO         1895    x$fpl$dmul          fz_wm.l(dmul.o)
    0x08014974   0x0000009c   Code   RO         1947    x$fpl$dnaninf       fz_wm.l(dnaninf.o)
    0x08014a10   0x0000000c   Code   RO         1949    x$fpl$dretinf       fz_wm.l(dretinf.o)
    0x08014a1c   0x0000000a   Code   RO         2112    x$fpl$fpinit        fz_wm.l(fpinit.o)
    0x08014a26   0x00000004   Code   RO         1951    x$fpl$printf1       fz_wm.l(printf1.o)
    0x08014a2a   0x00000000   Code   RO         1953    x$fpl$usenofp       fz_wm.l(usenofp.o)
    0x08014a2a   0x000017c0   Data   RO          409    .constdata          lcd.o
    0x080161ea   0x00000002   PAD
    0x080161ec   0x0000001c   Data   RO         1096    .constdata          stm32f4xx_fsmc.o
    0x08016208   0x00000104   Data   RO         1426    .constdata          cpu_core.o
    0x0801630c   0x00000094   Data   RO         1512    .constdata          lib_str.o
    0x080163a0   0x000000a4   Data   RO         1533    .constdata          os_cfg_app.o
    0x08016444   0x0000016c   Data   RO         1567    .constdata          os_dbg.o
    0x080165b0   0x00000028   Data   RO         1851    .constdata          c_w.l(_printf_hex_int_ll_ptr.o)
    0x080165d8   0x00000011   Data   RO         1871    .constdata          c_w.l(__printf_flags_ss_wp.o)
    0x080165e9   0x00000003   PAD
    0x080165ec   0x00000008   Data   RO         1919    .constdata          c_w.l(_printf_wctomb.o)
    0x080165f4   0x00000094   Data   RO         1997    .constdata          c_w.l(bigflt0.o)
    0x08016688   0x0000001f   Data   RO          766    .conststring        usmart.o
    0x080166a7   0x0000026f   Data   RO          796    .conststring        usmart_config.o
    0x08016916   0x00000002   PAD
    0x08016918   0x00000020   Data   RO         2165    Region$$Table       anon$$obj.o
    0x08016938   0x0000001c   Data   RO         2021    locale$$data        c_w.l(lc_numeric_c.o)
    0x08016954   0x00000110   Data   RO         2047    locale$$data        c_w.l(lc_ctype_c.o)


    Execution Region RW_IRAM1 (Base: 0x20000000, Size: 0x00003580, Max: 0x00020000, ABSOLUTE, COMPRESSED[0x000000b8])

    Base Addr    Size         Type   Attr      Idx    E Section Name        Object

    0x20000000   0x00000014   Data   RW          284    .data               system_stm32f4xx.o
    0x20000014   0x00000004   Data   RW          317    .data               delay.o
    0x20000018   0x00000008   Data   RW          358    .data               usart.o
    0x20000020   0x00000004   Data   RW          410    .data               lcd.o
    0x20000024   0x0000000c   Data   RW          493    .data               remote.o
    0x20000030   0x00000002   Data   RW          550    .data               usart3.o
    0x20000032   0x00000001   Data   RW          611    .data               rs485.o
    0x20000033   0x00000001   PAD
    0x20000034   0x00000008   Data   RW          681    .data               timer.o
    0x2000003c   0x00000001   Data   RW          745    .data               key.o
    0x2000003d   0x00000003   PAD
    0x20000040   0x0000001c   Data   RW          767    .data               usmart.o
    0x2000005c   0x0000016c   Data   RW          797    .data               usmart_config.o
    0x200001c8   0x00000010   Data   RW         1222    .data               stm32f4xx_rcc.o
    0x200001d8   0x00000004   Data   RW         1427    .data               cpu_core.o
    0x200001dc   0x00000004   Data   RW         1494    .data               lib_mem.o
    0x200001e0   0x00000008   Data   RW         1648    .data               os_prio.o
    0x200001e8   0x000000c8   Data   RW         1751    .data               os_var.o
    0x200002b0   0x00000004   Data   RW         1770    .data               os_cpu_c.o
    0x200002b4   0x00000858   Zero   RW            4    .bss                main.o
    0x20000b0c   0x000000c8   Zero   RW          357    .bss                usart.o
    0x20000bd4   0x0000000e   Zero   RW          408    .bss                lcd.o
    0x20000be2   0x00000006   PAD
    0x20000be8   0x00000320   Zero   RW          549    .bss                usart3.o
    0x20000f08   0x00000040   Zero   RW          610    .bss                rs485.o
    0x20000f48   0x0000000a   Zero   RW          680    .bss                timer.o
    0x20000f52   0x00000010   Zero   RW         1425    .bss                cpu_core.o
    0x20000f62   0x00000002   PAD
    0x20000f64   0x00000448   Zero   RW         1493    .bss                lib_mem.o
    0x200013ac   0x00001490   Zero   RW         1532    .bss                os_cfg_app.o
    0x2000283c   0x000006e0   Zero   RW         1750    .bss                os_var.o
    0x20002f1c   0x00000060   Zero   RW         2041    .bss                c_w.l(libspace.o)
    0x20002f7c   0x00000004   PAD
    0x20002f80   0x00000200   Zero   RW          308    HEAP                startup_stm32f40_41xxx.o
    0x20003180   0x00000400   Zero   RW          307    STACK               startup_stm32f40_41xxx.o



  Load Region LR$$.ARM.__AT_0x10000000 (Base: 0x10000000, Size: 0x00000000, Max: 0x0000f000, ABSOLUTE)

    Execution Region ER$$.ARM.__AT_0x10000000 (Base: 0x10000000, Size: 0x0000f000, Max: 0x0000f000, ABSOLUTE, UNINIT)

    Base Addr    Size         Type   Attr      Idx    E Section Name        Object

    0x10000000   0x0000f000   Zero   RW          838    .ARM.__AT_0x10000000  malloc.o



  Load Region LR$$.ARM.__AT_0x1000F000 (Base: 0x1000f000, Size: 0x00000000, Max: 0x00000f00, ABSOLUTE)

    Execution Region ER$$.ARM.__AT_0x1000F000 (Base: 0x1000f000, Size: 0x00000f00, Max: 0x00000f00, ABSOLUTE, UNINIT)

    Base Addr    Size         Type   Attr      Idx    E Section Name        Object

    0x1000f000   0x00000f00   Zero   RW          839    .ARM.__AT_0x1000F000  malloc.o



  Load Region LR$$.ARM.__AT_0x68000000 (Base: 0x68000000, Size: 0x00000000, Max: 0x000f0000, ABSOLUTE)

    Execution Region ER$$.ARM.__AT_0x68000000 (Base: 0x68000000, Size: 0x000f0000, Max: 0x000f0000, ABSOLUTE, UNINIT)

    Base Addr    Size         Type   Attr      Idx    E Section Name        Object

    0x68000000   0x000f0000   Zero   RW          840    .ARM.__AT_0x68000000  malloc.o



  Load Region LR$$.ARM.__AT_0x680F0000 (Base: 0x680f0000, Size: 0x00000000, Max: 0x0000f000, ABSOLUTE)

    Execution Region ER$$.ARM.__AT_0x680F0000 (Base: 0x680f0000, Size: 0x0000f000, Max: 0x0000f000, ABSOLUTE, UNINIT)

    Base Addr    Size         Type   Attr      Idx    E Section Name        Object

    0x680f0000   0x0000f000   Zero   RW          841    .ARM.__AT_0x680F0000  malloc.o


==============================================================================

Image component sizes


      Code (inc. data)   RO Data    RW Data    ZI Data      Debug   Object Name

        64          4          0          0          0        472   beep.o
       132         14          0          0          0       1147   bsp.o
        52          0          0          0          0        264   cpu_a.o
       688         12        260          4         16       6603   cpu_core.o
       328         26          0          4          0       1729   delay.o
       404         16          0          0          0       2114   dht11.o
       260         12          0          1          0        808   key.o
     19598        178       6080          4         14      21938   lcd.o
        64          4          0          0          0        467   led.o
       598          0          0          0          0       3720   lib_ascii.o
      2502         32          0          4       1096      21552   lib_mem.o
       544          0          0          0          0        412   lib_mem_a.o
      2348          6        148          0          0      12922   lib_str.o
      1508        292          0          0       2136     331097   main.o
         0          0          0          0    1109760       1550   malloc.o
       228         22          0          0          0       1837   misc.o
       252        166        164          0       5264      20614   os_cfg_app.o
      3600        286          0          0          0      12061   os_core.o
       172         32          0          0          0        332   os_cpu_a.o
      1016         64          0          4          0       3785   os_cpu_c.o
       432        286        364          0          0       4581   os_dbg.o
      3636        110          0          0          0       7743   os_flag.o
      1080        146          0          0          0       2152   os_int.o
       568         20          0          0          0       2644   os_mem.o
       552         12          0          0          0       2675   os_msg.o
      2772        114          0          0          0       5474   os_mutex.o
       124          4          0          8          0       1732   os_prio.o
      2260         74          0          0          0       6124   os_q.o
      2096         70          0          0          0       6132   os_sem.o
      1600        182          0          0          0       2657   os_stat.o
      7088        270          0          0          0      13510   os_task.o
      1288         90          0          0          0       3261   os_tick.o
      1380         46          0          0          0       3069   os_time.o
      2072        140          0          0          0       6346   os_tmr.o
         0          0          0        200       1760      19169   os_var.o
       732         30          0         12          0       1754   remote.o
       432         24          0          1         64       1994   rs485.o
        64         26        392          0       1536        772   startup_stm32f40_41xxx.o
      1500         60         28          0          0       5582   stm32f4xx_fsmc.o
       660         44          0          0          0       4113   stm32f4xx_gpio.o
        22          0          0          0          0        975   stm32f4xx_it.o
      1628         52          0         16          0      12864   stm32f4xx_rcc.o
      3234         60          0          0          0      22316   stm32f4xx_tim.o
      1108         34          0          0          0       7816   stm32f4xx_usart.o
       524         44          0         20          0       1599   system_stm32f4xx.o
       632         34          0          8         10       2119   timer.o
       344         16          0          8        200       3110   usart.o
       388         24          0          2        800       2342   usart3.o
      3124       1288         31         28          0       4138   usmart.o
         0          0        623        364          0       1340   usmart_config.o
      1320         12          0          0          0       5033   usmart_str.o

    ----------------------------------------------------------------------
     77028       4478       8126        692    1122664     610560   Object Totals
         0          0         32          0          0          0   (incl. Generated)
        10          0          4          4          8          0   (incl. Padding)

    ----------------------------------------------------------------------

      Code (inc. data)   RO Data    RW Data    ZI Data      Debug   Library Member Name

        24          4          0          0          0         84   __2printf.o
        44          6          0          0          0         84   __2sprintf.o
        90          0          0          0          0          0   __dczerorl2.o
         8          0          0          0          0         68   __main.o
       396          6         17          0          0         92   __printf_flags_ss_wp.o
        14          0          0          0          0         68   __printf_wp.o
        52          8          0          0          0          0   __scatter.o
        28          0          0          0          0          0   __scatter_zi.o
         6          0          0          0          0          0   _printf_a.o
         6          0          0          0          0          0   _printf_c.o
        44          0          0          0          0        108   _printf_char.o
        48          6          0          0          0         96   _printf_char_common.o
        36          4          0          0          0         80   _printf_char_file.o
        42          0          0          0          0         68   _printf_charcount.o
         6          0          0          0          0          0   _printf_d.o
       120         18          0          0          0         92   _printf_dec.o
         6          0          0          0          0          0   _printf_e.o
         6          0          0          0          0          0   _printf_f.o
      1056          0          0          0          0        212   _printf_fp_dec.o
       128         16          0          0          0         84   _printf_fp_infnan.o
         6          0          0          0          0          0   _printf_g.o
       156          6         40          0          0        160   _printf_hex_int_ll_ptr.o
         6          0          0          0          0          0   _printf_i.o
       184          0          0          0          0         88   _printf_intcommon.o
        10          0          0          0          0          0   _printf_l.o
         6          0          0          0          0          0   _printf_lc.o
        10          0          0          0          0          0   _printf_ll.o
         6          0          0          0          0          0   _printf_lld.o
         6          0          0          0          0          0   _printf_lli.o
         6          0          0          0          0          0   _printf_llo.o
         6          0          0          0          0          0   _printf_llu.o
         6          0          0          0          0          0   _printf_llx.o
       120         16          0          0          0         92   _printf_longlong_dec.o
         6          0          0          0          0          0   _printf_ls.o
         6          0          0          0          0          0   _printf_n.o
         6          0          0          0          0          0   _printf_o.o
       120          8          0          0          0        124   _printf_oct_int_ll.o
         6          0          0          0          0          0   _printf_p.o
        82          0          0          0          0        108   _printf_pad.o
         0          0          0          0          0          0   _printf_percent.o
         4          0          0          0          0          0   _printf_percent_end.o
         6          0          0          0          0          0   _printf_s.o
        82          0          0          0          0         80   _printf_str.o
        36          0          0          0          0         84   _printf_truncate.o
         6          0          0          0          0          0   _printf_u.o
        44          0          0          0          0        108   _printf_wchar.o
       188          6          8          0          0         92   _printf_wctomb.o
         6          0          0          0          0          0   _printf_x.o
        10          0          0          0          0         68   _sputc.o
        64          0          0          0          0         92   _wcrtomb.o
       228          6        148          0          0         96   bigflt0.o
      1910        128          0          0          0        672   btod.o
        36          4          0          0          0         76   c89vsprintf.o
        12          0          0          0          0         72   exit.o
         8          0          0          0          0         68   ferror.o
         6          0          0          0          0        152   heapauxi.o
        44         10        272          0          0         76   lc_ctype_c.o
        44         10         28          0          0         76   lc_numeric_c.o
         2          0          0          0          0          0   libinit.o
        34          0          0          0          0          0   libinit2.o
         2          0          0          0          0          0   libshutdown.o
         2          0          0          0          0          0   libshutdown2.o
         8          4          0          0         96         68   libspace.o
       138          0          0          0          0         80   lludiv10.o
       238          0          0          0          0        100   lludivv7m.o
        16          4          0          0          0         76   rt_ctype_table.o
         8          4          0          0          0         68   rt_locale_intlibspace.o
         0          0          0          0          0          0   rtentry.o
        12          0          0          0          0          0   rtentry2.o
         6          0          0          0          0          0   rtentry4.o
         2          0          0          0          0          0   rtexit.o
        10          0          0          0          0          0   rtexit2.o
       128          0          0          0          0         68   strcmpv7m.o
        62          0          0          0          0         76   strlen.o
        74          0          0          0          0         80   sys_stackheap_outer.o
         2          0          0          0          0         68   use_no_semi.o
         2          0          0          0          0         68   use_no_semi_2.o
        90          4          0          0          0        140   dfixu.o
        38          0          0          0          0        116   dflt_clz.o
       340         12          0          0          0        152   dmul.o
       156          4          0          0          0        140   dnaninf.o
        12          0          0          0          0        116   dretinf.o
        10          0          0          0          0        116   fpinit.o
         4          0          0          0          0        116   printf1.o
         0          0          0          0          0          0   usenofp.o
        48          0          0          0          0        124   fpclassify.o

    ----------------------------------------------------------------------
      7102        294        516          0        100       5292   Library Totals
        10          0          3          0          4          0   (incl. Padding)

    ----------------------------------------------------------------------

      Code (inc. data)   RO Data    RW Data    ZI Data      Debug   Library Name

      6394        274        513          0         96       4272   c_w.l
       650         20          0          0          0        896   fz_wm.l
        48          0          0          0          0        124   m_wm.l

    ----------------------------------------------------------------------
      7102        294        516          0        100       5292   Library Totals

    ----------------------------------------------------------------------

==============================================================================


      Code (inc. data)   RO Data    RW Data    ZI Data      Debug   

     84130       4772       8642        692    1122764     602508   Grand Totals
     84130       4772       8642        184    1122764     602508   ELF Image Totals (compressed)
     84130       4772       8642        184          0          0   ROM Totals

==============================================================================

    Total RO  Size (Code + RO Data)                92772 (  90.60kB)
    Total RW  Size (RW Data + ZI Data)           1123456 (1097.13kB)
    Total ROM Size (Code + RO Data + RW Data)      92956 (  90.78kB)

==============================================================================

