ARM Linker, 5.03 [Build 24] [MDK-ARM Standard]

==============================================================================

Section Cross References

    system_stm32f4xx.o(.text) refers to system_stm32f4xx.o(.data) for SystemCoreClock
    startup_stm32f40_41xxx.o(STACK) refers (Special) to heapauxi.o(.text) for __use_two_region_memory
    startup_stm32f40_41xxx.o(HEAP) refers (Special) to heapauxi.o(.text) for __use_two_region_memory
    startup_stm32f40_41xxx.o(RESET) refers (Special) to heapauxi.o(.text) for __use_two_region_memory
    startup_stm32f40_41xxx.o(RESET) refers to startup_stm32f40_41xxx.o(STACK) for __initial_sp
    startup_stm32f40_41xxx.o(RESET) refers to startup_stm32f40_41xxx.o(.text) for Reset_Handler
    startup_stm32f40_41xxx.o(RESET) refers to stm32f4xx_it.o(.text) for NMI_Handler
    startup_stm32f40_41xxx.o(RESET) refers to os_cpu_a.o(CODE) for PendSV_Handler
    startup_stm32f40_41xxx.o(RESET) refers to delay.o(.text) for SysTick_Handler
    startup_stm32f40_41xxx.o(RESET) refers to usmart.o(.text) for TIM4_IRQHandler
    startup_stm32f40_41xxx.o(RESET) refers to usart.o(.text) for USART1_IRQHandler
    startup_stm32f40_41xxx.o(.text) refers (Special) to heapauxi.o(.text) for __use_two_region_memory
    startup_stm32f40_41xxx.o(.text) refers to system_stm32f4xx.o(.text) for SystemInit
    startup_stm32f40_41xxx.o(.text) refers to __main.o(!!!main) for __main
    startup_stm32f40_41xxx.o(.text) refers to startup_stm32f40_41xxx.o(HEAP) for Heap_Mem
    startup_stm32f40_41xxx.o(.text) refers to startup_stm32f40_41xxx.o(STACK) for Stack_Mem
    delay.o(.text) refers to os_core.o(.text) for OSSchedLock
    delay.o(.text) refers to os_time.o(.text) for OSTimeDly
    delay.o(.text) refers to misc.o(.text) for SysTick_CLKSourceConfig
    delay.o(.text) refers to os_var.o(.data) for OSRunning
    delay.o(.text) refers to delay.o(.data) for fac_us
    delay.o(.text) refers to os_cfg_app.o(.constdata) for OSCfg_TickRate_Hz
    usart.o(.rev16_text) refers (Special) to use_no_semi_2.o(.text) for __use_no_semihosting
    usart.o(.revsh_text) refers (Special) to use_no_semi_2.o(.text) for __use_no_semihosting
    usart.o(.text) refers (Special) to use_no_semi_2.o(.text) for __use_no_semihosting
    usart.o(.text) refers to stm32f4xx_rcc.o(.text) for RCC_AHB1PeriphClockCmd
    usart.o(.text) refers to stm32f4xx_gpio.o(.text) for GPIO_PinAFConfig
    usart.o(.text) refers to stm32f4xx_usart.o(.text) for USART_Init
    usart.o(.text) refers to misc.o(.text) for NVIC_Init
    usart.o(.text) refers to os_core.o(.text) for OSIntEnter
    usart.o(.text) refers to usart.o(.data) for USART_RX_STA
    usart.o(.text) refers to usart.o(.bss) for USART_RX_BUF
    usart.o(.bss) refers (Special) to use_no_semi_2.o(.text) for __use_no_semihosting
    usart.o(.data) refers (Special) to use_no_semi_2.o(.text) for __use_no_semihosting
    infrared_remote_ctrl.o(.text) refers to rt_memcpy_w.o(.text) for __aeabi_memcpy4
    infrared_remote_ctrl.o(.text) refers to infrared_remote_ctrl.o(.data) for REMOTE_POWER
    infrared_remote_ctrl.o(.text) refers to infrared_remote_ctrl.o(.constdata) for TEXT_Buffer
    bluetooth.o(.text) refers to rt_memcpy_w.o(.text) for __aeabi_memcpy4
    bluetooth.o(.text) refers to strncmp.o(.text) for strncmp
    usmart.o(.text) refers to _printf_percent.o(.ARM.Collect$$_printf_percent$$00000000) for _printf_percent
    usmart.o(.text) refers to _printf_s.o(.ARM.Collect$$_printf_percent$$00000014) for _printf_s
    usmart.o(.text) refers to _printf_str.o(.text) for _printf_str
    usmart.o(.text) refers to _printf_pad.o(.text) for _printf_pre_padding
    usmart.o(.text) refers to _printf_x.o(.ARM.Collect$$_printf_percent$$0000000C) for _printf_x
    usmart.o(.text) refers to _printf_hex_int.o(.text) for _printf_longlong_hex
    usmart.o(.text) refers to _printf_u.o(.ARM.Collect$$_printf_percent$$0000000A) for _printf_u
    usmart.o(.text) refers to _printf_dec.o(.text) for _printf_int_dec
    usmart.o(.text) refers to _printf_c.o(.ARM.Collect$$_printf_percent$$00000013) for _printf_c
    usmart.o(.text) refers to _printf_d.o(.ARM.Collect$$_printf_percent$$00000009) for _printf_d
    usmart.o(.text) refers to usmart_str.o(.text) for usmart_get_cmdname
    usmart.o(.text) refers to noretval__2printf.o(.text) for __2printf
    usmart.o(.text) refers to usmart.o(.data) for sys_cmd_tab
    usmart.o(.text) refers to usmart_config.o(.data) for usmart_dev
    usmart.o(.text) refers to stm32f4xx_tim.o(.text) for TIM_ClearFlag
    usmart.o(.text) refers to stm32f4xx_rcc.o(.text) for RCC_APB1PeriphClockCmd
    usmart.o(.text) refers to misc.o(.text) for NVIC_Init
    usmart.o(.text) refers to usart.o(.data) for USART_RX_STA
    usmart.o(.text) refers to usart.o(.bss) for USART_RX_BUF
    usmart.o(.data) refers to usmart.o(.conststring) for .conststring
    usmart_config.o(.data) refers to usmart.o(.text) for read_addr
    usmart_config.o(.data) refers to usmart_config.o(.conststring) for .conststring
    usmart_config.o(.data) refers to delay.o(.text) for delay_ms
    usmart_str.o(.text) refers to usmart_config.o(.data) for usmart_dev
    malloc.o(.text) refers to malloc.o(.constdata) for memtblsize
    malloc.o(.text) refers to malloc.o(.data) for mallco_dev
    malloc.o(.data) refers to malloc.o(.text) for my_mem_init
    malloc.o(.data) refers to malloc.o(.bss) for mem1base
    malloc.o(.data) refers to malloc.o(.ARM.__AT_0x68000000) for mem2base
    malloc.o(.data) refers to malloc.o(.ARM.__AT_0x10000000) for mem3base
    malloc.o(.data) refers to malloc.o(.ARM.__AT_0x680F0000) for mem2mapbase
    malloc.o(.data) refers to malloc.o(.ARM.__AT_0x1000F000) for mem3mapbase
    stm32f4xx_adc.o(.text) refers to stm32f4xx_rcc.o(.text) for RCC_APB2PeriphResetCmd
    stm32f4xx_can.o(.text) refers to stm32f4xx_rcc.o(.text) for RCC_APB1PeriphResetCmd
    stm32f4xx_cryp.o(.text) refers to stm32f4xx_rcc.o(.text) for RCC_AHB2PeriphResetCmd
    stm32f4xx_cryp_aes.o(.text) refers to stm32f4xx_cryp.o(.text) for CRYP_KeyStructInit
    stm32f4xx_cryp_des.o(.text) refers to stm32f4xx_cryp.o(.text) for CRYP_KeyStructInit
    stm32f4xx_cryp_tdes.o(.text) refers to stm32f4xx_cryp.o(.text) for CRYP_KeyStructInit
    stm32f4xx_dac.o(.text) refers to stm32f4xx_rcc.o(.text) for RCC_APB1PeriphResetCmd
    stm32f4xx_dma2d.o(.text) refers to stm32f4xx_rcc.o(.text) for RCC_AHB1PeriphResetCmd
    stm32f4xx_fsmc.o(.text) refers to stm32f4xx_fsmc.o(.constdata) for FSMC_DefaultTimingStruct
    stm32f4xx_gpio.o(.text) refers to stm32f4xx_rcc.o(.text) for RCC_AHB1PeriphResetCmd
    stm32f4xx_hash.o(.text) refers to stm32f4xx_rcc.o(.text) for RCC_AHB2PeriphResetCmd
    stm32f4xx_hash_md5.o(.text) refers to stm32f4xx_hash.o(.text) for HASH_DeInit
    stm32f4xx_hash_sha1.o(.text) refers to stm32f4xx_hash.o(.text) for HASH_DeInit
    stm32f4xx_i2c.o(.text) refers to stm32f4xx_rcc.o(.text) for RCC_APB1PeriphResetCmd
    stm32f4xx_ltdc.o(.text) refers to stm32f4xx_rcc.o(.text) for RCC_APB2PeriphResetCmd
    stm32f4xx_pwr.o(.text) refers to stm32f4xx_rcc.o(.text) for RCC_APB1PeriphResetCmd
    stm32f4xx_rcc.o(.text) refers to stm32f4xx_rcc.o(.data) for APBAHBPrescTable
    stm32f4xx_rng.o(.text) refers to stm32f4xx_rcc.o(.text) for RCC_AHB2PeriphResetCmd
    stm32f4xx_sai.o(.text) refers to stm32f4xx_rcc.o(.text) for RCC_APB2PeriphResetCmd
    stm32f4xx_sdio.o(.text) refers to stm32f4xx_rcc.o(.text) for RCC_APB2PeriphResetCmd
    stm32f4xx_spi.o(.text) refers to stm32f4xx_rcc.o(.text) for RCC_APB2PeriphResetCmd
    stm32f4xx_syscfg.o(.text) refers to stm32f4xx_rcc.o(.text) for RCC_APB2PeriphResetCmd
    stm32f4xx_tim.o(.text) refers to stm32f4xx_rcc.o(.text) for RCC_APB2PeriphResetCmd
    stm32f4xx_usart.o(.text) refers to stm32f4xx_rcc.o(.text) for RCC_APB2PeriphResetCmd
    stm32f4xx_wwdg.o(.text) refers to stm32f4xx_rcc.o(.text) for RCC_APB1PeriphResetCmd
    stm32f4x7_eth.o(.text) refers to stm32f4xx_rcc.o(.text) for RCC_AHB1PeriphResetCmd
    stm32f4x7_eth.o(.text) refers to stm32f4x7_eth.o(.data) for DMARxDescToGet
    stm32f4x7_eth.o(.text) refers to stm32f4x7_eth.o(.bss) for RX_Frame_Descriptor
    bmp.o(.text) refers to piclib.o(.text) for pic_memalloc
    bmp.o(.text) refers to ff.o(.text) for f_open
    bmp.o(.text) refers to piclib.o(.bss) for picinfo
    bmp.o(.text) refers to malloc.o(.text) for mymemset
    bmp.o(.text) refers to exfuns.o(.data) for bw
    gif.o(.text) refers to ff.o(.text) for f_read
    gif.o(.text) refers to malloc.o(.text) for mymemset
    gif.o(.text) refers to gif.o(.constdata) for _aMaskTbl
    gif.o(.text) refers to piclib.o(.bss) for pic_phy
    gif.o(.text) refers to piclib.o(.text) for pic_memalloc
    gif.o(.text) refers to delay.o(.text) for delay_ms
    gif.o(.text) refers to gif.o(.data) for gifdecoding
    piclib.o(.text) refers to exfuns.o(.text) for f_typetell
    piclib.o(.text) refers to bmp.o(.text) for stdbmp_decode
    piclib.o(.text) refers to tjpgd.o(.text) for jpg_decode
    piclib.o(.text) refers to gif.o(.text) for gif_decode
    piclib.o(.text) refers to malloc.o(.text) for mymalloc
    piclib.o(.text) refers to piclib.o(.bss) for pic_phy
    tjpgd.o(.text) refers to tjpgd.o(.constdata) for Zig
    tjpgd.o(.text) refers to piclib.o(.text) for pic_memalloc
    tjpgd.o(.text) refers to ff.o(.text) for f_read
    tjpgd.o(.text) refers to tjpgd.o(.data) for f_jpeg
    tjpgd.o(.text) refers to piclib.o(.bss) for picinfo
    fontupd.o(.text) refers to malloc.o(.text) for mymalloc
    fontupd.o(.text) refers to ff.o(.text) for f_open
    fontupd.o(.text) refers to strcpy.o(.text) for strcpy
    fontupd.o(.text) refers to strcat.o(.text) for strcat
    fontupd.o(.text) refers to fontupd.o(.bss) for ftinfo
    fontupd.o(.text) refers to fontupd.o(.constdata) for UNIGBK_PATH
    fontupd.o(.text) refers to delay.o(.text) for delay_ms
    fontupd.o(.constdata) refers to fontupd.o(.conststring) for .conststring
    text.o(.text) refers to strlen.o(.text) for strlen
    text.o(.text) refers to fontupd.o(.bss) for ftinfo
    exfuns.o(.text) refers to malloc.o(.text) for mymalloc
    exfuns.o(.text) refers to strcpy.o(.text) for strcpy
    exfuns.o(.text) refers to strcmpv7m.o(.text) for strcmp
    exfuns.o(.text) refers to ff.o(.text) for f_getfree
    exfuns.o(.text) refers to exfuns.o(.bss) for fs
    exfuns.o(.text) refers to exfuns.o(.data) for file
    exfuns.o(.text) refers to exfuns.o(.constdata) for FILE_TYPE_TBL
    exfuns.o(.constdata) refers to exfuns.o(.conststring) for .conststring
    fattester.o(.text) refers to _printf_percent.o(.ARM.Collect$$_printf_percent$$00000000) for _printf_percent
    fattester.o(.text) refers to _printf_d.o(.ARM.Collect$$_printf_percent$$00000009) for _printf_d
    fattester.o(.text) refers to _printf_dec.o(.text) for _printf_int_dec
    fattester.o(.text) refers to _printf_c.o(.ARM.Collect$$_printf_percent$$00000013) for _printf_c
    fattester.o(.text) refers to _printf_str.o(.text) for _printf_str
    fattester.o(.text) refers to _printf_s.o(.ARM.Collect$$_printf_percent$$00000014) for _printf_s
    fattester.o(.text) refers to _printf_x.o(.ARM.Collect$$_printf_percent$$0000000C) for _printf_x
    fattester.o(.text) refers to _printf_hex_int.o(.text) for _printf_longlong_hex
    fattester.o(.text) refers to ff.o(.text) for f_mount
    fattester.o(.text) refers to noretval__2printf.o(.text) for __2printf
    fattester.o(.text) refers to malloc.o(.text) for mymalloc
    fattester.o(.text) refers to exfuns.o(.bss) for fs
    fattester.o(.text) refers to exfuns.o(.data) for file
    diskio.o(.text) refers to llsdiv.o(.text) for __aeabi_ldivmod
    diskio.o(.text) refers to malloc.o(.text) for mymalloc
    diskio.o(.text) refers to diskio.o(.data) for FLASH_SECTOR_COUNT
    ff.o(.text) refers to diskio.o(.text) for disk_write
    ff.o(.text) refers to cc936.o(.text) for ff_wtoupper
    ff.o(.text) refers to ff.o(.constdata) for LfnOfs
    ff.o(.text) refers to ff.o(.bss) for FatFs
    ff.o(.text) refers to ff.o(.data) for Fsid
    cc936.o(.text) refers to cc936.o(.constdata) for oem2uni
    bsp.o(.text) refers to stm32f4xx_rcc.o(.text) for RCC_GetClocksFreq
    bsp.o(.text) refers to cpu_core.o(.text) for CPU_TS_TmrFreqSet
    bsp.o(.text) refers to lludivv7m.o(.text) for __aeabi_uldivmod
    cpu_core.o(.text) refers to cpu_a.o(.text) for CPU_SR_Save
    cpu_core.o(.text) refers to lib_mem.o(.text) for Mem_Clr
    cpu_core.o(.text) refers to bsp.o(.text) for CPU_TS_TmrInit
    cpu_core.o(.text) refers to lib_str.o(.text) for Str_Copy_N
    cpu_core.o(.text) refers to cpu_core.o(.bss) for CPU_Name
    cpu_core.o(.text) refers to cpu_core.o(.data) for CPU_TS_TmrFreq_Hz
    cpu_core.o(.text) refers to cpu_core.o(.constdata) for CPU_CntLeadZerosTbl
    cpu_c.o(.text) refers to cpu_a.o(.text) for CPU_SR_Save
    lib_math.o(.text) refers to cpu_a.o(.text) for CPU_SR_Save
    lib_math.o(.text) refers to lib_math.o(.data) for Math_RandSeedCur
    lib_mem.o(.text) refers to lib_mem_a.o(.text) for Mem_Copy
    lib_mem.o(.text) refers to cpu_a.o(.text) for CPU_SR_Save
    lib_mem.o(.text) refers to lib_mem.o(.bss) for Mem_PoolHeap
    lib_mem.o(.text) refers to lib_mem.o(.data) for Mem_PoolTbl
    lib_str.o(.text) refers to lib_ascii.o(.text) for ASCII_ToLower
    lib_str.o(.text) refers to lib_str.o(.constdata) for Str_MultOvfThTbl_Int32U
    os_cfg_app.o(.text) refers to os_cfg_app.o(.constdata) for OSCfg_DataSizeRAM
    os_cfg_app.o(.constdata) refers to os_cfg_app.o(.bss) for OSCfg_IdleTaskStk
    os_core.o(.text) refers to cpu_a.o(.text) for CPU_SR_Save
    os_core.o(.text) refers to os_cpu_c.o(.text) for OSIdleTaskHook
    os_core.o(.text) refers to os_task.o(.text) for OSTaskCreate
    os_core.o(.text) refers to os_prio.o(.text) for OS_PrioInit
    os_core.o(.text) refers to os_flag.o(.text) for OS_FlagInit
    os_core.o(.text) refers to os_mem.o(.text) for OS_MemInit
    os_core.o(.text) refers to os_msg.o(.text) for OS_MsgPoolInit
    os_core.o(.text) refers to os_mutex.o(.text) for OS_MutexInit
    os_core.o(.text) refers to os_q.o(.text) for OS_QInit
    os_core.o(.text) refers to os_sem.o(.text) for OS_SemInit
    os_core.o(.text) refers to os_int.o(.text) for OS_IntQTaskInit
    os_core.o(.text) refers to os_tick.o(.text) for OS_TickTaskInit
    os_core.o(.text) refers to os_stat.o(.text) for OS_StatTaskInit
    os_core.o(.text) refers to os_tmr.o(.text) for OS_TmrInit
    os_core.o(.text) refers to os_dbg.o(.text) for OS_Dbg_Init
    os_core.o(.text) refers to os_cfg_app.o(.text) for OSCfg_Init
    os_core.o(.text) refers to os_cpu_a.o(CODE) for OSIntCtxSw
    os_core.o(.text) refers to bsp.o(.text) for CPU_TS_TmrRd
    os_core.o(.text) refers to os_var.o(.data) for OSIdleTaskCtr
    os_core.o(.text) refers to os_cfg_app.o(.constdata) for OSCfg_IdleTaskStkSize
    os_core.o(.text) refers to os_var.o(.bss) for OSIdleTaskTCB
    os_dbg.o(.text) refers to os_dbg.o(.constdata) for OSDbg_DbgEn
    os_flag.o(.text) refers to cpu_a.o(.text) for CPU_SR_Save
    os_flag.o(.text) refers to os_core.o(.text) for OS_PendListInit
    os_flag.o(.text) refers to bsp.o(.text) for CPU_TS_TmrRd
    os_flag.o(.text) refers to os_var.o(.data) for OSFlagDbgListPtr
    os_flag.o(.text) refers to os_int.o(.text) for OS_IntQPost
    os_int.o(.text) refers to cpu_a.o(.text) for CPU_SR_Save
    os_int.o(.text) refers to os_prio.o(.text) for OS_PrioInsert
    os_int.o(.text) refers to os_flag.o(.text) for OS_FlagPost
    os_int.o(.text) refers to os_q.o(.text) for OS_QPost
    os_int.o(.text) refers to os_sem.o(.text) for OS_SemPost
    os_int.o(.text) refers to os_task.o(.text) for OS_TaskQPost
    os_int.o(.text) refers to os_core.o(.text) for OS_SchedRoundRobin
    os_int.o(.text) refers to bsp.o(.text) for CPU_TS_TmrRd
    os_int.o(.text) refers to os_var.o(.data) for OSIntQNbrEntries
    os_int.o(.text) refers to os_cfg_app.o(.constdata) for OSCfg_IntQSize
    os_int.o(.text) refers to os_var.o(.bss) for OSRdyList
    os_mem.o(.text) refers to cpu_a.o(.text) for CPU_SR_Save
    os_mem.o(.text) refers to os_var.o(.data) for OSMemDbgListPtr
    os_msg.o(.text) refers to os_cfg_app.o(.constdata) for OSCfg_MsgPoolBasePtr
    os_msg.o(.text) refers to os_var.o(.bss) for OSMsgPool
    os_mutex.o(.text) refers to cpu_a.o(.text) for CPU_SR_Save
    os_mutex.o(.text) refers to os_core.o(.text) for OS_PendListInit
    os_mutex.o(.text) refers to os_prio.o(.text) for OS_PrioInsert
    os_mutex.o(.text) refers to bsp.o(.text) for CPU_TS_TmrRd
    os_mutex.o(.text) refers to os_var.o(.data) for OSMutexDbgListPtr
    os_prio.o(.text) refers to cpu_a.o(.text) for CPU_CntLeadZeros
    os_prio.o(.text) refers to os_prio.o(.data) for OSPrioTbl
    os_q.o(.text) refers to cpu_a.o(.text) for CPU_SR_Save
    os_q.o(.text) refers to os_msg.o(.text) for OS_MsgQInit
    os_q.o(.text) refers to os_core.o(.text) for OS_PendListInit
    os_q.o(.text) refers to bsp.o(.text) for CPU_TS_TmrRd
    os_q.o(.text) refers to os_var.o(.data) for OSQDbgListPtr
    os_q.o(.text) refers to os_int.o(.text) for OS_IntQPost
    os_sem.o(.text) refers to cpu_a.o(.text) for CPU_SR_Save
    os_sem.o(.text) refers to os_core.o(.text) for OS_PendListInit
    os_sem.o(.text) refers to bsp.o(.text) for CPU_TS_TmrRd
    os_sem.o(.text) refers to os_var.o(.data) for OSSemDbgListPtr
    os_sem.o(.text) refers to os_int.o(.text) for OS_IntQPost
    os_stat.o(.text) refers to cpu_a.o(.text) for CPU_SR_Save
    os_stat.o(.text) refers to bsp.o(.text) for CPU_TS_TmrRd
    os_stat.o(.text) refers to os_tick.o(.text) for OS_TickListResetPeak
    os_stat.o(.text) refers to os_tmr.o(.text) for OS_TmrResetPeak
    os_stat.o(.text) refers to os_task.o(.text) for OSTaskSuspend
    os_stat.o(.text) refers to os_time.o(.text) for OSTimeDly
    os_stat.o(.text) refers to os_cpu_c.o(.text) for OSStatTaskHook
    os_stat.o(.text) refers to os_core.o(.text) for OS_Sched0
    os_stat.o(.text) refers to os_var.o(.data) for OSIntQTaskTimeMax
    os_stat.o(.text) refers to os_var.o(.bss) for OSMsgPool
    os_stat.o(.text) refers to os_cfg_app.o(.constdata) for OSCfg_TickRate_Hz
    os_task.o(.text) refers to cpu_a.o(.text) for CPU_SR_Save
    os_task.o(.text) refers to os_core.o(.text) for OS_RdyListRemove
    os_task.o(.text) refers to os_prio.o(.text) for OS_PrioInsert
    os_task.o(.text) refers to os_msg.o(.text) for OS_MsgQInit
    os_task.o(.text) refers to bsp.o(.text) for CPU_TS_TmrRd
    os_task.o(.text) refers to os_cpu_c.o(.text) for OSTaskStkInit
    os_task.o(.text) refers to os_var.o(.data) for OSIntNestingCtr
    os_task.o(.text) refers to os_cfg_app.o(.constdata) for OSCfg_StkSizeMin
    os_task.o(.text) refers to os_var.o(.bss) for OSIntQTaskTCB
    os_task.o(.text) refers to os_tick.o(.text) for OS_TickListRemove
    os_task.o(.text) refers to os_int.o(.text) for OS_IntQPost
    os_tick.o(.text) refers to cpu_a.o(.text) for CPU_SR_Save
    os_tick.o(.text) refers to bsp.o(.text) for CPU_TS_TmrRd
    os_tick.o(.text) refers to os_core.o(.text) for OS_TaskRdy
    os_tick.o(.text) refers to os_task.o(.text) for OSTaskSemPend
    os_tick.o(.text) refers to os_var.o(.data) for OSSchedLockNestingCtr
    os_tick.o(.text) refers to os_cfg_app.o(.constdata) for OSCfg_TickWheelSize
    os_tick.o(.text) refers to os_cfg_app.o(.bss) for OSCfg_TickWheel
    os_tick.o(.text) refers to os_var.o(.bss) for OSTickTaskTCB
    os_time.o(.text) refers to cpu_a.o(.text) for CPU_SR_Save
    os_time.o(.text) refers to os_tick.o(.text) for OS_TickListInsert
    os_time.o(.text) refers to os_core.o(.text) for OS_RdyListRemove
    os_time.o(.text) refers to os_var.o(.data) for OSIntNestingCtr
    os_time.o(.text) refers to os_cfg_app.o(.constdata) for OSCfg_TickRate_Hz
    os_time.o(.text) refers to os_cpu_c.o(.text) for OSTimeTickHook
    os_time.o(.text) refers to bsp.o(.text) for CPU_TS_TmrRd
    os_time.o(.text) refers to os_int.o(.text) for OS_IntQPost
    os_time.o(.text) refers to os_var.o(.bss) for OSRdyList
    os_tmr.o(.text) refers to cpu_a.o(.text) for CPU_SR_Save
    os_tmr.o(.text) refers to os_core.o(.text) for OSSchedLock
    os_tmr.o(.text) refers to os_var.o(.data) for OSTmrDbgListPtr
    os_tmr.o(.text) refers to os_cfg_app.o(.constdata) for OSCfg_TmrWheelSize
    os_tmr.o(.text) refers to os_cfg_app.o(.bss) for OSCfg_TmrWheel
    os_tmr.o(.text) refers to os_task.o(.text) for OSTaskSemPend
    os_tmr.o(.text) refers to bsp.o(.text) for CPU_TS_TmrRd
    os_tmr.o(.text) refers to os_var.o(.bss) for OSTmrTaskTCB
    os_cpu_a.o(CODE) refers to os_cpu_c.o(.data) for OS_CPU_ExceptStkBase
    os_cpu_a.o(CODE) refers to os_var.o(.data) for OSTCBCurPtr
    os_cpu_a.o(CODE) refers to os_cpu_c.o(.text) for OSTaskSwHook
    os_cpu_c.o(.text) refers to bsp.o(.text) for CPU_TS_TmrRd
    os_cpu_c.o(.text) refers to cpu_a.o(.text) for CPU_SR_Save
    os_cpu_c.o(.text) refers to os_time.o(.text) for OSTimeTick
    os_cpu_c.o(.text) refers to os_core.o(.text) for OSIntExit
    os_cpu_c.o(.text) refers to os_var.o(.data) for OS_AppIdleTaskHookPtr
    os_cpu_c.o(.text) refers to os_cfg_app.o(.constdata) for OSCfg_ISRStkBasePtr
    os_cpu_c.o(.text) refers to os_cpu_c.o(.data) for OS_CPU_ExceptStkBase
    os_cpu_c.o(.text) refers to os_task.o(.text) for OS_TaskReturn
    os_app_hooks.o(.text) refers to cpu_a.o(.text) for CPU_SR_Save
    os_app_hooks.o(.text) refers to os_var.o(.data) for OS_AppTaskCreateHookPtr
    use_no_semi_2.o(.text) refers (Special) to use_no_semi.o(.text) for __use_no_semihosting_swi
    llsdiv.o(.text) refers to lludivv7m.o(.text) for __aeabi_uldivmod
    __2printf.o(.text) refers to _printf_char_file.o(.text) for _printf_char_file
    __2printf.o(.text) refers to usart.o(.data) for __stdout
    noretval__2printf.o(.text) refers to _printf_char_file.o(.text) for _printf_char_file
    noretval__2printf.o(.text) refers to usart.o(.data) for __stdout
    __printf.o(.text) refers to _printf_percent.o(.ARM.Collect$$_printf_percent$$00000000) for _printf_percent
    _printf_str.o(.text) refers (Special) to _printf_char.o(.text) for _printf_cs_common
    _printf_str.o(.text) refers (Weak) to _printf_pad.o(.text) for _printf_pre_padding
    _printf_str.o(.text) refers (Weak) to _printf_pad.o(.text) for _printf_post_padding
    _printf_dec.o(.text) refers to _printf_intcommon.o(.text) for _printf_int_common
    _printf_hex_ll.o(.text) refers to _printf_intcommon.o(.text) for _printf_int_common
    _printf_hex_ll.o(.text) refers to _printf_hex_ll.o(.constdata) for .constdata
    _printf_hex_int.o(.text) refers to _printf_intcommon.o(.text) for _printf_int_common
    _printf_hex_int.o(.text) refers to _printf_hex_int.o(.constdata) for .constdata
    _printf_hex_int_ll.o(.text) refers to _printf_intcommon.o(.text) for _printf_int_common
    _printf_hex_int_ll.o(.text) refers to _printf_hex_int_ll.o(.constdata) for .constdata
    _printf_hex_ptr.o(.text) refers to _printf_intcommon.o(.text) for _printf_int_common
    _printf_hex_ptr.o(.text) refers to _printf_hex_ptr.o(.constdata) for .constdata
    _printf_hex_int_ptr.o(.text) refers to _printf_intcommon.o(.text) for _printf_int_common
    _printf_hex_int_ptr.o(.text) refers to _printf_hex_int_ptr.o(.constdata) for .constdata
    _printf_hex_ll_ptr.o(.text) refers to _printf_intcommon.o(.text) for _printf_int_common
    _printf_hex_ll_ptr.o(.text) refers to _printf_hex_ll_ptr.o(.constdata) for .constdata
    _printf_hex_int_ll_ptr.o(.text) refers to _printf_intcommon.o(.text) for _printf_int_common
    _printf_hex_int_ll_ptr.o(.text) refers to _printf_hex_int_ll_ptr.o(.constdata) for .constdata
    __printf_flags.o(.text) refers to _printf_percent.o(.ARM.Collect$$_printf_percent$$00000000) for _printf_percent
    __printf_flags.o(.text) refers to __printf_flags.o(.constdata) for .constdata
    __printf_ss.o(.text) refers to _printf_percent.o(.ARM.Collect$$_printf_percent$$00000000) for _printf_percent
    __printf_flags_ss.o(.text) refers to _printf_percent.o(.ARM.Collect$$_printf_percent$$00000000) for _printf_percent
    __printf_flags_ss.o(.text) refers to __printf_flags_ss.o(.constdata) for .constdata
    __printf_wp.o(.text) refers to __printf_wp.o(i._is_digit) for _is_digit
    __printf_wp.o(.text) refers to _printf_percent.o(.ARM.Collect$$_printf_percent$$00000000) for _printf_percent
    __printf_flags_wp.o(.text) refers to __printf_wp.o(i._is_digit) for _is_digit
    __printf_flags_wp.o(.text) refers to _printf_percent.o(.ARM.Collect$$_printf_percent$$00000000) for _printf_percent
    __printf_flags_wp.o(.text) refers to __printf_flags_wp.o(.constdata) for .constdata
    __printf_ss_wp.o(.text) refers to __printf_wp.o(i._is_digit) for _is_digit
    __printf_ss_wp.o(.text) refers to _printf_percent.o(.ARM.Collect$$_printf_percent$$00000000) for _printf_percent
    __printf_flags_ss_wp.o(.text) refers to __printf_wp.o(i._is_digit) for _is_digit
    __printf_flags_ss_wp.o(.text) refers to _printf_percent.o(.ARM.Collect$$_printf_percent$$00000000) for _printf_percent
    __printf_flags_ss_wp.o(.text) refers to __printf_flags_ss_wp.o(.constdata) for .constdata
    _printf_c.o(.ARM.Collect$$_printf_percent$$00000013) refers (Weak) to _printf_char.o(.text) for _printf_char
    _printf_s.o(.ARM.Collect$$_printf_percent$$00000014) refers (Weak) to _printf_char.o(.text) for _printf_string
    _printf_x.o(.ARM.Collect$$_printf_percent$$0000000C) refers (Weak) to _printf_hex_int.o(.text) for _printf_int_hex
    _printf_d.o(.ARM.Collect$$_printf_percent$$00000009) refers (Weak) to _printf_dec.o(.text) for _printf_int_dec
    _printf_u.o(.ARM.Collect$$_printf_percent$$0000000A) refers (Weak) to _printf_dec.o(.text) for _printf_int_dec
    _printf_percent.o(.ARM.Collect$$_printf_percent$$00000000) refers (Special) to _printf_percent_end.o(.ARM.Collect$$_printf_percent$$00000017) for _printf_percent_end
    __main.o(!!!main) refers to rtentry.o(.ARM.Collect$$rtentry$$00000000) for __rt_entry
    rtentry.o(.ARM.Collect$$rtentry$$00000000) refers (Special) to rtentry2.o(.ARM.Collect$$rtentry$$0000000A) for __rt_entry_li
    rtentry.o(.ARM.Collect$$rtentry$$00000000) refers (Special) to rtentry2.o(.ARM.Collect$$rtentry$$0000000D) for __rt_entry_main
    rtentry.o(.ARM.Collect$$rtentry$$00000000) refers (Special) to rtentry2.o(.ARM.Collect$$rtentry$$0000000C) for __rt_entry_postli_1
    rtentry.o(.ARM.Collect$$rtentry$$00000000) refers (Special) to rtentry2.o(.ARM.Collect$$rtentry$$00000009) for __rt_entry_postsh_1
    rtentry.o(.ARM.Collect$$rtentry$$00000000) refers (Special) to rtentry2.o(.ARM.Collect$$rtentry$$00000002) for __rt_entry_presh_1
    rtentry.o(.ARM.Collect$$rtentry$$00000000) refers (Special) to rtentry4.o(.ARM.Collect$$rtentry$$00000004) for __rt_entry_sh
    aeabi_ldiv0_sigfpe.o(.text) refers to rt_div0.o(.text) for __rt_div0
    _printf_intcommon.o(.text) refers (Weak) to _printf_pad.o(.text) for _printf_pre_padding
    _printf_intcommon.o(.text) refers (Weak) to _printf_pad.o(.text) for _printf_pre_padding
    _printf_intcommon.o(.text) refers (Weak) to _printf_pad.o(.text) for _printf_post_padding
    _printf_char.o(.text) refers (Weak) to _printf_str.o(.text) for _printf_str
    _printf_char_file.o(.text) refers to _printf_char_common.o(.text) for _printf_char_common
    _printf_char_file.o(.text) refers to ferror.o(.text) for ferror
    _printf_char_file.o(.text) refers to usart.o(.text) for fputc
    rtentry2.o(.ARM.Collect$$rtentry$$00000008) refers to boardinit2.o(.text) for _platform_post_stackheap_init
    rtentry2.o(.ARM.Collect$$rtentry$$0000000A) refers to libinit.o(.ARM.Collect$$libinit$$00000000) for __rt_lib_init
    rtentry2.o(.ARM.Collect$$rtentry$$0000000B) refers to boardinit3.o(.text) for _platform_post_lib_init
    rtentry2.o(.ARM.Collect$$rtentry$$0000000D) refers to main.o(.text) for main
    rtentry2.o(.ARM.Collect$$rtentry$$0000000D) refers to exit.o(.text) for exit
    rtentry2.o(.ARM.exidx) refers to rtentry2.o(.ARM.Collect$$rtentry$$00000001) for .ARM.Collect$$rtentry$$00000001
    rtentry2.o(.ARM.exidx) refers to rtentry2.o(.ARM.Collect$$rtentry$$00000008) for .ARM.Collect$$rtentry$$00000008
    rtentry2.o(.ARM.exidx) refers to rtentry2.o(.ARM.Collect$$rtentry$$0000000A) for .ARM.Collect$$rtentry$$0000000A
    rtentry2.o(.ARM.exidx) refers to rtentry2.o(.ARM.Collect$$rtentry$$0000000B) for .ARM.Collect$$rtentry$$0000000B
    rtentry2.o(.ARM.exidx) refers to rtentry2.o(.ARM.Collect$$rtentry$$0000000D) for .ARM.Collect$$rtentry$$0000000D
    rtentry4.o(.ARM.Collect$$rtentry$$00000004) refers to sys_stackheap_outer.o(.text) for __user_setup_stackheap
    rtentry4.o(.ARM.exidx) refers to rtentry4.o(.ARM.Collect$$rtentry$$00000004) for .ARM.Collect$$rtentry$$00000004
    rt_div0.o(.text) refers to defsig_fpe_outer.o(.text) for __rt_SIGFPE
    _printf_char_common.o(.text) refers to __printf_flags_ss_wp.o(.text) for __printf
    sys_stackheap_outer.o(.text) refers to libspace.o(.text) for __user_perproc_libspace
    sys_stackheap_outer.o(.text) refers to startup_stm32f40_41xxx.o(.text) for __user_initial_stackheap
    exit.o(.text) refers to rtexit.o(.ARM.Collect$$rtexit$$00000000) for __rt_exit
    defsig_fpe_outer.o(.text) refers to defsig_fpe_inner.o(.text) for __rt_SIGFPE_inner
    defsig_fpe_outer.o(.text) refers to defsig_exit.o(.text) for __sig_exit
    defsig_fpe_formal.o(.text) refers to rt_raise.o(.text) for __rt_raise
    libinit.o(.ARM.Collect$$libinit$$00000000) refers (Special) to libinit2.o(.ARM.Collect$$libinit$$0000002C) for __rt_lib_init_alloca_1
    libinit.o(.ARM.Collect$$libinit$$00000000) refers (Special) to libinit2.o(.ARM.Collect$$libinit$$0000002A) for __rt_lib_init_argv_1
    libinit.o(.ARM.Collect$$libinit$$00000000) refers (Special) to libinit2.o(.ARM.Collect$$libinit$$00000019) for __rt_lib_init_atexit_1
    libinit.o(.ARM.Collect$$libinit$$00000000) refers (Special) to libinit2.o(.ARM.Collect$$libinit$$0000001F) for __rt_lib_init_clock_1
    libinit.o(.ARM.Collect$$libinit$$00000000) refers (Special) to libinit2.o(.ARM.Collect$$libinit$$00000030) for __rt_lib_init_cpp_1
    libinit.o(.ARM.Collect$$libinit$$00000000) refers (Special) to libinit2.o(.ARM.Collect$$libinit$$0000002E) for __rt_lib_init_exceptions_1
    libinit.o(.ARM.Collect$$libinit$$00000000) refers (Special) to libinit2.o(.ARM.Collect$$libinit$$00000001) for __rt_lib_init_fp_1
    libinit.o(.ARM.Collect$$libinit$$00000000) refers (Special) to libinit2.o(.ARM.Collect$$libinit$$0000001D) for __rt_lib_init_fp_trap_1
    libinit.o(.ARM.Collect$$libinit$$00000000) refers (Special) to libinit2.o(.ARM.Collect$$libinit$$00000021) for __rt_lib_init_getenv_1
    libinit.o(.ARM.Collect$$libinit$$00000000) refers (Special) to libinit2.o(.ARM.Collect$$libinit$$00000008) for __rt_lib_init_heap_1
    libinit.o(.ARM.Collect$$libinit$$00000000) refers (Special) to libinit2.o(.ARM.Collect$$libinit$$0000000F) for __rt_lib_init_lc_collate_1
    libinit.o(.ARM.Collect$$libinit$$00000000) refers (Special) to libinit2.o(.ARM.Collect$$libinit$$00000011) for __rt_lib_init_lc_ctype_1
    libinit.o(.ARM.Collect$$libinit$$00000000) refers (Special) to libinit2.o(.ARM.Collect$$libinit$$00000013) for __rt_lib_init_lc_monetary_1
    libinit.o(.ARM.Collect$$libinit$$00000000) refers (Special) to libinit2.o(.ARM.Collect$$libinit$$00000015) for __rt_lib_init_lc_numeric_1
    libinit.o(.ARM.Collect$$libinit$$00000000) refers (Special) to libinit2.o(.ARM.Collect$$libinit$$00000017) for __rt_lib_init_lc_time_1
    libinit.o(.ARM.Collect$$libinit$$00000000) refers (Special) to libinit2.o(.ARM.Collect$$libinit$$0000000C) for __rt_lib_init_rand_1
    libinit.o(.ARM.Collect$$libinit$$00000000) refers (Special) to libinit2.o(.ARM.Collect$$libinit$$00000031) for __rt_lib_init_return
    libinit.o(.ARM.Collect$$libinit$$00000000) refers (Special) to libinit2.o(.ARM.Collect$$libinit$$0000001B) for __rt_lib_init_signal_1
    libinit.o(.ARM.Collect$$libinit$$00000000) refers (Special) to libinit2.o(.ARM.Collect$$libinit$$00000023) for __rt_lib_init_stdio_1
    libinit.o(.ARM.Collect$$libinit$$00000000) refers (Special) to libinit2.o(.ARM.Collect$$libinit$$0000000A) for __rt_lib_init_user_alloc_1
    libspace.o(.text) refers to libspace.o(.bss) for __libspace_start
    rtexit.o(.ARM.Collect$$rtexit$$00000000) refers (Special) to rtexit2.o(.ARM.Collect$$rtexit$$00000004) for __rt_exit_exit
    rtexit.o(.ARM.Collect$$rtexit$$00000000) refers (Special) to rtexit2.o(.ARM.Collect$$rtexit$$00000003) for __rt_exit_ls
    rtexit.o(.ARM.Collect$$rtexit$$00000000) refers (Special) to rtexit2.o(.ARM.Collect$$rtexit$$00000002) for __rt_exit_prels_1
    rtexit.o(.ARM.exidx) refers (Special) to rtexit2.o(.ARM.Collect$$rtexit$$00000004) for __rt_exit_exit
    rtexit.o(.ARM.exidx) refers (Special) to rtexit2.o(.ARM.Collect$$rtexit$$00000003) for __rt_exit_ls
    rtexit.o(.ARM.exidx) refers (Special) to rtexit2.o(.ARM.Collect$$rtexit$$00000002) for __rt_exit_prels_1
    rtexit.o(.ARM.exidx) refers to rtexit.o(.ARM.Collect$$rtexit$$00000000) for .ARM.Collect$$rtexit$$00000000
    rt_raise.o(.text) refers to __raise.o(.text) for __raise
    rt_raise.o(.text) refers to usart.o(.text) for _sys_exit
    defsig_exit.o(.text) refers to usart.o(.text) for _sys_exit
    defsig_fpe_inner.o(.text) refers to defsig_general.o(.text) for __default_signal_display
    libinit2.o(.ARM.Collect$$libinit$$00000001) refers to fpinit.o(x$fpl$fpinit) for _fp_init
    libinit2.o(.ARM.Collect$$libinit$$0000000E) refers to libinit2.o(.ARM.Collect$$libinit$$0000000D) for .ARM.Collect$$libinit$$0000000D
    libinit2.o(.ARM.Collect$$libinit$$00000010) refers to libinit2.o(.ARM.Collect$$libinit$$0000000D) for .ARM.Collect$$libinit$$0000000D
    libinit2.o(.ARM.Collect$$libinit$$00000012) refers to libinit2.o(.ARM.Collect$$libinit$$0000000D) for .ARM.Collect$$libinit$$0000000D
    libinit2.o(.ARM.Collect$$libinit$$00000014) refers to libinit2.o(.ARM.Collect$$libinit$$0000000D) for .ARM.Collect$$libinit$$0000000D
    libinit2.o(.ARM.Collect$$libinit$$00000016) refers to libinit2.o(.ARM.Collect$$libinit$$0000000D) for .ARM.Collect$$libinit$$0000000D
    libinit2.o(.ARM.Collect$$libinit$$00000024) refers to argv_veneer.o(.emb_text) for __ARM_argv_veneer
    libinit2.o(.ARM.Collect$$libinit$$00000025) refers to argv_veneer.o(.emb_text) for __ARM_argv_veneer
    rtexit2.o(.ARM.Collect$$rtexit$$00000003) refers to libshutdown.o(.ARM.Collect$$libshutdown$$00000000) for __rt_lib_shutdown
    rtexit2.o(.ARM.Collect$$rtexit$$00000004) refers to usart.o(.text) for _sys_exit
    rtexit2.o(.ARM.exidx) refers to rtexit2.o(.ARM.Collect$$rtexit$$00000001) for .ARM.Collect$$rtexit$$00000001
    rtexit2.o(.ARM.exidx) refers to rtexit2.o(.ARM.Collect$$rtexit$$00000003) for .ARM.Collect$$rtexit$$00000003
    rtexit2.o(.ARM.exidx) refers to rtexit2.o(.ARM.Collect$$rtexit$$00000004) for .ARM.Collect$$rtexit$$00000004
    __raise.o(.text) refers to defsig.o(CL$$defsig) for __default_signal_handler
    defsig_general.o(.text) refers to sys_wrch.o(.text) for _ttywrch
    argv_veneer.o(.emb_text) refers to no_argv.o(.text) for __ARM_get_argv
    sys_wrch.o(.text) refers (Special) to use_no_semi.o(.text) for __I$use$semihosting
    sys_wrch.o(.text) refers (Special) to indicate_semi.o(.text) for __semihosting_library_function
    defsig.o(CL$$defsig) refers to defsig_fpe_inner.o(.text) for __rt_SIGFPE_inner
    defsig.o(CL$$defsig) refers to defsig_rtmem_inner.o(.text) for __rt_SIGRTMEM_inner
    _get_argv_nomalloc.o(.text) refers (Special) to hrguard.o(.text) for __heap_region$guard
    _get_argv_nomalloc.o(.text) refers to defsig_rtmem_outer.o(.text) for __rt_SIGRTMEM
    _get_argv_nomalloc.o(.text) refers to sys_command.o(.text) for _sys_command_string
    libshutdown.o(.ARM.Collect$$libshutdown$$00000000) refers (Special) to libshutdown2.o(.ARM.Collect$$libshutdown$$00000006) for __rt_lib_shutdown_fp_trap_1
    libshutdown.o(.ARM.Collect$$libshutdown$$00000000) refers (Special) to libshutdown2.o(.ARM.Collect$$libshutdown$$0000000E) for __rt_lib_shutdown_heap_1
    libshutdown.o(.ARM.Collect$$libshutdown$$00000000) refers (Special) to libshutdown2.o(.ARM.Collect$$libshutdown$$0000000F) for __rt_lib_shutdown_return
    libshutdown.o(.ARM.Collect$$libshutdown$$00000000) refers (Special) to libshutdown2.o(.ARM.Collect$$libshutdown$$00000009) for __rt_lib_shutdown_signal_1
    libshutdown.o(.ARM.Collect$$libshutdown$$00000000) refers (Special) to libshutdown2.o(.ARM.Collect$$libshutdown$$00000003) for __rt_lib_shutdown_stdio_1
    libshutdown.o(.ARM.Collect$$libshutdown$$00000000) refers (Special) to libshutdown2.o(.ARM.Collect$$libshutdown$$0000000B) for __rt_lib_shutdown_user_alloc_1
    sys_command.o(.text) refers (Special) to use_no_semi.o(.text) for __I$use$semihosting
    sys_command.o(.text) refers (Special) to indicate_semi.o(.text) for __semihosting_library_function
    defsig_abrt_inner.o(.text) refers to defsig_general.o(.text) for __default_signal_display
    defsig_rtred_inner.o(.text) refers to defsig_general.o(.text) for __default_signal_display
    defsig_rtmem_inner.o(.text) refers to defsig_general.o(.text) for __default_signal_display
    defsig_rtmem_outer.o(.text) refers to defsig_rtmem_inner.o(.text) for __rt_SIGRTMEM_inner
    defsig_rtmem_outer.o(.text) refers to defsig_exit.o(.text) for __sig_exit
    defsig_rtmem_formal.o(.text) refers to rt_raise.o(.text) for __rt_raise
    defsig_stak_inner.o(.text) refers to defsig_general.o(.text) for __default_signal_display
    defsig_pvfn_inner.o(.text) refers to defsig_general.o(.text) for __default_signal_display
    defsig_cppl_inner.o(.text) refers to defsig_general.o(.text) for __default_signal_display
    defsig_segv_inner.o(.text) refers to defsig_general.o(.text) for __default_signal_display
    defsig_other.o(.text) refers to defsig_general.o(.text) for __default_signal_display


==============================================================================

Removing Unused input sections from the image.

    Removing main.o(.rev16_text), (4 bytes).
    Removing main.o(.revsh_text), (4 bytes).
    Removing stm32f4xx_it.o(.rev16_text), (4 bytes).
    Removing stm32f4xx_it.o(.revsh_text), (4 bytes).
    Removing system_stm32f4xx.o(.rev16_text), (4 bytes).
    Removing system_stm32f4xx.o(.revsh_text), (4 bytes).
    Removing delay.o(.rev16_text), (4 bytes).
    Removing delay.o(.revsh_text), (4 bytes).
    Removing sys.o(.rev16_text), (4 bytes).
    Removing sys.o(.revsh_text), (4 bytes).
    Removing sys.o(.emb_text), (16 bytes).
    Removing usart.o(.rev16_text), (4 bytes).
    Removing usart.o(.revsh_text), (4 bytes).
    Removing graphic.o(.rev16_text), (4 bytes).
    Removing graphic.o(.revsh_text), (4 bytes).
    Removing graphic.o(.text), (752 bytes).
    Removing infrared_remote_ctrl.o(.rev16_text), (4 bytes).
    Removing infrared_remote_ctrl.o(.revsh_text), (4 bytes).
    Removing infrared_remote_ctrl.o(.text), (1488 bytes).
    Removing infrared_remote_ctrl.o(.constdata), (17 bytes).
    Removing infrared_remote_ctrl.o(.data), (1 bytes).
    Removing bluetooth.o(.rev16_text), (4 bytes).
    Removing bluetooth.o(.revsh_text), (4 bytes).
    Removing bluetooth.o(.text), (604 bytes).
    Removing usmart.o(.rev16_text), (4 bytes).
    Removing usmart.o(.revsh_text), (4 bytes).
    Removing usmart_config.o(.rev16_text), (4 bytes).
    Removing usmart_config.o(.revsh_text), (4 bytes).
    Removing usmart_str.o(.rev16_text), (4 bytes).
    Removing usmart_str.o(.revsh_text), (4 bytes).
    Removing malloc.o(.rev16_text), (4 bytes).
    Removing malloc.o(.revsh_text), (4 bytes).
    Removing malloc.o(.text), (552 bytes).
    Removing malloc.o(.bss), (108800 bytes).
    Removing malloc.o(.constdata), (36 bytes).
    Removing malloc.o(.data), (36 bytes).
    Removing misc.o(.rev16_text), (4 bytes).
    Removing misc.o(.revsh_text), (4 bytes).
    Removing stm32f4xx_adc.o(.rev16_text), (4 bytes).
    Removing stm32f4xx_adc.o(.revsh_text), (4 bytes).
    Removing stm32f4xx_adc.o(.text), (1136 bytes).
    Removing stm32f4xx_can.o(.rev16_text), (4 bytes).
    Removing stm32f4xx_can.o(.revsh_text), (4 bytes).
    Removing stm32f4xx_can.o(.text), (2536 bytes).
    Removing stm32f4xx_crc.o(.rev16_text), (4 bytes).
    Removing stm32f4xx_crc.o(.revsh_text), (4 bytes).
    Removing stm32f4xx_crc.o(.text), (72 bytes).
    Removing stm32f4xx_cryp.o(.rev16_text), (4 bytes).
    Removing stm32f4xx_cryp.o(.revsh_text), (4 bytes).
    Removing stm32f4xx_cryp.o(.text), (864 bytes).
    Removing stm32f4xx_cryp_aes.o(.rev16_text), (4 bytes).
    Removing stm32f4xx_cryp_aes.o(.revsh_text), (4 bytes).
    Removing stm32f4xx_cryp_aes.o(.text), (4586 bytes).
    Removing stm32f4xx_cryp_des.o(.rev16_text), (4 bytes).
    Removing stm32f4xx_cryp_des.o(.revsh_text), (4 bytes).
    Removing stm32f4xx_cryp_des.o(.text), (472 bytes).
    Removing stm32f4xx_cryp_tdes.o(.rev16_text), (4 bytes).
    Removing stm32f4xx_cryp_tdes.o(.revsh_text), (4 bytes).
    Removing stm32f4xx_cryp_tdes.o(.text), (536 bytes).
    Removing stm32f4xx_dac.o(.rev16_text), (4 bytes).
    Removing stm32f4xx_dac.o(.revsh_text), (4 bytes).
    Removing stm32f4xx_dac.o(.text), (528 bytes).
    Removing stm32f4xx_dbgmcu.o(.rev16_text), (4 bytes).
    Removing stm32f4xx_dbgmcu.o(.revsh_text), (4 bytes).
    Removing stm32f4xx_dbgmcu.o(.text), (100 bytes).
    Removing stm32f4xx_dcmi.o(.rev16_text), (4 bytes).
    Removing stm32f4xx_dcmi.o(.revsh_text), (4 bytes).
    Removing stm32f4xx_dcmi.o(.text), (396 bytes).
    Removing stm32f4xx_dma.o(.rev16_text), (4 bytes).
    Removing stm32f4xx_dma.o(.revsh_text), (4 bytes).
    Removing stm32f4xx_dma.o(.text), (932 bytes).
    Removing stm32f4xx_dma2d.o(.rev16_text), (4 bytes).
    Removing stm32f4xx_dma2d.o(.revsh_text), (4 bytes).
    Removing stm32f4xx_dma2d.o(.text), (948 bytes).
    Removing stm32f4xx_exti.o(.rev16_text), (4 bytes).
    Removing stm32f4xx_exti.o(.revsh_text), (4 bytes).
    Removing stm32f4xx_exti.o(.text), (272 bytes).
    Removing stm32f4xx_flash.o(.rev16_text), (4 bytes).
    Removing stm32f4xx_flash.o(.revsh_text), (4 bytes).
    Removing stm32f4xx_flash.o(.text), (1684 bytes).
    Removing stm32f4xx_flash_ramfunc.o(.rev16_text), (4 bytes).
    Removing stm32f4xx_flash_ramfunc.o(.revsh_text), (4 bytes).
    Removing stm32f4xx_flash_ramfunc.o(.text), (64 bytes).
    Removing stm32f4xx_fsmc.o(.rev16_text), (4 bytes).
    Removing stm32f4xx_fsmc.o(.revsh_text), (4 bytes).
    Removing stm32f4xx_fsmc.o(.text), (1500 bytes).
    Removing stm32f4xx_fsmc.o(.constdata), (28 bytes).
    Removing stm32f4xx_gpio.o(.rev16_text), (4 bytes).
    Removing stm32f4xx_gpio.o(.revsh_text), (4 bytes).
    Removing stm32f4xx_hash.o(.rev16_text), (4 bytes).
    Removing stm32f4xx_hash.o(.revsh_text), (4 bytes).
    Removing stm32f4xx_hash.o(.text), (548 bytes).
    Removing stm32f4xx_hash_md5.o(.rev16_text), (4 bytes).
    Removing stm32f4xx_hash_md5.o(.revsh_text), (4 bytes).
    Removing stm32f4xx_hash_md5.o(.text), (534 bytes).
    Removing stm32f4xx_hash_sha1.o(.rev16_text), (4 bytes).
    Removing stm32f4xx_hash_sha1.o(.revsh_text), (4 bytes).
    Removing stm32f4xx_hash_sha1.o(.text), (548 bytes).
    Removing stm32f4xx_i2c.o(.rev16_text), (4 bytes).
    Removing stm32f4xx_i2c.o(.revsh_text), (4 bytes).
    Removing stm32f4xx_i2c.o(.text), (1110 bytes).
    Removing stm32f4xx_iwdg.o(.rev16_text), (4 bytes).
    Removing stm32f4xx_iwdg.o(.revsh_text), (4 bytes).
    Removing stm32f4xx_iwdg.o(.text), (64 bytes).
    Removing stm32f4xx_ltdc.o(.rev16_text), (4 bytes).
    Removing stm32f4xx_ltdc.o(.revsh_text), (4 bytes).
    Removing stm32f4xx_ltdc.o(.text), (1672 bytes).
    Removing stm32f4xx_pwr.o(.rev16_text), (4 bytes).
    Removing stm32f4xx_pwr.o(.revsh_text), (4 bytes).
    Removing stm32f4xx_pwr.o(.text), (368 bytes).
    Removing stm32f4xx_rcc.o(.rev16_text), (4 bytes).
    Removing stm32f4xx_rcc.o(.revsh_text), (4 bytes).
    Removing stm32f4xx_rng.o(.rev16_text), (4 bytes).
    Removing stm32f4xx_rng.o(.revsh_text), (4 bytes).
    Removing stm32f4xx_rng.o(.text), (160 bytes).
    Removing stm32f4xx_rtc.o(.rev16_text), (4 bytes).
    Removing stm32f4xx_rtc.o(.revsh_text), (4 bytes).
    Removing stm32f4xx_rtc.o(.text), (3432 bytes).
    Removing stm32f4xx_sai.o(.rev16_text), (4 bytes).
    Removing stm32f4xx_sai.o(.revsh_text), (4 bytes).
    Removing stm32f4xx_sai.o(.text), (524 bytes).
    Removing stm32f4xx_sdio.o(.rev16_text), (4 bytes).
    Removing stm32f4xx_sdio.o(.revsh_text), (4 bytes).
    Removing stm32f4xx_sdio.o(.text), (484 bytes).
    Removing stm32f4xx_spi.o(.rev16_text), (4 bytes).
    Removing stm32f4xx_spi.o(.revsh_text), (4 bytes).
    Removing stm32f4xx_spi.o(.text), (1148 bytes).
    Removing stm32f4xx_syscfg.o(.rev16_text), (4 bytes).
    Removing stm32f4xx_syscfg.o(.revsh_text), (4 bytes).
    Removing stm32f4xx_syscfg.o(.text), (152 bytes).
    Removing stm32f4xx_tim.o(.rev16_text), (4 bytes).
    Removing stm32f4xx_tim.o(.revsh_text), (4 bytes).
    Removing stm32f4xx_usart.o(.rev16_text), (4 bytes).
    Removing stm32f4xx_usart.o(.revsh_text), (4 bytes).
    Removing stm32f4xx_wwdg.o(.rev16_text), (4 bytes).
    Removing stm32f4xx_wwdg.o(.revsh_text), (4 bytes).
    Removing stm32f4xx_wwdg.o(.text), (144 bytes).
    Removing stm32f4x7_eth.o(.rev16_text), (4 bytes).
    Removing stm32f4x7_eth.o(.revsh_text), (4 bytes).
    Removing stm32f4x7_eth.o(.text), (3656 bytes).
    Removing stm32f4x7_eth.o(.bss), (12 bytes).
    Removing stm32f4x7_eth.o(.data), (16 bytes).
    Removing bmp.o(.rev16_text), (4 bytes).
    Removing bmp.o(.revsh_text), (4 bytes).
    Removing bmp.o(.text), (2140 bytes).
    Removing gif.o(.rev16_text), (4 bytes).
    Removing gif.o(.revsh_text), (4 bytes).
    Removing gif.o(.text), (3544 bytes).
    Removing gif.o(.constdata), (40 bytes).
    Removing gif.o(.data), (1 bytes).
    Removing piclib.o(.rev16_text), (4 bytes).
    Removing piclib.o(.revsh_text), (4 bytes).
    Removing piclib.o(.text), (708 bytes).
    Removing piclib.o(.bss), (60 bytes).
    Removing tjpgd.o(.rev16_text), (4 bytes).
    Removing tjpgd.o(.revsh_text), (4 bytes).
    Removing tjpgd.o(.text), (4720 bytes).
    Removing tjpgd.o(.constdata), (1216 bytes).
    Removing tjpgd.o(.data), (12 bytes).
    Removing fontupd.o(.rev16_text), (4 bytes).
    Removing fontupd.o(.revsh_text), (4 bytes).
    Removing fontupd.o(.text), (1504 bytes).
    Removing fontupd.o(.bss), (33 bytes).
    Removing fontupd.o(.constdata), (16 bytes).
    Removing fontupd.o(.conststring), (93 bytes).
    Removing text.o(.rev16_text), (4 bytes).
    Removing text.o(.revsh_text), (4 bytes).
    Removing text.o(.text), (724 bytes).
    Removing exfuns.o(.rev16_text), (4 bytes).
    Removing exfuns.o(.revsh_text), (4 bytes).
    Removing exfuns.o(.text), (408 bytes).
    Removing exfuns.o(.bss), (80 bytes).
    Removing exfuns.o(.constdata), (112 bytes).
    Removing exfuns.o(.conststring), (58 bytes).
    Removing exfuns.o(.data), (20 bytes).
    Removing fattester.o(.rev16_text), (4 bytes).
    Removing fattester.o(.revsh_text), (4 bytes).
    Removing fattester.o(.text), (1736 bytes).
    Removing diskio.o(.rev16_text), (4 bytes).
    Removing diskio.o(.revsh_text), (4 bytes).
    Removing diskio.o(.text), (512 bytes).
    Removing diskio.o(.data), (2 bytes).
    Removing ff.o(.text), (12942 bytes).
    Removing ff.o(.bss), (12 bytes).
    Removing ff.o(.constdata), (58 bytes).
    Removing ff.o(.data), (2 bytes).
    Removing cc936.o(.text), (180 bytes).
    Removing cc936.o(.constdata), (175304 bytes).
    Removing bsp.o(.rev16_text), (4 bytes).
    Removing bsp.o(.revsh_text), (4 bytes).
    Removing cpu_c.o(.text), (1888 bytes).
    Removing lib_math.o(.text), (128 bytes).
    Removing lib_math.o(.data), (4 bytes).
    Removing os_cpu_c.o(.rev16_text), (4 bytes).
    Removing os_cpu_c.o(.revsh_text), (4 bytes).
    Removing os_app_hooks.o(.text), (200 bytes).

196 unused section(s) (total 352465 bytes) removed from the image.

==============================================================================

Memory Map of the image

  Image Entry point : 0x00000000

  Load Region LR_IROM1 (Base: 0x08000000, Size: 0x0000d9a4, Max: 0x00100000, ABSOLUTE)

    Execution Region ER_IROM1 (Base: 0x08000000, Size: 0x0000d710, Max: 0x00100000, ABSOLUTE)

    Base Addr    Size         Type   Attr      Idx    E Section Name        Object

    0x08000000   0x00000188   Data   RO          377    RESET               startup_stm32f40_41xxx.o
    0x08000188   0x00000008   Code   RO         2231  * !!!main             c_w.l(__main.o)
    0x08000190   0x00000000   Code   RO         2216    .ARM.Collect$$_printf_percent$$00000000  c_w.l(_printf_percent.o)
    0x08000190   0x00000006   Code   RO         2214    .ARM.Collect$$_printf_percent$$00000009  c_w.l(_printf_d.o)
    0x08000196   0x00000006   Code   RO         2215    .ARM.Collect$$_printf_percent$$0000000A  c_w.l(_printf_u.o)
    0x0800019c   0x00000006   Code   RO         2213    .ARM.Collect$$_printf_percent$$0000000C  c_w.l(_printf_x.o)
    0x080001a2   0x00000006   Code   RO         2211    .ARM.Collect$$_printf_percent$$00000013  c_w.l(_printf_c.o)
    0x080001a8   0x00000006   Code   RO         2212    .ARM.Collect$$_printf_percent$$00000014  c_w.l(_printf_s.o)
    0x080001ae   0x00000004   Code   RO         2246    .ARM.Collect$$_printf_percent$$00000017  c_w.l(_printf_percent_end.o)
    0x080001b2   0x00000002   Code   RO         2285    .ARM.Collect$$libinit$$00000000  c_w.l(libinit.o)
    0x080001b4   0x00000004   Code   RO         2297    .ARM.Collect$$libinit$$00000001  c_w.l(libinit2.o)
    0x080001b8   0x00000000   Code   RO         2301    .ARM.Collect$$libinit$$00000008  c_w.l(libinit2.o)
    0x080001b8   0x00000000   Code   RO         2303    .ARM.Collect$$libinit$$0000000A  c_w.l(libinit2.o)
    0x080001b8   0x00000000   Code   RO         2305    .ARM.Collect$$libinit$$0000000C  c_w.l(libinit2.o)
    0x080001b8   0x00000000   Code   RO         2308    .ARM.Collect$$libinit$$0000000F  c_w.l(libinit2.o)
    0x080001b8   0x00000000   Code   RO         2310    .ARM.Collect$$libinit$$00000011  c_w.l(libinit2.o)
    0x080001b8   0x00000000   Code   RO         2312    .ARM.Collect$$libinit$$00000013  c_w.l(libinit2.o)
    0x080001b8   0x00000000   Code   RO         2314    .ARM.Collect$$libinit$$00000015  c_w.l(libinit2.o)
    0x080001b8   0x00000000   Code   RO         2316    .ARM.Collect$$libinit$$00000017  c_w.l(libinit2.o)
    0x080001b8   0x00000000   Code   RO         2318    .ARM.Collect$$libinit$$00000019  c_w.l(libinit2.o)
    0x080001b8   0x00000000   Code   RO         2320    .ARM.Collect$$libinit$$0000001B  c_w.l(libinit2.o)
    0x080001b8   0x00000000   Code   RO         2322    .ARM.Collect$$libinit$$0000001D  c_w.l(libinit2.o)
    0x080001b8   0x00000000   Code   RO         2324    .ARM.Collect$$libinit$$0000001F  c_w.l(libinit2.o)
    0x080001b8   0x00000000   Code   RO         2326    .ARM.Collect$$libinit$$00000021  c_w.l(libinit2.o)
    0x080001b8   0x00000000   Code   RO         2328    .ARM.Collect$$libinit$$00000023  c_w.l(libinit2.o)
    0x080001b8   0x00000000   Code   RO         2332    .ARM.Collect$$libinit$$0000002A  c_w.l(libinit2.o)
    0x080001b8   0x00000000   Code   RO         2334    .ARM.Collect$$libinit$$0000002C  c_w.l(libinit2.o)
    0x080001b8   0x00000000   Code   RO         2336    .ARM.Collect$$libinit$$0000002E  c_w.l(libinit2.o)
    0x080001b8   0x00000000   Code   RO         2338    .ARM.Collect$$libinit$$00000030  c_w.l(libinit2.o)
    0x080001b8   0x00000002   Code   RO         2339    .ARM.Collect$$libinit$$00000031  c_w.l(libinit2.o)
    0x080001ba   0x00000002   Code   RO         2365    .ARM.Collect$$libshutdown$$00000000  c_w.l(libshutdown.o)
    0x080001bc   0x00000000   Code   RO         2393    .ARM.Collect$$libshutdown$$00000003  c_w.l(libshutdown2.o)
    0x080001bc   0x00000000   Code   RO         2396    .ARM.Collect$$libshutdown$$00000006  c_w.l(libshutdown2.o)
    0x080001bc   0x00000000   Code   RO         2399    .ARM.Collect$$libshutdown$$00000009  c_w.l(libshutdown2.o)
    0x080001bc   0x00000000   Code   RO         2401    .ARM.Collect$$libshutdown$$0000000B  c_w.l(libshutdown2.o)
    0x080001bc   0x00000000   Code   RO         2404    .ARM.Collect$$libshutdown$$0000000E  c_w.l(libshutdown2.o)
    0x080001bc   0x00000002   Code   RO         2405    .ARM.Collect$$libshutdown$$0000000F  c_w.l(libshutdown2.o)
    0x080001be   0x00000000   Code   RO         2235    .ARM.Collect$$rtentry$$00000000  c_w.l(rtentry.o)
    0x080001be   0x00000000   Code   RO         2248    .ARM.Collect$$rtentry$$00000002  c_w.l(rtentry2.o)
    0x080001be   0x00000006   Code   RO         2260    .ARM.Collect$$rtentry$$00000004  c_w.l(rtentry4.o)
    0x080001c4   0x00000000   Code   RO         2250    .ARM.Collect$$rtentry$$00000009  c_w.l(rtentry2.o)
    0x080001c4   0x00000004   Code   RO         2251    .ARM.Collect$$rtentry$$0000000A  c_w.l(rtentry2.o)
    0x080001c8   0x00000000   Code   RO         2253    .ARM.Collect$$rtentry$$0000000C  c_w.l(rtentry2.o)
    0x080001c8   0x00000008   Code   RO         2254    .ARM.Collect$$rtentry$$0000000D  c_w.l(rtentry2.o)
    0x080001d0   0x00000002   Code   RO         2289    .ARM.Collect$$rtexit$$00000000  c_w.l(rtexit.o)
    0x080001d2   0x00000000   Code   RO         2341    .ARM.Collect$$rtexit$$00000002  c_w.l(rtexit2.o)
    0x080001d2   0x00000004   Code   RO         2342    .ARM.Collect$$rtexit$$00000003  c_w.l(rtexit2.o)
    0x080001d6   0x00000006   Code   RO         2343    .ARM.Collect$$rtexit$$00000004  c_w.l(rtexit2.o)
    0x080001dc   0x00000004   Code   RO            3    .text               main.o
    0x080001e0   0x00000016   Code   RO          302    .text               stm32f4xx_it.o
    0x080001f6   0x00000002   PAD
    0x080001f8   0x0000020c   Code   RO          351    .text               system_stm32f4xx.o
    0x08000404   0x00000040   Code   RO          378    .text               startup_stm32f40_41xxx.o
    0x08000444   0x00000148   Code   RO          384    .text               delay.o
    0x0800058c   0x00000158   Code   RO          493    .text               usart.o
    0x080006e4   0x00000c34   Code   RO          601    .text               usmart.o
    0x08001318   0x00000528   Code   RO          646    .text               usmart_str.o
    0x08001840   0x000000e4   Code   RO          698    .text               misc.o
    0x08001924   0x00000294   Code   RO         1047    .text               stm32f4xx_gpio.o
    0x08001bb8   0x0000065c   Code   RO         1210    .text               stm32f4xx_rcc.o
    0x08002214   0x00000ca2   Code   RO         1355    .text               stm32f4xx_tim.o
    0x08002eb6   0x00000002   PAD
    0x08002eb8   0x00000454   Code   RO         1375    .text               stm32f4xx_usart.o
    0x0800330c   0x00000084   Code   RO         1745    .text               bsp.o
    0x08003390   0x000002b0   Code   RO         1766    .text               cpu_core.o
    0x08003640   0x00000034   Code   RO         1798    .text               cpu_a.o
    0x08003674   0x00000256   Code   RO         1801    .text               lib_ascii.o
    0x080038ca   0x00000002   PAD
    0x080038cc   0x000009c6   Code   RO         1834    .text               lib_mem.o
    0x08004292   0x00000002   PAD
    0x08004294   0x0000092c   Code   RO         1853    .text               lib_str.o
    0x08004bc0   0x00000220   Code   RO         1870    .text               lib_mem_a.o
    0x08004de0   0x000000fc   Code   RO         1873    .text               os_cfg_app.o
    0x08004edc   0x00000e10   Code   RO         1896    .text               os_core.o
    0x08005cec   0x000001b0   Code   RO         1908    .text               os_dbg.o
    0x08005e9c   0x00000e34   Code   RO         1923    .text               os_flag.o
    0x08006cd0   0x00000438   Code   RO         1935    .text               os_int.o
    0x08007108   0x00000238   Code   RO         1947    .text               os_mem.o
    0x08007340   0x00000228   Code   RO         1959    .text               os_msg.o
    0x08007568   0x00000ad4   Code   RO         1971    .text               os_mutex.o
    0x0800803c   0x0000007c   Code   RO         1989    .text               os_prio.o
    0x080080b8   0x000008d4   Code   RO         2008    .text               os_q.o
    0x0800898c   0x00000830   Code   RO         2020    .text               os_sem.o
    0x080091bc   0x00000640   Code   RO         2032    .text               os_stat.o
    0x080097fc   0x00001bb0   Code   RO         2044    .text               os_task.o
    0x0800b3ac   0x00000508   Code   RO         2056    .text               os_tick.o
    0x0800b8b4   0x00000564   Code   RO         2068    .text               os_time.o
    0x0800be18   0x00000818   Code   RO         2080    .text               os_tmr.o
    0x0800c630   0x000003f8   Code   RO         2111    .text               os_cpu_c.o
    0x0800ca28   0x00000002   Code   RO         2152    .text               c_w.l(use_no_semi_2.o)
    0x0800ca2a   0x000000ee   Code   RO         2154    .text               c_w.l(lludivv7m.o)
    0x0800cb18   0x00000018   Code   RO         2160    .text               c_w.l(noretval__2printf.o)
    0x0800cb30   0x00000052   Code   RO         2164    .text               c_w.l(_printf_pad.o)
    0x0800cb82   0x00000052   Code   RO         2166    .text               c_w.l(_printf_str.o)
    0x0800cbd4   0x00000078   Code   RO         2168    .text               c_w.l(_printf_dec.o)
    0x0800cc4c   0x0000005c   Code   RO         2173    .text               c_w.l(_printf_hex_int.o)
    0x0800cca8   0x0000018c   Code   RO         2208    .text               c_w.l(__printf_flags_ss_wp.o)
    0x0800ce34   0x00000006   Code   RO         2229    .text               c_w.l(heapauxi.o)
    0x0800ce3a   0x00000002   Code   RO         2233    .text               c_w.l(use_no_semi.o)
    0x0800ce3c   0x000000b8   Code   RO         2240    .text               c_w.l(_printf_intcommon.o)
    0x0800cef4   0x0000002c   Code   RO         2242    .text               c_w.l(_printf_char.o)
    0x0800cf20   0x00000024   Code   RO         2244    .text               c_w.l(_printf_char_file.o)
    0x0800cf44   0x00000030   Code   RO         2264    .text               c_w.l(_printf_char_common.o)
    0x0800cf74   0x00000008   Code   RO         2266    .text               c_w.l(ferror.o)
    0x0800cf7c   0x0000004a   Code   RO         2270    .text               c_w.l(sys_stackheap_outer.o)
    0x0800cfc6   0x0000000c   Code   RO         2274    .text               c_w.l(exit.o)
    0x0800cfd2   0x00000002   PAD
    0x0800cfd4   0x00000008   Code   RO         2286    .text               c_w.l(libspace.o)
    0x0800cfdc   0x000000ac   Code   RO         2106    CODE                os_cpu_a.o
    0x0800d088   0x0000000e   Code   RO         2201    i._is_digit         c_w.l(__printf_wp.o)
    0x0800d096   0x0000000a   Code   RO         2353    x$fpl$fpinit        fz_wm.l(fpinit.o)
    0x0800d0a0   0x00000104   Data   RO         1768    .constdata          cpu_core.o
    0x0800d1a4   0x00000094   Data   RO         1854    .constdata          lib_str.o
    0x0800d238   0x000000a4   Data   RO         1875    .constdata          os_cfg_app.o
    0x0800d2dc   0x0000016c   Data   RO         1909    .constdata          os_dbg.o
    0x0800d448   0x00000028   Data   RO         2174    .constdata          c_w.l(_printf_hex_int.o)
    0x0800d470   0x00000011   Data   RO         2209    .constdata          c_w.l(__printf_flags_ss_wp.o)
    0x0800d481   0x0000001f   Data   RO          602    .conststring        usmart.o
    0x0800d4a0   0x0000026f   Data   RO          625    .conststring        usmart_config.o
    0x0800d70f   0x00000001   PAD
    0x0800d710   0x00000000   Data   RO         2406    Region$$Table       anon$$obj.o


    Execution Region RW_IRAM1 (Base: 0x20000000, Size: 0x00002988, Max: 0x00020000, ABSOLUTE)

    Base Addr    Size         Type   Attr      Idx    E Section Name        Object

    0x20000000   0x00000014   Data   RW          352    .data               system_stm32f4xx.o
    0x20000014   0x00000004   Data   RW          385    .data               delay.o
    0x20000018   0x00000008   Data   RW          495    .data               usart.o
    0x20000020   0x0000001c   Data   RW          603    .data               usmart.o
    0x2000003c   0x0000016c   Data   RW          626    .data               usmart_config.o
    0x200001a8   0x00000010   Data   RW         1211    .data               stm32f4xx_rcc.o
    0x200001b8   0x00000004   Data   RW         1769    .data               cpu_core.o
    0x200001bc   0x00000004   Data   RW         1836    .data               lib_mem.o
    0x200001c0   0x00000008   Data   RW         1990    .data               os_prio.o
    0x200001c8   0x000000c8   Data   RW         2093    .data               os_var.o
    0x20000290   0x00000004   Data   RW         2112    .data               os_cpu_c.o
    0x20000294   0x000000c8   Zero   RW          494    .bss                usart.o
    0x2000035c   0x00000010   Zero   RW         1767    .bss                cpu_core.o
    0x2000036c   0x00000448   Zero   RW         1835    .bss                lib_mem.o
    0x200007b4   0x00001490   Zero   RW         1874    .bss                os_cfg_app.o
    0x20001c44   0x000006e0   Zero   RW         2092    .bss                os_var.o
    0x20002324   0x00000060   Zero   RW         2287    .bss                c_w.l(libspace.o)
    0x20002384   0x00000004   PAD
    0x20002388   0x00000200   Zero   RW          376    HEAP                startup_stm32f40_41xxx.o
    0x20002588   0x00000400   Zero   RW          375    STACK               startup_stm32f40_41xxx.o



  Load Region LR$$.ARM.__AT_0x10000000 (Base: 0x10000000, Size: 0x00000000, Max: 0x0000f000, ABSOLUTE)

    Execution Region ER$$.ARM.__AT_0x10000000 (Base: 0x10000000, Size: 0x00000000, Max: 0x0000f000, ABSOLUTE, UNINIT)

    **** No section assigned to this execution region ****



  Load Region LR$$.ARM.__AT_0x1000F000 (Base: 0x1000f000, Size: 0x00000000, Max: 0x00000f00, ABSOLUTE)

    Execution Region ER$$.ARM.__AT_0x1000F000 (Base: 0x1000f000, Size: 0x00000000, Max: 0x00000f00, ABSOLUTE, UNINIT)

    **** No section assigned to this execution region ****



  Load Region LR$$.ARM.__AT_0x68000000 (Base: 0x68000000, Size: 0x00000000, Max: 0x000f0000, ABSOLUTE)

    Execution Region ER$$.ARM.__AT_0x68000000 (Base: 0x68000000, Size: 0x00000000, Max: 0x000f0000, ABSOLUTE, UNINIT)

    **** No section assigned to this execution region ****



  Load Region LR$$.ARM.__AT_0x680F0000 (Base: 0x680f0000, Size: 0x00000000, Max: 0x0000f000, ABSOLUTE)

    Execution Region ER$$.ARM.__AT_0x680F0000 (Base: 0x680f0000, Size: 0x00000000, Max: 0x0000f000, ABSOLUTE, UNINIT)

    **** No section assigned to this execution region ****

