ARM Linker, 5.03 [Build 24] [MDK-ARM Standard]

==============================================================================

Section Cross References

    main.o(.text) refers to _printf_percent.o(.ARM.Collect$$_printf_percent$$00000000) for _printf_percent
    main.o(.text) refers to _printf_x.o(.ARM.Collect$$_printf_percent$$0000000C) for _printf_x
    main.o(.text) refers to _printf_hex_int_ll_ptr.o(.text) for _printf_longlong_hex
    main.o(.text) refers to _printf_pad.o(.text) for _printf_pre_padding
    main.o(.text) refers to _printf_d.o(.ARM.Collect$$_printf_percent$$00000009) for _printf_d
    main.o(.text) refers to _printf_dec.o(.text) for _printf_int_dec
    main.o(.text) refers to led.o(.text) for LED_Init
    main.o(.text) refers to lcd.o(.text) for LCD_Init
    main.o(.text) refers to key.o(.text) for KEY_Init
    main.o(.text) refers to __2sprintf.o(.text) for __2sprintf
    main.o(.text) refers to rng.o(.text) for RNG_Init
    main.o(.text) refers to rtc.o(.text) for My_RTC_Init
    main.o(.text) refers to adc.o(.text) for Adc_Init
    main.o(.text) refers to remote.o(.text) for Remote_Init
    main.o(.text) refers to can.o(.text) for CAN1_Mode_Init
    main.o(.text) refers to beep.o(.text) for BEEP_Init
    main.o(.text) refers to delay.o(.text) for delay_ms
    main.o(.text) refers to misc.o(.text) for NVIC_PriorityGroupConfig
    main.o(.text) refers to usart.o(.text) for uart_init
    main.o(.text) refers to graphic.o(.text) for gui_clear
    main.o(.text) refers to lcd.o(.data) for POINT_COLOR
    main.o(.text) refers to lcd.o(.bss) for lcddev
    main.o(.text) refers to main.o(.bss) for lcd_id
    main.o(.text) refers to touch.o(.data) for tp_dev
    main.o(.text) refers to main.o(.data) for CanMode
    main.o(.text) refers to infrared_remote_ctrl.o(.text) for remote_ctrl
    main.o(.text) refers to stm32f4xx_rtc.o(.text) for RTC_GetDate
    system_stm32f4xx.o(.text) refers to system_stm32f4xx.o(.data) for SystemCoreClock
    startup_stm32f40_41xxx.o(STACK) refers (Special) to heapauxi.o(.text) for __use_two_region_memory
    startup_stm32f40_41xxx.o(HEAP) refers (Special) to heapauxi.o(.text) for __use_two_region_memory
    startup_stm32f40_41xxx.o(RESET) refers (Special) to heapauxi.o(.text) for __use_two_region_memory
    startup_stm32f40_41xxx.o(RESET) refers to startup_stm32f40_41xxx.o(STACK) for __initial_sp
    startup_stm32f40_41xxx.o(RESET) refers to startup_stm32f40_41xxx.o(.text) for Reset_Handler
    startup_stm32f40_41xxx.o(RESET) refers to stm32f4xx_it.o(.text) for NMI_Handler
    startup_stm32f40_41xxx.o(RESET) refers to rtc.o(.text) for RTC_WKUP_IRQHandler
    startup_stm32f40_41xxx.o(RESET) refers to remote.o(.text) for TIM1_UP_TIM10_IRQHandler
    startup_stm32f40_41xxx.o(RESET) refers to timer.o(.text) for TIM3_IRQHandler
    startup_stm32f40_41xxx.o(RESET) refers to usart.o(.text) for USART1_IRQHandler
    startup_stm32f40_41xxx.o(RESET) refers to usart3.o(.text) for USART3_IRQHandler
    startup_stm32f40_41xxx.o(.text) refers (Special) to heapauxi.o(.text) for __use_two_region_memory
    startup_stm32f40_41xxx.o(.text) refers to system_stm32f4xx.o(.text) for SystemInit
    startup_stm32f40_41xxx.o(.text) refers to __main.o(!!!main) for __main
    startup_stm32f40_41xxx.o(.text) refers to startup_stm32f40_41xxx.o(HEAP) for Heap_Mem
    startup_stm32f40_41xxx.o(.text) refers to startup_stm32f40_41xxx.o(STACK) for Stack_Mem
    stm32f4xx_adc.o(.text) refers to stm32f4xx_rcc.o(.text) for RCC_APB2PeriphResetCmd
    stm32f4xx_can.o(.text) refers to stm32f4xx_rcc.o(.text) for RCC_APB1PeriphResetCmd
    stm32f4xx_cryp.o(.text) refers to stm32f4xx_rcc.o(.text) for RCC_AHB2PeriphResetCmd
    stm32f4xx_cryp_aes.o(.text) refers to stm32f4xx_cryp.o(.text) for CRYP_KeyStructInit
    stm32f4xx_cryp_des.o(.text) refers to stm32f4xx_cryp.o(.text) for CRYP_KeyStructInit
    stm32f4xx_cryp_tdes.o(.text) refers to stm32f4xx_cryp.o(.text) for CRYP_KeyStructInit
    stm32f4xx_dac.o(.text) refers to stm32f4xx_rcc.o(.text) for RCC_APB1PeriphResetCmd
    stm32f4xx_dma2d.o(.text) refers to stm32f4xx_rcc.o(.text) for RCC_AHB1PeriphResetCmd
    stm32f4xx_fsmc.o(.text) refers to stm32f4xx_fsmc.o(.constdata) for FSMC_DefaultTimingStruct
    stm32f4xx_gpio.o(.text) refers to stm32f4xx_rcc.o(.text) for RCC_AHB1PeriphResetCmd
    stm32f4xx_hash.o(.text) refers to stm32f4xx_rcc.o(.text) for RCC_AHB2PeriphResetCmd
    stm32f4xx_hash_md5.o(.text) refers to stm32f4xx_hash.o(.text) for HASH_DeInit
    stm32f4xx_hash_sha1.o(.text) refers to stm32f4xx_hash.o(.text) for HASH_DeInit
    stm32f4xx_i2c.o(.text) refers to stm32f4xx_rcc.o(.text) for RCC_APB1PeriphResetCmd
    stm32f4xx_ltdc.o(.text) refers to stm32f4xx_rcc.o(.text) for RCC_APB2PeriphResetCmd
    stm32f4xx_pwr.o(.text) refers to stm32f4xx_rcc.o(.text) for RCC_APB1PeriphResetCmd
    stm32f4xx_rcc.o(.text) refers to stm32f4xx_rcc.o(.data) for APBAHBPrescTable
[...]
    FLASH_InstructionCacheReset              0x08001c35   Thumb Code    14  stm32f4xx_flash.o(.text)
    FLASH_DataCacheReset                     0x08001c43   Thumb Code    14  stm32f4xx_flash.o(.text)
    FLASH_Unlock                             0x08001c51   Thumb Code    26  stm32f4xx_flash.o(.text)
    FLASH_Lock                               0x08001c6b   Thumb Code    18  stm32f4xx_flash.o(.text)
    FLASH_GetStatus                          0x08001c7d   Thumb Code    90  stm32f4xx_flash.o(.text)
    FLASH_WaitForLastOperation               0x08001cd7   Thumb Code    34  stm32f4xx_flash.o(.text)
    FLASH_EraseSector                        0x08001cf9   Thumb Code   140  stm32f4xx_flash.o(.text)
    FLASH_EraseAllSectors                    0x08001d85   Thumb Code   112  stm32f4xx_flash.o(.text)
    FLASH_EraseAllBank1Sectors               0x08001df5   Thumb Code   112  stm32f4xx_flash.o(.text)
    FLASH_EraseAllBank2Sectors               0x08001e65   Thumb Code   112  stm32f4xx_flash.o(.text)
    FLASH_ProgramDoubleWord                  0x08001ed5   Thumb Code    88  stm32f4xx_flash.o(.text)
    FLASH_ProgramWord                        0x08001f2d   Thumb Code    82  stm32f4xx_flash.o(.text)
    FLASH_ProgramHalfWord                    0x08001f7f   Thumb Code    94  stm32f4xx_flash.o(.text)
    FLASH_ProgramByte                        0x08001fdd   Thumb Code    70  stm32f4xx_flash.o(.text)
    FLASH_OB_Unlock                          0x08002023   Thumb Code    26  stm32f4xx_flash.o(.text)
    FLASH_OB_Lock                            0x0800203d   Thumb Code    18  stm32f4xx_flash.o(.text)
    FLASH_OB_WRPConfig                       0x0800204f   Thumb Code    54  stm32f4xx_flash.o(.text)
    FLASH_OB_WRP1Config                      0x08002085   Thumb Code    54  stm32f4xx_flash.o(.text)
    FLASH_OB_PCROPSelectionConfig            0x080020bb   Thumb Code    24  stm32f4xx_flash.o(.text)
    FLASH_OB_PCROPConfig                     0x080020d3   Thumb Code    54  stm32f4xx_flash.o(.text)
    FLASH_OB_PCROP1Config                    0x08002109   Thumb Code    54  stm32f4xx_flash.o(.text)
    FLASH_OB_RDPConfig                       0x0800213f   Thumb Code    24  stm32f4xx_flash.o(.text)
    FLASH_OB_UserConfig                      0x08002157   Thumb Code    46  stm32f4xx_flash.o(.text)
    FLASH_OB_BootConfig                      0x08002185   Thumb Code    26  stm32f4xx_flash.o(.text)
    FLASH_OB_BORConfig                       0x0800219f   Thumb Code    26  stm32f4xx_flash.o(.text)
    FLASH_OB_Launch                          0x080021b9   Thumb Code    30  stm32f4xx_flash.o(.text)
    FLASH_OB_GetUser                         0x080021d7   Thumb Code    12  stm32f4xx_flash.o(.text)
    FLASH_OB_GetWRP                          0x080021e3   Thumb Code     8  stm32f4xx_flash.o(.text)
    FLASH_OB_GetWRP1                         0x080021eb   Thumb Code     8  stm32f4xx_flash.o(.text)
    FLASH_OB_GetPCROP                        0x080021f3   Thumb Code     8  stm32f4xx_flash.o(.text)
    FLASH_OB_GetPCROP1                       0x080021fb   Thumb Code     8  stm32f4xx_flash.o(.text)
    FLASH_OB_GetRDP                          0x08002203   Thumb Code    20  stm32f4xx_flash.o(.text)
    FLASH_OB_GetBOR                          0x08002217   Thumb Code    12  stm32f4xx_flash.o(.text)
    FLASH_ITConfig                           0x08002223   Thumb Code    26  stm32f4xx_flash.o(.text)
    FLASH_GetFlagStatus                      0x0800223d   Thumb Code    22  stm32f4xx_flash.o(.text)
    FLASH_ClearFlag                          0x08002253   Thumb Code     8  stm32f4xx_flash.o(.text)
    FSMC_NORSRAMDeInit                       0x08002269   Thumb Code    56  stm32f4xx_fsmc.o(.text)
    FSMC_NORSRAMInit                         0x080022a1   Thumb Code   224  stm32f4xx_fsmc.o(.text)
    FSMC_NORSRAMStructInit                   0x08002381   Thumb Code    48  stm32f4xx_fsmc.o(.text)
    FSMC_NORSRAMCmd                          0x080023b1   Thumb Code    46  stm32f4xx_fsmc.o(.text)
    FSMC_NANDDeInit                          0x080023df   Thumb Code    62  stm32f4xx_fsmc.o(.text)
    FSMC_NANDInit                            0x0800241d   Thumb Code   130  stm32f4xx_fsmc.o(.text)
    FSMC_NANDStructInit                      0x0800249f   Thumb Code    54  stm32f4xx_fsmc.o(.text)
    FSMC_NANDCmd                             0x080024d5   Thumb Code    86  stm32f4xx_fsmc.o(.text)
    FSMC_NANDECCCmd                          0x0800252b   Thumb Code    86  stm32f4xx_fsmc.o(.text)
    FSMC_GetECC                              0x08002581   Thumb Code    22  stm32f4xx_fsmc.o(.text)
    FSMC_PCCARDDeInit                        0x08002597   Thumb Code    40  stm32f4xx_fsmc.o(.text)
    FSMC_PCCARDInit                          0x080025bf   Thumb Code   124  stm32f4xx_fsmc.o(.text)
    FSMC_PCCARDStructInit                    0x0800263b   Thumb Code    60  stm32f4xx_fsmc.o(.text)
    FSMC_PCCARDCmd                           0x08002677   Thumb Code    40  stm32f4xx_fsmc.o(.text)
    FSMC_ITConfig                            0x0800269f   Thumb Code   128  stm32f4xx_fsmc.o(.text)
    FSMC_GetFlagStatus                       0x0800271f   Thumb Code    48  stm32f4xx_fsmc.o(.text)
    FSMC_ClearFlag                           0x0800274f   Thumb Code   114  stm32f4xx_fsmc.o(.text)
    FSMC_GetITStatus                         0x080027c1   Thumb Code    60  stm32f4xx_fsmc.o(.text)
    FSMC_ClearITPendingBit                   0x080027fd   Thumb Code    64  stm32f4xx_fsmc.o(.text)
    GPIO_DeInit                              0x08002845   Thumb Code   268  stm32f4xx_gpio.o(.text)
    GPIO_Init                                0x08002951   Thumb Code   144  stm32f4xx_gpio.o(.text)
    GPIO_StructInit                          0x080029e1   Thumb Code    18  stm32f4xx_gpio.o(.text)
    GPIO_PinLockConfig                       0x080029f3   Thumb Code    34  stm32f4xx_gpio.o(.text)
    GPIO_ReadInputDataBit                    0x08002a15   Thumb Code    18  stm32f4xx_gpio.o(.text)
    GPIO_ReadInputData                       0x08002a27   Thumb Code     8  stm32f4xx_gpio.o(.text)
    GPIO_ReadOutputDataBit                   0x08002a2f   Thumb Code    18  stm32f4xx_gpio.o(.text)
    GPIO_ReadOutputData                      0x08002a41   Thumb Code     8  stm32f4xx_gpio.o(.text)
    GPIO_SetBits                             0x08002a49   Thumb Code     4  stm32f4xx_gpio.o(.text)
    GPIO_ResetBits                           0x08002a4d   Thumb Code     4  stm32f4xx_gpio.o(.text)
    GPIO_WriteBit                            0x08002a51   Thumb Code    10  stm32f4xx_gpio.o(.text)
    GPIO_Write                               0x08002a5b   Thumb Code     4  stm32f4xx_gpio.o(.text)
    GPIO_ToggleBits                          0x08002a5f   Thumb Code     8  stm32f4xx_gpio.o(.text)
    GPIO_PinAFConfig                         0x08002a67   Thumb Code    70  stm32f4xx_gpio.o(.text)
    PWR_DeInit                               0x08002ad9   Thumb Code    22  stm32f4xx_pwr.o(.text)
    PWR_BackupAccessCmd                      0x08002aef   Thumb Code     6  stm32f4xx_pwr.o(.text)
    PWR_PVDLevelConfig                       0x08002af5   Thumb Code    18  stm32f4xx_pwr.o(.text)
    PWR_PVDCmd                               0x08002b07   Thumb Code     6  stm32f4xx_pwr.o(.text)
    PWR_WakeUpPinCmd                         0x08002b0d   Thumb Code     6  stm32f4xx_pwr.o(.text)
    PWR_BackupRegulatorCmd                   0x08002b13   Thumb Code     6  stm32f4xx_pwr.o(.text)
    PWR_MainRegulatorModeConfig              0x08002b19   Thumb Code    18  stm32f4xx_pwr.o(.text)
    PWR_OverDriveCmd                         0x08002b2b   Thumb Code     6  stm32f4xx_pwr.o(.text)
    PWR_OverDriveSWCmd                       0x08002b31   Thumb Code     6  stm32f4xx_pwr.o(.text)
    PWR_UnderDriveCmd                        0x08002b37   Thumb Code    30  stm32f4xx_pwr.o(.text)
    PWR_MainRegulatorLowVoltageCmd           0x08002b55   Thumb Code    18  stm32f4xx_pwr.o(.text)
    PWR_LowRegulatorLowVoltageCmd            0x08002b67   Thumb Code    18  stm32f4xx_pwr.o(.text)
    PWR_FlashPowerDownCmd                    0x08002b79   Thumb Code     6  stm32f4xx_pwr.o(.text)
    PWR_EnterSTOPMode                        0x08002b7f   Thumb Code    58  stm32f4xx_pwr.o(.text)
    PWR_EnterUnderDriveSTOPMode              0x08002bb9   Thumb Code    58  stm32f4xx_pwr.o(.text)
    PWR_EnterSTANDBYMode                     0x08002bf3   Thumb Code    32  stm32f4xx_pwr.o(.text)
    PWR_GetFlagStatus                        0x08002c13   Thumb Code    20  stm32f4xx_pwr.o(.text)
    PWR_ClearFlag                            0x08002c27   Thumb Code    14  stm32f4xx_pwr.o(.text)
    RCC_DeInit                               0x08002c49   Thumb Code    82  stm32f4xx_rcc.o(.text)
    RCC_HSEConfig                            0x08002c9b   Thumb Code    14  stm32f4xx_rcc.o(.text)
    RCC_GetFlagStatus                        0x08002ca9   Thumb Code    60  stm32f4xx_rcc.o(.text)
    RCC_WaitForHSEStartUp                    0x08002ce5   Thumb Code    56  stm32f4xx_rcc.o(.text)
    RCC_AdjustHSICalibrationValue            0x08002d1d   Thumb Code    20  stm32f4xx_rcc.o(.text)
    RCC_HSICmd                               0x08002d31   Thumb Code     6  stm32f4xx_rcc.o(.text)
    RCC_LSEConfig                            0x08002d37   Thumb Code    46  stm32f4xx_rcc.o(.text)
    RCC_LSICmd                               0x08002d65   Thumb Code     6  stm32f4xx_rcc.o(.text)
    RCC_PLLConfig                            0x08002d6b   Thumb Code    32  stm32f4xx_rcc.o(.text)
    RCC_PLLCmd                               0x08002d8b   Thumb Code     6  stm32f4xx_rcc.o(.text)
    RCC_PLLI2SConfig                         0x08002d91   Thumb Code    14  stm32f4xx_rcc.o(.text)
    RCC_PLLI2SCmd                            0x08002d9f   Thumb Code     6  stm32f4xx_rcc.o(.text)
    RCC_PLLSAIConfig                         0x08002da5   Thumb Code    20  stm32f4xx_rcc.o(.text)
    RCC_PLLSAICmd                            0x08002db9   Thumb Code     6  stm32f4xx_rcc.o(.text)
    RCC_ClockSecuritySystemCmd               0x08002dbf   Thumb Code     6  stm32f4xx_rcc.o(.text)
    RCC_MCO1Config                           0x08002dc5   Thumb Code    28  stm32f4xx_rcc.o(.text)
    RCC_MCO2Config                           0x08002de1   Thumb Code    28  stm32f4xx_rcc.o(.text)
    RCC_SYSCLKConfig                         0x08002dfd   Thumb Code    20  stm32f4xx_rcc.o(.text)
    RCC_GetSYSCLKSource                      0x08002e11   Thumb Code    12  stm32f4xx_rcc.o(.text)
    RCC_HCLKConfig                           0x08002e1d   Thumb Code    20  stm32f4xx_rcc.o(.text)
    RCC_PCLK1Config                          0x08002e31   Thumb Code    20  stm32f4xx_rcc.o(.text)
    RCC_PCLK2Config                          0x08002e45   Thumb Code    22  stm32f4xx_rcc.o(.text)
    RCC_GetClocksFreq                        0x08002e5b   Thumb Code   222  stm32f4xx_rcc.o(.text)
    RCC_RTCCLKConfig                         0x08002f39   Thumb Code    54  stm32f4xx_rcc.o(.text)
    RCC_RTCCLKCmd                            0x08002f6f   Thumb Code     8  stm32f4xx_rcc.o(.text)
    RCC_BackupResetCmd                       0x08002f77   Thumb Code     8  stm32f4xx_rcc.o(.text)
    RCC_I2SCLKConfig                         0x08002f7f   Thumb Code     6  stm32f4xx_rcc.o(.text)
    RCC_SAIPLLI2SClkDivConfig                0x08002f85   Thumb Code    26  stm32f4xx_rcc.o(.text)
    RCC_SAIPLLSAIClkDivConfig                0x08002f9f   Thumb Code    28  stm32f4xx_rcc.o(.text)
    RCC_SAIBlockACLKConfig                   0x08002fbb   Thumb Code    20  stm32f4xx_rcc.o(.text)
    RCC_SAIBlockBCLKConfig                   0x08002fcf   Thumb Code    20  stm32f4xx_rcc.o(.text)
    RCC_LTDCCLKDivConfig                     0x08002fe3   Thumb Code    20  stm32f4xx_rcc.o(.text)
    RCC_TIMCLKPresConfig                     0x08002ff7   Thumb Code     6  stm32f4xx_rcc.o(.text)
    RCC_AHB1PeriphClockCmd                   0x08002ffd   Thumb Code    34  stm32f4xx_rcc.o(.text)
    RCC_AHB2PeriphClockCmd                   0x0800301f   Thumb Code    78  stm32f4xx_rcc.o(.text)
    RCC_AHB3PeriphClockCmd                   0x0800306d   Thumb Code    34  stm32f4xx_rcc.o(.text)
    RCC_APB1PeriphClockCmd                   0x0800308f   Thumb Code    34  stm32f4xx_rcc.o(.text)
    RCC_APB2PeriphClockCmd                   0x080030b1   Thumb Code    34  stm32f4xx_rcc.o(.text)
    RCC_AHB1PeriphResetCmd                   0x080030d3   Thumb Code    34  stm32f4xx_rcc.o(.text)
    RCC_AHB2PeriphResetCmd                   0x080030f5   Thumb Code    34  stm32f4xx_rcc.o(.text)
    RCC_AHB3PeriphResetCmd                   0x08003117   Thumb Code    34  stm32f4xx_rcc.o(.text)
    RCC_APB1PeriphResetCmd                   0x08003139   Thumb Code    34  stm32f4xx_rcc.o(.text)
    RCC_APB2PeriphResetCmd                   0x0800315b   Thumb Code    34  stm32f4xx_rcc.o(.text)
    RCC_AHB1PeriphClockLPModeCmd             0x0800317d   Thumb Code    34  stm32f4xx_rcc.o(.text)
    RCC_AHB2PeriphClockLPModeCmd             0x0800319f   Thumb Code    34  stm32f4xx_rcc.o(.text)
    RCC_AHB3PeriphClockLPModeCmd             0x080031c1   Thumb Code    34  stm32f4xx_rcc.o(.text)
    RCC_APB1PeriphClockLPModeCmd             0x080031e3   Thumb Code    34  stm32f4xx_rcc.o(.text)
    RCC_APB2PeriphClockLPModeCmd             0x08003205   Thumb Code    34  stm32f4xx_rcc.o(.text)
    RCC_LSEModeConfig                        0x08003227   Thumb Code    40  stm32f4xx_rcc.o(.text)
    RCC_ITConfig                             0x0800324f   Thumb Code    34  stm32f4xx_rcc.o(.text)
    RCC_ClearFlag                            0x08003271   Thumb Code    18  stm32f4xx_rcc.o(.text)
    RCC_GetITStatus                          0x08003283   Thumb Code    22  stm32f4xx_rcc.o(.text)
    RCC_ClearITPendingBit                    0x08003299   Thumb Code     8  stm32f4xx_rcc.o(.text)
    RNG_DeInit                               0x080032a5   Thumb Code    20  stm32f4xx_rng.o(.text)
    RNG_Cmd                                  0x080032b9   Thumb Code    30  stm32f4xx_rng.o(.text)
    RNG_GetRandomNumber                      0x080032d7   Thumb Code     8  stm32f4xx_rng.o(.text)
    RNG_ITConfig                             0x080032df   Thumb Code    30  stm32f4xx_rng.o(.text)
    RNG_GetFlagStatus                        0x080032fd   Thumb Code    22  stm32f4xx_rng.o(.text)
    RNG_ClearFlag                            0x08003313   Thumb Code    12  stm32f4xx_rng.o(.text)
    RNG_GetITStatus                          0x0800331f   Thumb Code    22  stm32f4xx_rng.o(.text)
    RNG_ClearITPendingBit                    0x08003335   Thumb Code    12  stm32f4xx_rng.o(.text)
    RTC_WaitForSynchro                       0x08003345   Thumb Code    92  stm32f4xx_rtc.o(.text)
    RTC_EnterInitMode                        0x080033a1   Thumb Code    84  stm32f4xx_rtc.o(.text)
    RTC_DeInit                               0x080033f5   Thumb Code   204  stm32f4xx_rtc.o(.text)
    RTC_ExitInitMode                         0x080034c1   Thumb Code    18  stm32f4xx_rtc.o(.text)
    RTC_Init                                 0x080034d3   Thumb Code    94  stm32f4xx_rtc.o(.text)
    RTC_StructInit                           0x08003531   Thumb Code    14  stm32f4xx_rtc.o(.text)
    RTC_WriteProtectionCmd                   0x0800353f   Thumb Code    22  stm32f4xx_rtc.o(.text)
    RTC_RefClockCmd                          0x08003555   Thumb Code    76  stm32f4xx_rtc.o(.text)
    RTC_BypassShadowCmd                      0x080035a1   Thumb Code    54  stm32f4xx_rtc.o(.text)
    RTC_SetTime                              0x08003609   Thumb Code   200  stm32f4xx_rtc.o(.text)
    RTC_TimeStructInit                       0x080036d1   Thumb Code    12  stm32f4xx_rtc.o(.text)
    RTC_GetTime                              0x080036dd   Thumb Code    74  stm32f4xx_rtc.o(.text)
    RTC_GetSubSecond                         0x08003727   Thumb Code    30  stm32f4xx_rtc.o(.text)
    RTC_SetDate                              0x08003745   Thumb Code   190  stm32f4xx_rtc.o(.text)
    RTC_DateStructInit                       0x08003803   Thumb Code    14  stm32f4xx_rtc.o(.text)
    RTC_GetDate                              0x08003811   Thumb Code    70  stm32f4xx_rtc.o(.text)
    RTC_SetAlarm                             0x08003857   Thumb Code   230  stm32f4xx_rtc.o(.text)
    RTC_AlarmStructInit                      0x0800393d   Thumb Code    22  stm32f4xx_rtc.o(.text)
    RTC_GetAlarm                             0x08003953   Thumb Code   114  stm32f4xx_rtc.o(.text)
    RTC_AlarmCmd                             0x080039c5   Thumb Code   112  stm32f4xx_rtc.o(.text)
    RTC_AlarmSubSecondConfig                 0x08003a35   Thumb Code    46  stm32f4xx_rtc.o(.text)
    RTC_GetAlarmSubSecond                    0x08003a63   Thumb Code    34  stm32f4xx_rtc.o(.text)
    RTC_WakeUpClockConfig                    0x08003a85   Thumb Code    42  stm32f4xx_rtc.o(.text)
    RTC_SetWakeUpCounter                     0x08003aaf   Thumb Code    22  stm32f4xx_rtc.o(.text)
    RTC_GetWakeUpCounter                     0x08003ac5   Thumb Code    10  stm32f4xx_rtc.o(.text)
    RTC_WakeUpCmd                            0x08003acf   Thumb Code   116  stm32f4xx_rtc.o(.text)
    RTC_DayLightSavingConfig                 0x08003b43   Thumb Code    50  stm32f4xx_rtc.o(.text)
    RTC_GetStoreOperation                    0x08003b75   Thumb Code    12  stm32f4xx_rtc.o(.text)
    RTC_OutputConfig                         0x08003b81   Thumb Code    60  stm32f4xx_rtc.o(.text)
    RTC_CoarseCalibConfig                    0x08003bbd   Thumb Code    52  stm32f4xx_rtc.o(.text)
    RTC_CoarseCalibCmd                       0x08003bf1   Thumb Code    76  stm32f4xx_rtc.o(.text)
    RTC_CalibOutputCmd                       0x08003c3d   Thumb Code    54  stm32f4xx_rtc.o(.text)
    RTC_CalibOutputConfig                    0x08003c73   Thumb Code    42  stm32f4xx_rtc.o(.text)
    RTC_SmoothCalibConfig                    0x08003c9d   Thumb Code    90  stm32f4xx_rtc.o(.text)
    RTC_TimeStampCmd                         0x08003cf7   Thumb Code    54  stm32f4xx_rtc.o(.text)
    RTC_GetTimeStamp                         0x08003d2d   Thumb Code   144  stm32f4xx_rtc.o(.text)
    RTC_GetTimeStampSubSecond                0x08003dbd   Thumb Code     8  stm32f4xx_rtc.o(.text)
    RTC_TamperTriggerConfig                  0x08003dc5   Thumb Code    38  stm32f4xx_rtc.o(.text)
    RTC_TamperCmd                            0x08003deb   Thumb Code    34  stm32f4xx_rtc.o(.text)
    RTC_TamperFilterConfig                   0x08003e0d   Thumb Code    26  stm32f4xx_rtc.o(.text)
    RTC_TamperSamplingFreqConfig             0x08003e27   Thumb Code    26  stm32f4xx_rtc.o(.text)
    RTC_TamperPinsPrechargeDuration          0x08003e41   Thumb Code    26  stm32f4xx_rtc.o(.text)
    RTC_TimeStampOnTamperDetectionCmd        0x08003e5b   Thumb Code    38  stm32f4xx_rtc.o(.text)
    RTC_TamperPullUpCmd                      0x08003e81   Thumb Code    38  stm32f4xx_rtc.o(.text)
    RTC_WriteBackupRegister                  0x08003ea7   Thumb Code    26  stm32f4xx_rtc.o(.text)
    RTC_ReadBackupRegister                   0x08003ec1   Thumb Code    28  stm32f4xx_rtc.o(.text)
    RTC_TamperPinSelection                   0x08003edd   Thumb Code    26  stm32f4xx_rtc.o(.text)
    RTC_TimeStampPinSelection                0x08003ef7   Thumb Code    26  stm32f4xx_rtc.o(.text)
    RTC_OutputTypeConfig                     0x08003f11   Thumb Code    26  stm32f4xx_rtc.o(.text)
    RTC_SynchroShiftConfig                   0x08003f2b   Thumb Code   130  stm32f4xx_rtc.o(.text)
    RTC_ITConfig                             0x08003fad   Thumb Code    94  stm32f4xx_rtc.o(.text)
    RTC_GetFlagStatus                        0x0800400b   Thumb Code    32  stm32f4xx_rtc.o(.text)
    RTC_ClearFlag                            0x0800402b   Thumb Code    28  stm32f4xx_rtc.o(.text)
    RTC_GetITStatus                          0x08004047   Thumb Code    62  stm32f4xx_rtc.o(.text)
    RTC_ClearITPendingBit                    0x08004085   Thumb Code    32  stm32f4xx_rtc.o(.text)
    TIM_DeInit                               0x080040ad   Thumb Code   346  stm32f4xx_tim.o(.text)
    TIM_TimeBaseInit                         0x08004207   Thumb Code   104  stm32f4xx_tim.o(.text)
    TIM_TimeBaseStructInit                   0x0800426f   Thumb Code    18  stm32f4xx_tim.o(.text)
    TIM_PrescalerConfig                      0x08004281   Thumb Code     6  stm32f4xx_tim.o(.text)
    TIM_CounterModeConfig                    0x08004287   Thumb Code    18  stm32f4xx_tim.o(.text)
    TIM_SetCounter                           0x08004299   Thumb Code     4  stm32f4xx_tim.o(.text)
    TIM_SetAutoreload                        0x0800429d   Thumb Code     4  stm32f4xx_tim.o(.text)
    TIM_GetCounter                           0x080042a1   Thumb Code     6  stm32f4xx_tim.o(.text)
    TIM_GetPrescaler                         0x080042a7   Thumb Code     6  stm32f4xx_tim.o(.text)
    TIM_UpdateDisableConfig                  0x080042ad   Thumb Code    24  stm32f4xx_tim.o(.text)
    TIM_UpdateRequestConfig                  0x080042c5   Thumb Code    24  stm32f4xx_tim.o(.text)
    TIM_ARRPreloadConfig                     0x080042dd   Thumb Code    24  stm32f4xx_tim.o(.text)
    TIM_SelectOnePulseMode                   0x080042f5   Thumb Code    18  stm32f4xx_tim.o(.text)
    TIM_SetClockDivision                     0x08004307   Thumb Code    18  stm32f4xx_tim.o(.text)
    TIM_Cmd                                  0x08004319   Thumb Code    24  stm32f4xx_tim.o(.text)
    TIM_OC1Init                              0x08004331   Thumb Code   114  stm32f4xx_tim.o(.text)
    TIM_OC2Init                              0x080043a3   Thumb Code   154  stm32f4xx_tim.o(.text)
    TIM_OC3Init                              0x0800443d   Thumb Code   204  stm32f4xx_tim.o(.text)
    TIM_OC4Init                              0x08004509   Thumb Code   112  stm32f4xx_tim.o(.text)
    TIM_OCStructInit                         0x08004579   Thumb Code    20  stm32f4xx_tim.o(.text)
    TIM_SelectOCxM                           0x0800458d   Thumb Code    86  stm32f4xx_tim.o(.text)
    TIM_SetCompare1                          0x080045e3   Thumb Code     4  stm32f4xx_tim.o(.text)
    TIM_SetCompare2                          0x080045e7   Thumb Code     4  stm32f4xx_tim.o(.text)
    TIM_SetCompare3                          0x080045eb   Thumb Code     4  stm32f4xx_tim.o(.text)
    TIM_SetCompare4                          0x080045ef   Thumb Code     4  stm32f4xx_tim.o(.text)
    TIM_ForcedOC1Config                      0x080045f3   Thumb Code    18  stm32f4xx_tim.o(.text)
    TIM_ForcedOC2Config                      0x08004605   Thumb Code    26  stm32f4xx_tim.o(.text)
    TIM_ForcedOC3Config                      0x0800461f   Thumb Code    18  stm32f4xx_tim.o(.text)
    TIM_ForcedOC4Config                      0x08004631   Thumb Code    26  stm32f4xx_tim.o(.text)
    TIM_OC1PreloadConfig                     0x0800464b   Thumb Code    18  stm32f4xx_tim.o(.text)
    TIM_OC2PreloadConfig                     0x0800465d   Thumb Code    26  stm32f4xx_tim.o(.text)
    TIM_OC3PreloadConfig                     0x08004677   Thumb Code    18  stm32f4xx_tim.o(.text)
    TIM_OC4PreloadConfig                     0x08004689   Thumb Code    26  stm32f4xx_tim.o(.text)
    TIM_OC1FastConfig                        0x080046a3   Thumb Code    18  stm32f4xx_tim.o(.text)
    TIM_OC2FastConfig                        0x080046b5   Thumb Code    26  stm32f4xx_tim.o(.text)
    TIM_OC3FastConfig                        0x080046cf   Thumb Code    18  stm32f4xx_tim.o(.text)
    TIM_OC4FastConfig                        0x080046e1   Thumb Code    26  stm32f4xx_tim.o(.text)
    TIM_ClearOC1Ref                          0x080046fb   Thumb Code    18  stm32f4xx_tim.o(.text)
    TIM_ClearOC2Ref                          0x0800470d   Thumb Code    24  stm32f4xx_tim.o(.text)
    TIM_ClearOC3Ref                          0x08004725   Thumb Code    18  stm32f4xx_tim.o(.text)
    TIM_ClearOC4Ref                          0x08004737   Thumb Code    24  stm32f4xx_tim.o(.text)
    TIM_OC1PolarityConfig                    0x0800474f   Thumb Code    18  stm32f4xx_tim.o(.text)
    TIM_OC1NPolarityConfig                   0x08004761   Thumb Code    18  stm32f4xx_tim.o(.text)
    TIM_OC2PolarityConfig                    0x08004773   Thumb Code    26  stm32f4xx_tim.o(.text)
    TIM_OC2NPolarityConfig                   0x0800478d   Thumb Code    26  stm32f4xx_tim.o(.text)
    TIM_OC3PolarityConfig                    0x080047a7   Thumb Code    26  stm32f4xx_tim.o(.text)
    TIM_OC3NPolarityConfig                   0x080047c1   Thumb Code    26  stm32f4xx_tim.o(.text)
    TIM_OC4PolarityConfig                    0x080047db   Thumb Code    26  stm32f4xx_tim.o(.text)
    TIM_CCxCmd                               0x080047f5   Thumb Code    30  stm32f4xx_tim.o(.text)
    TIM_CCxNCmd                              0x08004813   Thumb Code    30  stm32f4xx_tim.o(.text)
    TIM_SetIC4Prescaler                      0x08004831   Thumb Code    26  stm32f4xx_tim.o(.text)
    TIM_SetIC3Prescaler                      0x0800489b   Thumb Code    18  stm32f4xx_tim.o(.text)
    TIM_SetIC2Prescaler                      0x080048f5   Thumb Code    26  stm32f4xx_tim.o(.text)
    TIM_SetIC1Prescaler                      0x08004969   Thumb Code    18  stm32f4xx_tim.o(.text)
    TIM_ICInit                               0x080049b5   Thumb Code   110  stm32f4xx_tim.o(.text)
    TIM_ICStructInit                         0x08004a23   Thumb Code    18  stm32f4xx_tim.o(.text)
    TIM_PWMIConfig                           0x08004a35   Thumb Code   124  stm32f4xx_tim.o(.text)
    TIM_GetCapture1                          0x08004ab1   Thumb Code     6  stm32f4xx_tim.o(.text)
    TIM_GetCapture2                          0x08004ab7   Thumb Code     6  stm32f4xx_tim.o(.text)
    TIM_GetCapture3                          0x08004abd   Thumb Code     6  stm32f4xx_tim.o(.text)
    TIM_GetCapture4                          0x08004ac3   Thumb Code     6  stm32f4xx_tim.o(.text)
    TIM_BDTRConfig                           0x08004ac9   Thumb Code    32  stm32f4xx_tim.o(.text)
    TIM_BDTRStructInit                       0x08004ae9   Thumb Code    18  stm32f4xx_tim.o(.text)
    TIM_CtrlPWMOutputs                       0x08004afb   Thumb Code    30  stm32f4xx_tim.o(.text)
    TIM_SelectCOM                            0x08004b19   Thumb Code    24  stm32f4xx_tim.o(.text)
    TIM_CCPreloadControl                     0x08004b31   Thumb Code    24  stm32f4xx_tim.o(.text)
    TIM_ITConfig                             0x08004b49   Thumb Code    18  stm32f4xx_tim.o(.text)
    TIM_GenerateEvent                        0x08004b5b   Thumb Code     4  stm32f4xx_tim.o(.text)
    TIM_GetFlagStatus                        0x08004b5f   Thumb Code    18  stm32f4xx_tim.o(.text)
    TIM_ClearFlag                            0x08004b71   Thumb Code     6  stm32f4xx_tim.o(.text)
    TIM_GetITStatus                          0x08004b77   Thumb Code    34  stm32f4xx_tim.o(.text)
    TIM_ClearITPendingBit                    0x08004b99   Thumb Code     6  stm32f4xx_tim.o(.text)
    TIM_DMAConfig                            0x08004b9f   Thumb Code    10  stm32f4xx_tim.o(.text)
    TIM_DMACmd                               0x08004ba9   Thumb Code    18  stm32f4xx_tim.o(.text)
    TIM_SelectCCDMA                          0x08004bbb   Thumb Code    24  stm32f4xx_tim.o(.text)
    TIM_InternalClockConfig                  0x08004bd3   Thumb Code    12  stm32f4xx_tim.o(.text)
    TIM_SelectInputTrigger                   0x08004bdf   Thumb Code    18  stm32f4xx_tim.o(.text)
    TIM_ITRxExternalClockConfig              0x08004bf1   Thumb Code    24  stm32f4xx_tim.o(.text)
    TIM_TIxExternalClockConfig               0x08004c09   Thumb Code    62  stm32f4xx_tim.o(.text)
    TIM_ETRConfig                            0x08004c47   Thumb Code    28  stm32f4xx_tim.o(.text)
    TIM_ETRClockMode1Config                  0x08004c63   Thumb Code    54  stm32f4xx_tim.o(.text)
    TIM_ETRClockMode2Config                  0x08004c99   Thumb Code    32  stm32f4xx_tim.o(.text)
    TIM_SelectOutputTrigger                  0x08004cb9   Thumb Code    18  stm32f4xx_tim.o(.text)
    TIM_SelectSlaveMode                      0x08004ccb   Thumb Code    18  stm32f4xx_tim.o(.text)
    TIM_SelectMasterSlaveMode                0x08004cdd   Thumb Code    18  stm32f4xx_tim.o(.text)
    TIM_EncoderInterfaceConfig               0x08004cef   Thumb Code    66  stm32f4xx_tim.o(.text)
    TIM_SelectHallSensor                     0x08004d31   Thumb Code    24  stm32f4xx_tim.o(.text)
    TIM_RemapConfig                          0x08004d49   Thumb Code     6  stm32f4xx_tim.o(.text)
    USART_DeInit                             0x08004d51   Thumb Code   206  stm32f4xx_usart.o(.text)
    USART_Init                               0x08004e1f   Thumb Code   204  stm32f4xx_usart.o(.text)
    USART_StructInit                         0x08004eeb   Thumb Code    24  stm32f4xx_usart.o(.text)
    USART_ClockInit                          0x08004f03   Thumb Code    32  stm32f4xx_usart.o(.text)
    USART_ClockStructInit                    0x08004f23   Thumb Code    12  stm32f4xx_usart.o(.text)
    USART_Cmd                                0x08004f2f   Thumb Code    24  stm32f4xx_usart.o(.text)
    USART_SetPrescaler                       0x08004f47   Thumb Code    16  stm32f4xx_usart.o(.text)
    USART_OverSampling8Cmd                   0x08004f57   Thumb Code    22  stm32f4xx_usart.o(.text)
    USART_OneBitMethodCmd                    0x08004f6d   Thumb Code    24  stm32f4xx_usart.o(.text)
    USART_SendData                           0x08004f85   Thumb Code     8  stm32f4xx_usart.o(.text)
    USART_ReceiveData                        0x08004f8d   Thumb Code    10  stm32f4xx_usart.o(.text)
    USART_SetAddress                         0x08004f97   Thumb Code    18  stm32f4xx_usart.o(.text)
    USART_ReceiverWakeUpCmd                  0x08004fa9   Thumb Code    24  stm32f4xx_usart.o(.text)
    USART_WakeUpConfig                       0x08004fc1   Thumb Code    18  stm32f4xx_usart.o(.text)
    USART_LINBreakDetectLengthConfig         0x08004fd3   Thumb Code    18  stm32f4xx_usart.o(.text)
    USART_LINCmd                             0x08004fe5   Thumb Code    24  stm32f4xx_usart.o(.text)
    USART_SendBreak                          0x08004ffd   Thumb Code    10  stm32f4xx_usart.o(.text)
    USART_HalfDuplexCmd                      0x08005007   Thumb Code    24  stm32f4xx_usart.o(.text)
    USART_SetGuardTime                       0x0800501f   Thumb Code    16  stm32f4xx_usart.o(.text)
    USART_SmartCardCmd                       0x0800502f   Thumb Code    24  stm32f4xx_usart.o(.text)
    USART_SmartCardNACKCmd                   0x08005047   Thumb Code    24  stm32f4xx_usart.o(.text)
    USART_IrDAConfig                         0x0800505f   Thumb Code    18  stm32f4xx_usart.o(.text)
    USART_IrDACmd                            0x08005071   Thumb Code    24  stm32f4xx_usart.o(.text)
    USART_DMACmd                             0x08005089   Thumb Code    18  stm32f4xx_usart.o(.text)
    USART_ITConfig                           0x0800509b   Thumb Code    74  stm32f4xx_usart.o(.text)
    USART_GetFlagStatus                      0x080050e5   Thumb Code    26  stm32f4xx_usart.o(.text)
    USART_ClearFlag                          0x080050ff   Thumb Code    18  stm32f4xx_usart.o(.text)
    USART_GetITStatus                        0x08005111   Thumb Code   118  stm32f4xx_usart.o(.text)
    USART_ClearITPendingBit                  0x08005187   Thumb Code    30  stm32f4xx_usart.o(.text)
    delay_init                               0x080051a5   Thumb Code    50  delay.o(.text)
    delay_us                                 0x080051d7   Thumb Code    70  delay.o(.text)
    delay_xms                                0x0800521d   Thumb Code    70  delay.o(.text)
    delay_ms                                 0x08005263   Thumb Code    56  delay.o(.text)
    _sys_exit                                0x080052a5   Thumb Code     6  usart.o(.text)
    fputc                                    0x080052ab   Thumb Code    20  usart.o(.text)
    uart_init                                0x080052bf   Thumb Code   164  usart.o(.text)
    USART1_IRQHandler                        0x08005363   Thumb Code   122  usart.o(.text)
    LED_Init                                 0x080053ed   Thumb Code    60  led.o(.text)
    BEEP_Init                                0x0800542d   Thumb Code    60  beep.o(.text)
    KEY_Init                                 0x0800546d   Thumb Code    60  key.o(.text)
    KEY_Scan                                 0x080054a9   Thumb Code   188  key.o(.text)
    LCD_WR_REG                               0x08005571   Thumb Code    18  lcd.o(.text)
    LCD_WR_DATA                              0x08005583   Thumb Code    18  lcd.o(.text)
    LCD_RD_DATA                              0x08005595   Thumb Code    14  lcd.o(.text)
    LCD_WriteReg                             0x080055a3   Thumb Code    14  lcd.o(.text)
    LCD_ReadReg                              0x080055b1   Thumb Code    22  lcd.o(.text)
    LCD_WriteRAM_Prepare                     0x080055c7   Thumb Code    10  lcd.o(.text)
    LCD_WriteRAM                             0x080055d1   Thumb Code     6  lcd.o(.text)
    LCD_BGR2RGB                              0x080055d7   Thumb Code    26  lcd.o(.text)
    opt_delay                                0x080055f1   Thumb Code    14  lcd.o(.text)
    LCD_SetCursor                            0x080055ff   Thumb Code   418  lcd.o(.text)
    LCD_ReadPoint                            0x080057a1   Thumb Code   362  lcd.o(.text)
    LCD_DisplayOn                            0x0800590b   Thumb Code   106  lcd.o(.text)
    LCD_DisplayOff                           0x08005975   Thumb Code    90  lcd.o(.text)
    LCD_Scan_Dir                             0x080059cf   Thumb Code   744  lcd.o(.text)
    LCD_DrawPoint                            0x08005cb7   Thumb Code    28  lcd.o(.text)
    LCD_Fast_DrawPoint                       0x08005cd3   Thumb Code   388  lcd.o(.text)
    LCD_SSD_BackLightSet                     0x08005e57   Thumb Code   112  lcd.o(.text)
    LCD_Display_Dir                          0x08005ec7   Thumb Code   444  lcd.o(.text)
    LCD_Set_Window                           0x08006083   Thumb Code   546  lcd.o(.text)
    LCD_Clear                                0x080062a5   Thumb Code   102  lcd.o(.text)
    LCD_Init                                 0x0800630b   Thumb Code 14686  lcd.o(.text)
    LCD_Fill                                 0x08009c69   Thumb Code   180  lcd.o(.text)
    LCD_Color_Fill                           0x08009d1d   Thumb Code   102  lcd.o(.text)
    LCD_DrawLine                             0x08009d83   Thumb Code   176  lcd.o(.text)
    LCD_DrawRectangle                        0x08009e33   Thumb Code    60  lcd.o(.text)
    LCD_Draw_Circle                          0x08009e6f   Thumb Code   152  lcd.o(.text)
    LCD_ShowChar                             0x08009f07   Thumb Code   268  lcd.o(.text)
    LCD_Pow                                  0x0800a013   Thumb Code    22  lcd.o(.text)
    LCD_ShowNum                              0x0800a029   Thumb Code   148  lcd.o(.text)
    LCD_ShowxNum                             0x0800a0bd   Thumb Code   220  lcd.o(.text)
    LCD_ShowString                           0x0800a199   Thumb Code   102  lcd.o(.text)
    TIM3_Int_Init                            0x0800a201   Thumb Code    88  timer.o(.text)
    TIM3_IRQHandler                          0x0800a259   Thumb Code    42  timer.o(.text)
    TIM5_CH1_Cap_Init                        0x0800a283   Thumb Code   170  timer.o(.text)
    TIM5_IRQHandler                          0x0800a32d   Thumb Code   192  timer.o(.text)
    TIM7_Int_Init                            0x0800a3ed   Thumb Code    86  timer.o(.text)
    TIM7_IRQHandler                          0x0800a443   Thumb Code    42  timer.o(.text)
    USART3_IRQHandler                        0x0800a491   Thumb Code    96  usart3.o(.text)
    usart3_init                              0x0800a4f1   Thumb Code   196  usart3.o(.text)
    u3_printf                                0x0800a5b5   Thumb Code    72  usart3.o(.text)
    Adc_Init                                 0x0800a615   Thumb Code   154  adc.o(.text)
    Get_Adc                                  0x0800a6af   Thumb Code    62  adc.o(.text)
    Get_Adc_Average                          0x0800a6ed   Thumb Code    46  adc.o(.text)
    Get_Temprate                             0x0800a71b   Thumb Code   208  adc.o(.text)
    CT_Delay                                 0x0800a81d   Thumb Code    10  ctiic.o(.text)
    CT_IIC_Init                              0x0800a827   Thumb Code    60  ctiic.o(.text)
    CT_IIC_Start                             0x0800a863   Thumb Code    64  ctiic.o(.text)
    CT_IIC_Stop                              0x0800a8a3   Thumb Code    58  ctiic.o(.text)
    CT_IIC_Wait_Ack                          0x0800a8dd   Thumb Code    76  ctiic.o(.text)
    CT_IIC_Ack                               0x0800a929   Thumb Code    66  ctiic.o(.text)
    CT_IIC_NAck                              0x0800a96b   Thumb Code    66  ctiic.o(.text)
    CT_IIC_Send_Byte                         0x0800a9ad   Thumb Code    88  ctiic.o(.text)
    CT_IIC_Read_Byte                         0x0800aa05   Thumb Code    90  ctiic.o(.text)
    FT5206_WR_Reg                            0x0800aa7d   Thumb Code    82  ft5206.o(.text)
    FT5206_RD_Reg                            0x0800aacf   Thumb Code    88  ft5206.o(.text)
    FT5206_Init                              0x0800ab27   Thumb Code   204  ft5206.o(.text)
    FT5206_Scan                              0x0800abf3   Thumb Code   396  ft5206.o(.text)
    GT9147_WR_Reg                            0x0800ada9   Thumb Code    92  gt9147.o(.text)
    GT9147_Send_Cfg                          0x0800ae05   Thumb Code    86  gt9147.o(.text)
    GT9147_RD_Reg                            0x0800ae5b   Thumb Code    98  gt9147.o(.text)
    GT9147_Init                              0x0800aebd   Thumb Code   250  gt9147.o(.text)
    GT9147_Scan                              0x0800afb7   Thumb Code   492  gt9147.o(.text)
    OTT2001A_WR_Reg                          0x0800b1f1   Thumb Code    92  ott2001a.o(.text)
    OTT2001A_RD_Reg                          0x0800b24d   Thumb Code    98  ott2001a.o(.text)
    OTT2001A_SensorControl                   0x0800b2af   Thumb Code    28  ott2001a.o(.text)
    OTT2001A_Init                            0x0800b2cb   Thumb Code   144  ott2001a.o(.text)
    OTT2001A_Scan                            0x0800b35b   Thumb Code   580  ott2001a.o(.text)
    TP_Get_Adjdata                           0x0800b5e1   Thumb Code   160  touch.o(.text)
    TP_Save_Adjdata                          0x0800b681   Thumb Code   118  touch.o(.text)
    TP_Drow_Touch_Point                      0x0800b6f7   Thumb Code   108  touch.o(.text)
    TP_Adj_Info_Show                         0x0800b763   Thumb Code   374  touch.o(.text)
    TP_Adjust                                0x0800b8d9   Thumb Code  2312  touch.o(.text)
    TP_Write_Byte                            0x0800c1e1   Thumb Code    72  touch.o(.text)
    TP_Read_AD                               0x0800c229   Thumb Code   132  touch.o(.text)
    TP_Read_XOY                              0x0800c2ad   Thumb Code   208  touch.o(.text)
    TP_Read_XY                               0x0800c37d   Thumb Code    38  touch.o(.text)
    TP_Init                                  0x0800c3a3   Thumb Code   290  touch.o(.text)
    TP_Read_XY2                              0x0800c4c5   Thumb Code   192  touch.o(.text)
    TP_Draw_Big_Point                        0x0800c585   Thumb Code    54  touch.o(.text)
    TP_Scan                                  0x0800c5bb   Thumb Code   224  touch.o(.text)
    AT24CXX_Init                             0x0800c6cd   Thumb Code     8  24cxx.o(.text)
    AT24CXX_ReadOneByte                      0x0800c6d5   Thumb Code    88  24cxx.o(.text)
    AT24CXX_WriteOneByte                     0x0800c72d   Thumb Code    80  24cxx.o(.text)
    AT24CXX_WriteLenByte                     0x0800c77d   Thumb Code    42  24cxx.o(.text)
    AT24CXX_ReadLenByte                      0x0800c7a7   Thumb Code    44  24cxx.o(.text)
    AT24CXX_Check                            0x0800c7d3   Thumb Code    46  24cxx.o(.text)
    AT24CXX_Read                             0x0800c801   Thumb Code    34  24cxx.o(.text)
    AT24CXX_Write                            0x0800c823   Thumb Code    36  24cxx.o(.text)
    IIC_Init                                 0x0800c849   Thumb Code    62  myiic.o(.text)
    IIC_Start                                0x0800c887   Thumb Code    68  myiic.o(.text)
    IIC_Stop                                 0x0800c8cb   Thumb Code    66  myiic.o(.text)
    IIC_Wait_Ack                             0x0800c90d   Thumb Code    78  myiic.o(.text)
    IIC_Ack                                  0x0800c95b   Thumb Code    72  myiic.o(.text)
    IIC_NAck                                 0x0800c9a3   Thumb Code    72  myiic.o(.text)
    IIC_Send_Byte                            0x0800c9eb   Thumb Code    96  myiic.o(.text)
    IIC_Read_Byte                            0x0800ca4b   Thumb Code    94  myiic.o(.text)
    RNG_Init                                 0x0800cabd   Thumb Code    62  rng.o(.text)
    RNG_Get_RandomNum                        0x0800cafb   Thumb Code    20  rng.o(.text)
    RNG_Get_RandomRange                      0x0800cb0f   Thumb Code    26  rng.o(.text)
    RTC_Set_Time                             0x0800cb29   Thumb Code    36  rtc.o(.text)
    RTC_Set_Date                             0x0800cb4d   Thumb Code    36  rtc.o(.text)
    My_RTC_Init                              0x0800cb71   Thumb Code   138  rtc.o(.text)
    RTC_Set_AlarmA                           0x0800cbfb   Thumb Code   158  rtc.o(.text)
    RTC_Set_WakeUp                           0x0800cc99   Thumb Code   108  rtc.o(.text)
    RTC_Alarm_IRQHandler                     0x0800cd05   Thumb Code    36  rtc.o(.text)
    RTC_WKUP_IRQHandler                      0x0800cd29   Thumb Code    46  rtc.o(.text)
    Remote_Init                              0x0800cd6d   Thumb Code   218  remote.o(.text)
    TIM1_UP_TIM10_IRQHandler                 0x0800ce47   Thumb Code   112  remote.o(.text)
    TIM1_CC_IRQHandler                       0x0800ceb7   Thumb Code   280  remote.o(.text)
    Remote_Scan                              0x0800cfcf   Thumb Code    92  remote.o(.text)
    CAN1_Mode_Init                           0x0800d049   Thumb Code   208  can.o(.text)
    CAN1_Send_Msg                            0x0800d119   Thumb Code   104  can.o(.text)
    CAN1_Receive_Msg                         0x0800d181   Thumb Code    60  can.o(.text)
    STMFLASH_ReadWord                        0x0800d1c5   Thumb Code     6  stmflash.o(.text)
    STMFLASH_GetFlashSector                  0x0800d1cb   Thumb Code   116  stmflash.o(.text)
    STMFLASH_Write                           0x0800d23f   Thumb Code   146  stmflash.o(.text)
    STMFLASH_Read                            0x0800d2d1   Thumb Code    32  stmflash.o(.text)
    gui_clear                                0x0800d321   Thumb Code    12  graphic.o(.text)
    gui_draw_dialog                          0x0800d32d   Thumb Code   294  graphic.o(.text)
    gui_draw_hline                           0x0800d453   Thumb Code    36  graphic.o(.text)
    gui_fill_circle                          0x0800d477   Thumb Code   176  graphic.o(.text)
    my_abs                                   0x0800d527   Thumb Code    18  graphic.o(.text)
    lcd_draw_bline                           0x0800d539   Thumb Code   212  graphic.o(.text)
    remote_ctrl                              0x0800d611   Thumb Code   822  infrared_remote_ctrl.o(.text)
    __use_no_semihosting                     0x0800dad9   Thumb Code     2  use_no_semi_2.o(.text)
    __c89vsprintf                            0x0800dadd   Thumb Code    32  c89vsprintf.o(.text)
    __2printf                                0x0800db01   Thumb Code    20  __2printf.o(.text)
    __2sprintf                               0x0800db19   Thumb Code    38  __2sprintf.o(.text)
    _printf_pre_padding                      0x0800db45   Thumb Code    46  _printf_pad.o(.text)
    _printf_post_padding                     0x0800db73   Thumb Code    36  _printf_pad.o(.text)
    _printf_str                              0x0800db97   Thumb Code    82  _printf_str.o(.text)
    _printf_int_dec                          0x0800dbe9   Thumb Code   102  _printf_dec.o(.text)
    _printf_longlong_hex                     0x0800dc61   Thumb Code    92  _printf_hex_int_ll_ptr.o(.text)
    _printf_int_hex                          0x0800dcbd   Thumb Code    28  _printf_hex_int_ll_ptr.o(.text)
    _printf_ll_hex                           0x0800dcd9   Thumb Code    12  _printf_hex_int_ll_ptr.o(.text)
    _printf_hex_ptr                          0x0800dce5   Thumb Code    18  _printf_hex_int_ll_ptr.o(.text)
    __printf                                 0x0800dcfd   Thumb Code   390  __printf_flags_ss_wp.o(.text)
    strlen                                   0x0800de89   Thumb Code    62  strlen.o(.text)
    strcmp                                   0x0800dec9   Thumb Code   128  strcmpv7m.o(.text)
    __use_two_region_memory                  0x0800df49   Thumb Code     2  heapauxi.o(.text)
    __rt_heap_escrow$2region                 0x0800df4b   Thumb Code     2  heapauxi.o(.text)
    __rt_heap_expand$2region                 0x0800df4d   Thumb Code     2  heapauxi.o(.text)
    __I$use$semihosting                      0x0800df4f   Thumb Code     0  use_no_semi.o(.text)
    __use_no_semihosting_swi                 0x0800df4f   Thumb Code     2  use_no_semi.o(.text)
    __read_errno                             0x0800df51   Thumb Code    10  _rserrno.o(.text)
    __set_errno                              0x0800df5b   Thumb Code    12  _rserrno.o(.text)
    _printf_truncate_signed                  0x0800df67   Thumb Code    18  _printf_truncate.o(.text)
    _printf_truncate_unsigned                0x0800df79   Thumb Code    18  _printf_truncate.o(.text)
    _printf_int_common                       0x0800df8b   Thumb Code   184  _printf_intcommon.o(.text)
    _printf_charcount                        0x0800e043   Thumb Code    42  _printf_charcount.o(.text)
    _printf_char_common                      0x0800e077   Thumb Code    32  _printf_char_common.o(.text)
    _sputc                                   0x0800e09d   Thumb Code    10  _sputc.o(.text)
    _printf_cs_common                        0x0800e0a7   Thumb Code    20  _printf_char.o(.text)
    _printf_char                             0x0800e0bb   Thumb Code    16  _printf_char.o(.text)
    _printf_string                           0x0800e0cb   Thumb Code     8  _printf_char.o(.text)
    _printf_char_file                        0x0800e0d5   Thumb Code    32  _printf_char_file.o(.text)
    _printf_wctomb                           0x0800e0f9   Thumb Code   182  _printf_wctomb.o(.text)
    _printf_longlong_dec                     0x0800e1b5   Thumb Code   104  _printf_longlong_dec.o(.text)
    _printf_longlong_oct                     0x0800e22d   Thumb Code    76  _printf_oct_int_ll.o(.text)
    _printf_int_oct                          0x0800e279   Thumb Code    24  _printf_oct_int_ll.o(.text)
    _printf_ll_oct                           0x0800e291   Thumb Code    12  _printf_oct_int_ll.o(.text)
    __aeabi_errno_addr                       0x0800e2a5   Thumb Code     8  rt_errno_addr_intlibspace.o(.text)
    __errno$intlibspace                      0x0800e2a5   Thumb Code     0  rt_errno_addr_intlibspace.o(.text)
    __rt_errno_addr$intlibspace              0x0800e2a5   Thumb Code     0  rt_errno_addr_intlibspace.o(.text)
    _ll_udiv10                               0x0800e2ad   Thumb Code   138  lludiv10.o(.text)
    __lib_sel_fp_printf                      0x0800e337   Thumb Code     2  _printf_fp_dec.o(.text)
    _printf_fp_dec_real                      0x0800e4e3   Thumb Code   628  _printf_fp_dec.o(.text)
    _printf_lcs_common                       0x0800e757   Thumb Code    20  _printf_wchar.o(.text)
    _printf_wchar                            0x0800e76b   Thumb Code    16  _printf_wchar.o(.text)
    _printf_wstring                          0x0800e77b   Thumb Code     8  _printf_wchar.o(.text)
    ferror                                   0x0800e783   Thumb Code     8  ferror.o(.text)
    _wcrtomb                                 0x0800e78b   Thumb Code    64  _wcrtomb.o(.text)
    __user_libspace                          0x0800e7cd   Thumb Code     8  libspace.o(.text)
    __user_perproc_libspace                  0x0800e7cd   Thumb Code     0  libspace.o(.text)
    __user_perthread_libspace                0x0800e7cd   Thumb Code     0  libspace.o(.text)
    __user_setup_stackheap                   0x0800e7d5   Thumb Code    74  sys_stackheap_outer.o(.text)
    __rt_ctype_table                         0x0800e821   Thumb Code    16  rt_ctype_table.o(.text)
    __rt_locale                              0x0800e831   Thumb Code     8  rt_locale_intlibspace.o(.text)
    _printf_fp_infnan                        0x0800e839   Thumb Code   112  _printf_fp_infnan.o(.text)
    _btod_etento                             0x0800e8b9   Thumb Code   222  bigflt0.o(.text)
    exit                                     0x0800e99d   Thumb Code    12  exit.o(.text)
    _btod_d2e                                0x0800e9a9   Thumb Code    62  btod.o(CL$$btod_d2e)
    _d2e_denorm_low                          0x0800e9e7   Thumb Code    70  btod.o(CL$$btod_d2e_denorm_low)
    _d2e_norm_op1                            0x0800ea2d   Thumb Code    96  btod.o(CL$$btod_d2e_norm_op1)
    __btod_div_common                        0x0800ea8d   Thumb Code   696  btod.o(CL$$btod_div_common)
    _e2e                                     0x0800edc5   Thumb Code   198  btod.o(CL$$btod_e2e)
    _btod_ediv                               0x0800ee8b   Thumb Code    40  btod.o(CL$$btod_ediv)
    _btod_emul                               0x0800eeb3   Thumb Code    40  btod.o(CL$$btod_emul)
    __btod_mult_common                       0x0800eedb   Thumb Code   580  btod.o(CL$$btod_mult_common)
    __ARM_fpclassify                         0x0800f11f   Thumb Code    48  fpclassify.o(i.__ARM_fpclassify)
    __hardfp_sqrt                            0x0800f14f   Thumb Code   122  sqrt.o(i.__hardfp_sqrt)
    _is_digit                                0x0800f1c9   Thumb Code    14  __printf_wp.o(i._is_digit)
    _get_lc_numeric                          0x0800f1d9   Thumb Code    44  lc_numeric_c.o(locale$$code)
    _get_lc_ctype                            0x0800f205   Thumb Code    44  lc_ctype_c.o(locale$$code)
    __aeabi_dadd                             0x0800f231   Thumb Code     0  daddsub_clz.o(x$fpl$dadd)
    _dadd                                    0x0800f231   Thumb Code   332  daddsub_clz.o(x$fpl$dadd)
    __fpl_dcmp_Inf                           0x0800f381   Thumb Code    24  dcmpi.o(x$fpl$dcmpinf)
    __aeabi_ddiv                             0x0800f399   Thumb Code     0  ddiv.o(x$fpl$ddiv)
    _ddiv                                    0x0800f399   Thumb Code   552  ddiv.o(x$fpl$ddiv)
    __aeabi_d2iz                             0x0800f649   Thumb Code     0  dfix.o(x$fpl$dfix)
    _dfix                                    0x0800f649   Thumb Code    94  dfix.o(x$fpl$dfix)
    __aeabi_d2uiz                            0x0800f6a9   Thumb Code     0  dfixu.o(x$fpl$dfixu)
    _dfixu                                   0x0800f6a9   Thumb Code    90  dfixu.o(x$fpl$dfixu)
    __aeabi_i2d                              0x0800f703   Thumb Code     0  dflt_clz.o(x$fpl$dflt)
    _dflt                                    0x0800f703   Thumb Code    46  dflt_clz.o(x$fpl$dflt)
    __aeabi_ui2d                             0x0800f731   Thumb Code     0  dflt_clz.o(x$fpl$dfltu)
    _dfltu                                   0x0800f731   Thumb Code    38  dflt_clz.o(x$fpl$dfltu)
    __aeabi_cdcmple                          0x0800f759   Thumb Code     0  dleqf.o(x$fpl$dleqf)
    _dcmple                                  0x0800f759   Thumb Code   120  dleqf.o(x$fpl$dleqf)
    __fpl_dcmple_InfNaN                      0x0800f7bb   Thumb Code     0  dleqf.o(x$fpl$dleqf)
    __aeabi_dmul                             0x0800f7d1   Thumb Code     0  dmul.o(x$fpl$dmul)
    _dmul                                    0x0800f7d1   Thumb Code   332  dmul.o(x$fpl$dmul)
    __fpl_dnaninf                            0x0800f925   Thumb Code   156  dnaninf.o(x$fpl$dnaninf)
    __fpl_dretinf                            0x0800f9c1   Thumb Code    12  dretinf.o(x$fpl$dretinf)
    __aeabi_cdrcmple                         0x0800f9cd   Thumb Code     0  drleqf.o(x$fpl$drleqf)
    _drcmple                                 0x0800f9cd   Thumb Code   108  drleqf.o(x$fpl$drleqf)
    __aeabi_drsub                            0x0800fa39   Thumb Code     0  daddsub_clz.o(x$fpl$drsb)
    _drsb                                    0x0800fa39   Thumb Code    22  daddsub_clz.o(x$fpl$drsb)
    _dsqrt                                   0x0800fa51   Thumb Code   404  dsqrt_umaal.o(x$fpl$dsqrt)
    __aeabi_dsub                             0x0800fbe9   Thumb Code     0  daddsub_clz.o(x$fpl$dsub)
    _dsub                                    0x0800fbe9   Thumb Code   464  daddsub_clz.o(x$fpl$dsub)
    __aeabi_f2d                              0x0800fdbd   Thumb Code     0  f2d.o(x$fpl$f2d)
    _f2d                                     0x0800fdbd   Thumb Code    86  f2d.o(x$fpl$f2d)
    __fpl_fnaninf                            0x0800fe13   Thumb Code   140  fnaninf.o(x$fpl$fnaninf)
    _fp_init                                 0x0800fe9f   Thumb Code    10  fpinit.o(x$fpl$fpinit)
    __fplib_config_fpu_vfp                   0x0800fea7   Thumb Code     0  fpinit.o(x$fpl$fpinit)
    __fplib_config_pureend_doubles           0x0800fea7   Thumb Code     0  fpinit.o(x$fpl$fpinit)
    _printf_fp_dec                           0x0800fea9   Thumb Code     4  printf1.o(x$fpl$printf1)
    FSMC_DefaultTimingStruct                 0x0800feac   Data          28  stm32f4xx_fsmc.o(.constdata)
    __I$use$fp                               0x0800feac   Number         0  usenofp.o(x$fpl$usenofp)
    asc2_1206                                0x0800fec8   Data        1140  lcd.o(.constdata)
    asc2_1608                                0x0801033c   Data        1520  lcd.o(.constdata)
    asc2_2412                                0x0801092c   Data        3420  lcd.o(.constdata)
    FT5206_TPX_TBL                           0x08011688   Data          10  ft5206.o(.constdata)
    GT9147_CFG_TBL                           0x08011692   Data         184  gt9147.o(.constdata)
    GT9147_TPX_TBL                           0x0801174a   Data          10  gt9147.o(.constdata)
    OTT_TPX_TBL                              0x08011754   Data          10  ott2001a.o(.constdata)
    TP_REMIND_MSG_TBL                        0x08011760   Data           4  touch.o(.constdata)
    TEXT_Buffer                              0x08011764   Data          17  infrared_remote_ctrl.o(.constdata)
    Region$$Table$$Base                      0x080118c8   Number         0  anon$$obj.o(Region$$Table)
    Region$$Table$$Limit                     0x080118e8   Number         0  anon$$obj.o(Region$$Table)
    __ctype                                  0x08011911   Data           0  lc_ctype_c.o(locale$$data)
    flush_key                                0x20000000   Data           1  main.o(.data)
    CanMode                                  0x20000001   Data           1  main.o(.data)
    SystemCoreClock                          0x20000004   Data           4  system_stm32f4xx.o(.data)
    AHBPrescTable                            0x20000008   Data          16  system_stm32f4xx.o(.data)
    USART_RX_STA                             0x2000002c   Data           2  usart.o(.data)
    __stdout                                 0x20000030   Data           4  usart.o(.data)
    POINT_COLOR                              0x20000036   Data           2  lcd.o(.data)
    BACK_COLOR                               0x20000038   Data           2  lcd.o(.data)
    TIM5CH1_CAPTURE_STA                      0x2000003c   Data           1  timer.o(.data)
    TIM5CH1_CAPTURE_VAL                      0x20000040   Data           4  timer.o(.data)
    USART3_RX_STA                            0x20000044   Data           2  usart3.o(.data)
    tp_dev                                   0x2000004c   Data          52  touch.o(.data)
    CMD_RDX                                  0x20000080   Data           1  touch.o(.data)
    CMD_RDY                                  0x20000081   Data           1  touch.o(.data)
    NVIC_InitStructure                       0x20000082   Data           4  rtc.o(.data)
    RmtSta                                   0x20000088   Data           1  remote.o(.data)
    RmtRec                                   0x2000008c   Data           4  remote.o(.data)
    RmtCnt                                   0x20000090   Data           1  remote.o(.data)
    Dval                                     0x20000092   Data           2  remote.o(.data)
    REMOTE_POWER                             0x20000094   Data           1  infrared_remote_ctrl.o(.data)
    lcd_id                                   0x20000098   Data          12  main.o(.bss)
    USART_RX_BUF                             0x200000a4   Data         200  usart.o(.bss)
    lcddev                                   0x2000016c   Data          14  lcd.o(.bss)
    TIM5_ICInitStructure                     0x2000017a   Data          10  timer.o(.bss)
    USART3_TX_BUF                            0x20000188   Data         400  usart3.o(.bss)
    USART3_RX_BUF                            0x20000318   Data         400  usart3.o(.bss)
    __libspace_start                         0x200004a8   Data          96  libspace.o(.bss)
    __temporary_stack_top$libspace           0x20000508   Data           0  libspace.o(.bss)



==============================================================================

Memory Map of the image

  Image Entry point : 0x08000189

  Load Region LR_IROM1 (Base: 0x08000000, Size: 0x00011aac, Max: 0x00100000, ABSOLUTE)

    Execution Region ER_IROM1 (Base: 0x08000000, Size: 0x00011a14, Max: 0x00100000, ABSOLUTE)

    Base Addr    Size         Type   Attr      Idx    E Section Name        Object

    0x08000000   0x00000188   Data   RO          307    RESET               startup_stm32f40_41xxx.o
    0x08000188   0x00000008   Code   RO         1836  * !!!main             c_w.l(__main.o)
    0x08000190   0x00000034   Code   RO         2155    !!!scatter          c_w.l(__scatter.o)
    0x080001c4   0x0000001a   Code   RO         2157    !!handler_copy      c_w.l(__scatter_copy.o)
    0x080001de   0x00000002   PAD
    0x080001e0   0x0000001c   Code   RO         2159    !!handler_zi        c_w.l(__scatter_zi.o)
    0x080001fc   0x00000000   Code   RO         1829    .ARM.Collect$$_printf_percent$$00000000  c_w.l(_printf_percent.o)
    0x080001fc   0x00000006   Code   RO         1913    .ARM.Collect$$_printf_percent$$00000001  c_w.l(_printf_n.o)
    0x08000202   0x00000006   Code   RO         1914    .ARM.Collect$$_printf_percent$$00000002  c_w.l(_printf_p.o)
    0x08000208   0x00000006   Code   RO         1918    .ARM.Collect$$_printf_percent$$00000003  c_w.l(_printf_f.o)
    0x0800020e   0x00000006   Code   RO         1919    .ARM.Collect$$_printf_percent$$00000004  c_w.l(_printf_e.o)
    0x08000214   0x00000006   Code   RO         1920    .ARM.Collect$$_printf_percent$$00000005  c_w.l(_printf_g.o)
    0x0800021a   0x00000006   Code   RO         1921    .ARM.Collect$$_printf_percent$$00000006  c_w.l(_printf_a.o)
    0x08000220   0x0000000a   Code   RO         1926    .ARM.Collect$$_printf_percent$$00000007  c_w.l(_printf_ll.o)
    0x0800022a   0x00000006   Code   RO         1916    .ARM.Collect$$_printf_percent$$00000008  c_w.l(_printf_i.o)
    0x08000230   0x00000006   Code   RO         1828    .ARM.Collect$$_printf_percent$$00000009  c_w.l(_printf_d.o)
    0x08000236   0x00000006   Code   RO         1917    .ARM.Collect$$_printf_percent$$0000000A  c_w.l(_printf_u.o)
    0x0800023c   0x00000006   Code   RO         1915    .ARM.Collect$$_printf_percent$$0000000B  c_w.l(_printf_o.o)
    0x08000242   0x00000006   Code   RO         1827    .ARM.Collect$$_printf_percent$$0000000C  c_w.l(_printf_x.o)
    0x08000248   0x00000006   Code   RO         1923    .ARM.Collect$$_printf_percent$$0000000D  c_w.l(_printf_lli.o)
    0x0800024e   0x00000006   Code   RO         1924    .ARM.Collect$$_printf_percent$$0000000E  c_w.l(_printf_lld.o)
    0x08000254   0x00000006   Code   RO         1925    .ARM.Collect$$_printf_percent$$0000000F  c_w.l(_printf_llu.o)
    0x0800025a   0x00000006   Code   RO         1930    .ARM.Collect$$_printf_percent$$00000010  c_w.l(_printf_llo.o)
    0x08000260   0x00000006   Code   RO         1931    .ARM.Collect$$_printf_percent$$00000011  c_w.l(_printf_llx.o)
    0x08000266   0x0000000a   Code   RO         1927    .ARM.Collect$$_printf_percent$$00000012  c_w.l(_printf_l.o)
    0x08000270   0x00000006   Code   RO         1912    .ARM.Collect$$_printf_percent$$00000013  c_w.l(_printf_c.o)
    0x08000276   0x00000006   Code   RO         1826    .ARM.Collect$$_printf_percent$$00000014  c_w.l(_printf_s.o)
    0x0800027c   0x00000006   Code   RO         1928    .ARM.Collect$$_printf_percent$$00000015  c_w.l(_printf_lc.o)
    0x08000282   0x00000006   Code   RO         1929    .ARM.Collect$$_printf_percent$$00000016  c_w.l(_printf_ls.o)
    0x08000288   0x00000004   Code   RO         1922    .ARM.Collect$$_printf_percent$$00000017  c_w.l(_printf_percent_end.o)
    0x0800028c   0x00000002   Code   RO         2028    .ARM.Collect$$libinit$$00000000  c_w.l(libinit.o)
    0x0800028e   0x00000004   Code   RO         2038    .ARM.Collect$$libinit$$00000001  c_w.l(libinit2.o)
    0x08000292   0x00000000   Code   RO         2042    .ARM.Collect$$libinit$$00000008  c_w.l(libinit2.o)
    0x08000292   0x00000000   Code   RO         2044    .ARM.Collect$$libinit$$0000000A  c_w.l(libinit2.o)
    0x08000292   0x00000000   Code   RO         2046    .ARM.Collect$$libinit$$0000000C  c_w.l(libinit2.o)
    0x08000292   0x00000006   Code   RO         2047    .ARM.Collect$$libinit$$0000000D  c_w.l(libinit2.o)
    0x08000298   0x00000000   Code   RO         2049    .ARM.Collect$$libinit$$0000000F  c_w.l(libinit2.o)
    0x08000298   0x0000000c   Code   RO         2050    .ARM.Collect$$libinit$$00000010  c_w.l(libinit2.o)
    0x080002a4   0x00000000   Code   RO         2051    .ARM.Collect$$libinit$$00000011  c_w.l(libinit2.o)
    0x080002a4   0x00000000   Code   RO         2053    .ARM.Collect$$libinit$$00000013  c_w.l(libinit2.o)
    0x080002a4   0x0000000a   Code   RO         2054    .ARM.Collect$$libinit$$00000014  c_w.l(libinit2.o)
    0x080002ae   0x00000000   Code   RO         2055    .ARM.Collect$$libinit$$00000015  c_w.l(libinit2.o)
    0x080002ae   0x00000000   Code   RO         2057    .ARM.Collect$$libinit$$00000017  c_w.l(libinit2.o)
    0x080002ae   0x00000000   Code   RO         2059    .ARM.Collect$$libinit$$00000019  c_w.l(libinit2.o)
    0x080002ae   0x00000000   Code   RO         2061    .ARM.Collect$$libinit$$0000001B  c_w.l(libinit2.o)
    0x080002ae   0x00000000   Code   RO         2063    .ARM.Collect$$libinit$$0000001D  c_w.l(libinit2.o)
    0x080002ae   0x00000000   Code   RO         2065    .ARM.Collect$$libinit$$0000001F  c_w.l(libinit2.o)
    0x080002ae   0x00000000   Code   RO         2067    .ARM.Collect$$libinit$$00000021  c_w.l(libinit2.o)
    0x080002ae   0x00000000   Code   RO         2069    .ARM.Collect$$libinit$$00000023  c_w.l(libinit2.o)
    0x080002ae   0x00000000   Code   RO         2073    .ARM.Collect$$libinit$$0000002A  c_w.l(libinit2.o)
    0x080002ae   0x00000000   Code   RO         2075    .ARM.Collect$$libinit$$0000002C  c_w.l(libinit2.o)
    0x080002ae   0x00000000   Code   RO         2077    .ARM.Collect$$libinit$$0000002E  c_w.l(libinit2.o)
    0x080002ae   0x00000000   Code   RO         2079    .ARM.Collect$$libinit$$00000030  c_w.l(libinit2.o)
    0x080002ae   0x00000002   Code   RO         2080    .ARM.Collect$$libinit$$00000031  c_w.l(libinit2.o)
    0x080002b0   0x00000002   Code   RO         2098    .ARM.Collect$$libshutdown$$00000000  c_w.l(libshutdown.o)
    0x080002b2   0x00000000   Code   RO         2109    .ARM.Collect$$libshutdown$$00000003  c_w.l(libshutdown2.o)
    0x080002b2   0x00000000   Code   RO         2112    .ARM.Collect$$libshutdown$$00000006  c_w.l(libshutdown2.o)
    0x080002b2   0x00000000   Code   RO         2115    .ARM.Collect$$libshutdown$$00000009  c_w.l(libshutdown2.o)
    0x080002b2   0x00000000   Code   RO         2117    .ARM.Collect$$libshutdown$$0000000B  c_w.l(libshutdown2.o)
    0x080002b2   0x00000000   Code   RO         2120    .ARM.Collect$$libshutdown$$0000000E  c_w.l(libshutdown2.o)
    0x080002b2   0x00000002   Code   RO         2121    .ARM.Collect$$libshutdown$$0000000F  c_w.l(libshutdown2.o)
    0x080002b4   0x00000000   Code   RO         1884    .ARM.Collect$$rtentry$$00000000  c_w.l(rtentry.o)
    0x080002b4   0x00000000   Code   RO         1946    .ARM.Collect$$rtentry$$00000002  c_w.l(rtentry2.o)
    0x080002b4   0x00000006   Code   RO         1958    .ARM.Collect$$rtentry$$00000004  c_w.l(rtentry4.o)
    0x080002ba   0x00000000   Code   RO         1948    .ARM.Collect$$rtentry$$00000009  c_w.l(rtentry2.o)
    0x080002ba   0x00000004   Code   RO         1949    .ARM.Collect$$rtentry$$0000000A  c_w.l(rtentry2.o)
    0x080002be   0x00000000   Code   RO         1951    .ARM.Collect$$rtentry$$0000000C  c_w.l(rtentry2.o)
    0x080002be   0x00000008   Code   RO         1952    .ARM.Collect$$rtentry$$0000000D  c_w.l(rtentry2.o)
    0x080002c6   0x00000002   Code   RO         2033    .ARM.Collect$$rtexit$$00000000  c_w.l(rtexit.o)
    0x080002c8   0x00000000   Code   RO         2082    .ARM.Collect$$rtexit$$00000002  c_w.l(rtexit2.o)
    0x080002c8   0x00000004   Code   RO         2083    .ARM.Collect$$rtexit$$00000003  c_w.l(rtexit2.o)
    0x080002cc   0x00000006   Code   RO         2084    .ARM.Collect$$rtexit$$00000004  c_w.l(rtexit2.o)
    0x080002d2   0x00000002   PAD
    0x080002d4   0x0000064c   Code   RO            3    .text               main.o
    0x08000920   0x0000001a   Code   RO          232    .text               stm32f4xx_it.o
    0x0800093a   0x00000002   PAD
    0x0800093c   0x0000020c   Code   RO          281    .text               system_stm32f4xx.o
    0x08000b48   0x00000040   Code   RO          308    .text               startup_stm32f40_41xxx.o
    0x08000b88   0x000000e4   Code   RO          314    .text               misc.o
    0x08000c6c   0x00000470   Code   RO          334    .text               stm32f4xx_adc.o
    0x080010dc   0x000009e8   Code   RO          354    .text               stm32f4xx_can.o
    0x08001ac4   0x00000110   Code   RO          577    .text               stm32f4xx_exti.o
    0x08001bd4   0x00000694   Code   RO          597    .text               stm32f4xx_flash.o
    0x08002268   0x000005dc   Code   RO          640    .text               stm32f4xx_fsmc.o
    0x08002844   0x00000294   Code   RO          663    .text               stm32f4xx_gpio.o
    0x08002ad8   0x00000170   Code   RO          806    .text               stm32f4xx_pwr.o
    0x08002c48   0x0000065c   Code   RO          826    .text               stm32f4xx_rcc.o
    0x080032a4   0x000000a0   Code   RO          848    .text               stm32f4xx_rng.o
    0x08003344   0x00000d68   Code   RO          868    .text               stm32f4xx_rtc.o
    0x080040ac   0x00000ca2   Code   RO          971    .text               stm32f4xx_tim.o
    0x08004d4e   0x00000002   PAD
    0x08004d50   0x00000454   Code   RO          991    .text               stm32f4xx_usart.o
    0x080051a4   0x00000100   Code   RO         1031    .text               delay.o
    0x080052a4   0x00000148   Code   RO         1071    .text               usart.o
    0x080053ec   0x00000040   Code   RO         1102    .text               led.o
    0x0800542c   0x00000040   Code   RO         1122    .text               beep.o
    0x0800546c   0x00000104   Code   RO         1142    .text               key.o
    0x08005570   0x00004c8e   Code   RO         1163    .text               lcd.o
    0x0800a1fe   0x00000002   PAD
    0x0800a200   0x00000290   Code   RO         1201    .text               timer.o
    0x0800a490   0x00000184   Code   RO         1252    .text               usart3.o
    0x0800a614   0x00000208   Code   RO         1313    .text               adc.o
    0x0800a81c   0x00000260   Code   RO         1439    .text               ctiic.o
    0x0800aa7c   0x0000032c   Code   RO         1462    .text               ft5206.o
    0x0800ada8   0x00000448   Code   RO         1486    .text               gt9147.o
    0x0800b1f0   0x000003f0   Code   RO         1510    .text               ott2001a.o
    0x0800b5e0   0x000010ec   Code   RO         1534    .text               touch.o
    0x0800c6cc   0x0000017a   Code   RO         1568    .text               24cxx.o
    0x0800c846   0x00000002   PAD
    0x0800c848   0x00000274   Code   RO         1588    .text               myiic.o
    0x0800cabc   0x0000006c   Code   RO         1608    .text               rng.o
    0x0800cb28   0x00000244   Code   RO         1628    .text               rtc.o
    0x0800cd6c   0x000002dc   Code   RO         1651    .text               remote.o
    0x0800d048   0x0000017c   Code   RO         1677    .text               can.o
    0x0800d1c4   0x0000015c   Code   RO         1697    .text               stmflash.o
    0x0800d320   0x000002f0   Code   RO         1717    .text               graphic.o
    0x0800d610   0x000004c8   Code   RO         1737    .text               infrared_remote_ctrl.o
    0x0800dad8   0x00000002   Code   RO         1765    .text               c_w.l(use_no_semi_2.o)
    0x0800dada   0x00000002   PAD
    0x0800dadc   0x00000024   Code   RO         1767    .text               c_w.l(c89vsprintf.o)
    0x0800db00   0x00000018   Code   RO         1769    .text               c_w.l(__2printf.o)
    0x0800db18   0x0000002c   Code   RO         1771    .text               c_w.l(__2sprintf.o)
    0x0800db44   0x00000052   Code   RO         1779    .text               c_w.l(_printf_pad.o)
    0x0800db96   0x00000052   Code   RO         1781    .text               c_w.l(_printf_str.o)
    0x0800dbe8   0x00000078   Code   RO         1783    .text               c_w.l(_printf_dec.o)
    0x0800dc60   0x0000009c   Code   RO         1803    .text               c_w.l(_printf_hex_int_ll_ptr.o)
    0x0800dcfc   0x0000018c   Code   RO         1823    .text               c_w.l(__printf_flags_ss_wp.o)
    0x0800de88   0x0000003e   Code   RO         1830    .text               c_w.l(strlen.o)
    0x0800dec6   0x00000002   PAD
    0x0800dec8   0x00000080   Code   RO         1832    .text               c_w.l(strcmpv7m.o)
    0x0800df48   0x00000006   Code   RO         1834    .text               c_w.l(heapauxi.o)
    0x0800df4e   0x00000002   Code   RO         1882    .text               c_w.l(use_no_semi.o)
    0x0800df50   0x00000016   Code   RO         1885    .text               c_w.l(_rserrno.o)
    0x0800df66   0x00000024   Code   RO         1887    .text               c_w.l(_printf_truncate.o)
    0x0800df8a   0x000000b8   Code   RO         1889    .text               c_w.l(_printf_intcommon.o)
    0x0800e042   0x0000002a   Code   RO         1891    .text               c_w.l(_printf_charcount.o)
    0x0800e06c   0x00000030   Code   RO         1893    .text               c_w.l(_printf_char_common.o)
    0x0800e09c   0x0000000a   Code   RO         1895    .text               c_w.l(_sputc.o)
    0x0800e0a6   0x0000002c   Code   RO         1897    .text               c_w.l(_printf_char.o)
    0x0800e0d2   0x00000002   PAD
    0x0800e0d4   0x00000024   Code   RO         1899    .text               c_w.l(_printf_char_file.o)
    0x0800e0f8   0x000000bc   Code   RO         1901    .text               c_w.l(_printf_wctomb.o)
    0x0800e1b4   0x00000078   Code   RO         1904    .text               c_w.l(_printf_longlong_dec.o)
    0x0800e22c   0x00000078   Code   RO         1910    .text               c_w.l(_printf_oct_int_ll.o)
    0x0800e2a4   0x00000008   Code   RO         1963    .text               c_w.l(rt_errno_addr_intlibspace.o)
    0x0800e2ac   0x0000008a   Code   RO         1965    .text               c_w.l(lludiv10.o)
    0x0800e336   0x00000420   Code   RO         1967    .text               c_w.l(_printf_fp_dec.o)
    0x0800e756   0x0000002c   Code   RO         1971    .text               c_w.l(_printf_wchar.o)
    0x0800e782   0x00000008   Code   RO         1973    .text               c_w.l(ferror.o)
    0x0800e78a   0x00000040   Code   RO         1977    .text               c_w.l(_wcrtomb.o)
    0x0800e7ca   0x00000002   PAD
    0x0800e7cc   0x00000008   Code   RO         1979    .text               c_w.l(libspace.o)
    0x0800e7d4   0x0000004a   Code   RO         1982    .text               c_w.l(sys_stackheap_outer.o)
    0x0800e81e   0x00000002   PAD
    0x0800e820   0x00000010   Code   RO         1984    .text               c_w.l(rt_ctype_table.o)
    0x0800e830   0x00000008   Code   RO         1989    .text               c_w.l(rt_locale_intlibspace.o)
    0x0800e838   0x00000080   Code   RO         1991    .text               c_w.l(_printf_fp_infnan.o)
    0x0800e8b8   0x000000e4   Code   RO         1993    .text               c_w.l(bigflt0.o)
    0x0800e99c   0x0000000c   Code   RO         2021    .text               c_w.l(exit.o)
    0x0800e9a8   0x0000003e   Code   RO         1996    CL$$btod_d2e        c_w.l(btod.o)
    0x0800e9e6   0x00000046   Code   RO         1998    CL$$btod_d2e_denorm_low  c_w.l(btod.o)
    0x0800ea2c   0x00000060   Code   RO         1997    CL$$btod_d2e_norm_op1  c_w.l(btod.o)
    0x0800ea8c   0x00000338   Code   RO         2006    CL$$btod_div_common  c_w.l(btod.o)
    0x0800edc4   0x000000c6   Code   RO         2003    CL$$btod_e2e        c_w.l(btod.o)
    0x0800ee8a   0x00000028   Code   RO         2000    CL$$btod_ediv       c_w.l(btod.o)
    0x0800eeb2   0x00000028   Code   RO         1999    CL$$btod_emul       c_w.l(btod.o)
    0x0800eeda   0x00000244   Code   RO         2005    CL$$btod_mult_common  c_w.l(btod.o)
    0x0800f11e   0x00000030   Code   RO         2031    i.__ARM_fpclassify  m_wm.l(fpclassify.o)
    0x0800f14e   0x0000007a   Code   RO         1870    i.__hardfp_sqrt     m_wm.l(sqrt.o)
    0x0800f1c8   0x0000000e   Code   RO         1816    i._is_digit         c_w.l(__printf_wp.o)
    0x0800f1d6   0x00000002   PAD
    0x0800f1d8   0x0000002c   Code   RO         2019    locale$$code        c_w.l(lc_numeric_c.o)
    0x0800f204   0x0000002c   Code   RO         2036    locale$$code        c_w.l(lc_ctype_c.o)
    0x0800f230   0x00000150   Code   RO         1838    x$fpl$dadd          fz_wm.l(daddsub_clz.o)
    0x0800f380   0x00000018   Code   RO         1932    x$fpl$dcmpinf       fz_wm.l(dcmpi.o)
    0x0800f398   0x000002b0   Code   RO         1845    x$fpl$ddiv          fz_wm.l(ddiv.o)
    0x0800f648   0x0000005e   Code   RO         1848    x$fpl$dfix          fz_wm.l(dfix.o)
    0x0800f6a6   0x00000002   PAD
    0x0800f6a8   0x0000005a   Code   RO         1852    x$fpl$dfixu         fz_wm.l(dfixu.o)
    0x0800f702   0x0000002e   Code   RO         1857    x$fpl$dflt          fz_wm.l(dflt_clz.o)
    0x0800f730   0x00000026   Code   RO         1856    x$fpl$dfltu         fz_wm.l(dflt_clz.o)
    0x0800f756   0x00000002   PAD
    0x0800f758   0x00000078   Code   RO         1862    x$fpl$dleqf         fz_wm.l(dleqf.o)
    0x0800f7d0   0x00000154   Code   RO         1864    x$fpl$dmul          fz_wm.l(dmul.o)
    0x0800f924   0x0000009c   Code   RO         1934    x$fpl$dnaninf       fz_wm.l(dnaninf.o)
    0x0800f9c0   0x0000000c   Code   RO         1936    x$fpl$dretinf       fz_wm.l(dretinf.o)
    0x0800f9cc   0x0000006c   Code   RO         1866    x$fpl$drleqf        fz_wm.l(drleqf.o)
    0x0800fa38   0x00000016   Code   RO         1839    x$fpl$drsb          fz_wm.l(daddsub_clz.o)
    0x0800fa4e   0x00000002   PAD
    0x0800fa50   0x00000198   Code   RO         1938    x$fpl$dsqrt         fz_wm.l(dsqrt_umaal.o)
    0x0800fbe8   0x000001d4   Code   RO         1840    x$fpl$dsub          fz_wm.l(daddsub_clz.o)
    0x0800fdbc   0x00000056   Code   RO         1868    x$fpl$f2d           fz_wm.l(f2d.o)
    0x0800fe12   0x0000008c   Code   RO         1940    x$fpl$fnaninf       fz_wm.l(fnaninf.o)
    0x0800fe9e   0x0000000a   Code   RO         2090    x$fpl$fpinit        fz_wm.l(fpinit.o)
    0x0800fea8   0x00000004   Code   RO         1942    x$fpl$printf1       fz_wm.l(printf1.o)
    0x0800feac   0x00000000   Code   RO         1944    x$fpl$usenofp       fz_wm.l(usenofp.o)
    0x0800feac   0x0000001c   Data   RO          641    .constdata          stm32f4xx_fsmc.o
    0x0800fec8   0x000017c0   Data   RO         1165    .constdata          lcd.o
    0x08011688   0x0000000a   Data   RO         1463    .constdata          ft5206.o
    0x08011692   0x000000c2   Data   RO         1487    .constdata          gt9147.o
    0x08011754   0x0000000a   Data   RO         1511    .constdata          ott2001a.o
    0x0801175e   0x00000002   PAD
    0x08011760   0x00000004   Data   RO         1535    .constdata          touch.o
    0x08011764   0x00000011   Data   RO         1738    .constdata          infrared_remote_ctrl.o
    0x08011775   0x00000028   Data   RO         1804    .constdata          c_w.l(_printf_hex_int_ll_ptr.o)
    0x0801179d   0x00000011   Data   RO         1824    .constdata          c_w.l(__printf_flags_ss_wp.o)
    0x080117ae   0x00000002   PAD
    0x080117b0   0x00000008   Data   RO         1902    .constdata          c_w.l(_printf_wctomb.o)
    0x080117b8   0x00000094   Data   RO         1994    .constdata          c_w.l(bigflt0.o)
    0x0801184c   0x00000079   Data   RO         1536    .conststring        touch.o
    0x080118c5   0x00000003   PAD
    0x080118c8   0x00000020   Data   RO         2153    Region$$Table       anon$$obj.o
    0x080118e8   0x0000001c   Data   RO         2018    locale$$data        c_w.l(lc_numeric_c.o)
    0x08011904   0x00000110   Data   RO         2035    locale$$data        c_w.l(lc_ctype_c.o)


    Execution Region RW_IRAM1 (Base: 0x20000000, Size: 0x00000b08, Max: 0x00020000, ABSOLUTE)

    Base Addr    Size         Type   Attr      Idx    E Section Name        Object

    0x20000000   0x00000002   Data   RW            5    .data               main.o
    0x20000002   0x00000002   PAD
    0x20000004   0x00000014   Data   RW          282    .data               system_stm32f4xx.o
    0x20000018   0x00000010   Data   RW          827    .data               stm32f4xx_rcc.o
    0x20000028   0x00000004   Data   RW         1032    .data               delay.o
    0x2000002c   0x00000008   Data   RW         1073    .data               usart.o
    0x20000034   0x00000001   Data   RW         1143    .data               key.o
    0x20000035   0x00000001   PAD
    0x20000036   0x00000004   Data   RW         1166    .data               lcd.o
    0x2000003a   0x00000002   PAD
    0x2000003c   0x00000008   Data   RW         1203    .data               timer.o
    0x20000044   0x00000002   Data   RW         1254    .data               usart3.o
    0x20000046   0x00000001   Data   RW         1464    .data               ft5206.o
    0x20000047   0x00000001   Data   RW         1488    .data               gt9147.o
    0x20000048   0x00000001   Data   RW         1512    .data               ott2001a.o
    0x20000049   0x00000003   PAD
    0x2000004c   0x00000036   Data   RW         1537    .data               touch.o
    0x20000082   0x00000004   Data   RW         1629    .data               rtc.o
    0x20000086   0x00000002   PAD
    0x20000088   0x0000000c   Data   RW         1652    .data               remote.o
    0x20000094   0x00000001   Data   RW         1739    .data               infrared_remote_ctrl.o
    0x20000095   0x00000003   PAD
    0x20000098   0x0000000c   Zero   RW            4    .bss                main.o
    0x200000a4   0x000000c8   Zero   RW         1072    .bss                usart.o
    0x2000016c   0x0000000e   Zero   RW         1164    .bss                lcd.o
    0x2000017a   0x0000000a   Zero   RW         1202    .bss                timer.o
    0x20000184   0x00000004   PAD
    0x20000188   0x00000320   Zero   RW         1253    .bss                usart3.o
    0x200004a8   0x00000060   Zero   RW         1980    .bss                c_w.l(libspace.o)
    0x20000508   0x00000200   Zero   RW          306    HEAP                startup_stm32f40_41xxx.o
    0x20000708   0x00000400   Zero   RW          305    STACK               startup_stm32f40_41xxx.o


==============================================================================

Image component sizes


      Code (inc. data)   RO Data    RW Data    ZI Data      Debug   Object Name

       378          0          0          0          0       2622   24cxx.o
       520         50          0          0          0       1504   adc.o
        64          4          0          0          0        504   beep.o
       380          8          0          0          0       2032   can.o
       608         30          0          0          0       2057   ctiic.o
       256         10          0          4          0       1389   delay.o
       812         42         10          1          0       2415   ft5206.o
       752          4          0          0          0       3181   graphic.o
      1096         78        194          1          0       2938   gt9147.o
      1224        402         17          1          0       1817   infrared_remote_ctrl.o
       260         12          0          1          0        844   key.o
     19598        178       6080          4         14      22130   lcd.o
        64          4          0          0          0        503   led.o
      1612        226          0          2         12     340098   main.o
       228         22          0          0          0       1769   misc.o
       628         20          0          0          0       1872   myiic.o
      1008         66         10          1          0       2599   ott2001a.o
       732         30          0         12          0       1822   remote.o
       108          0          0          0          0        965   rng.o
       580         22          0          4          0       2640   rtc.o
        64         26        392          0       1536        800   startup_stm32f40_41xxx.o
      1136         28          0          0          0      10442   stm32f4xx_adc.o
      2536         36          0          0          0       7920   stm32f4xx_can.o
       272         10          0          0          0       2215   stm32f4xx_exti.o
      1684         26          0          0          0       9114   stm32f4xx_flash.o
      1500         60         28          0          0       5530   stm32f4xx_fsmc.o
       660         44          0          0          0       4049   stm32f4xx_gpio.o
        26          0          0          0          0       1198   stm32f4xx_it.o
       368         20          0          0          0       3711   stm32f4xx_pwr.o
      1628         52          0         16          0      12808   stm32f4xx_rcc.o
       160          4          0          0          0       1764   stm32f4xx_rng.o
      3432         44          0          0          0      15012   stm32f4xx_rtc.o
      3234         60          0          0          0      22252   stm32f4xx_tim.o
      1108         34          0          0          0       7748   stm32f4xx_usart.o
       348         48          0          0          0       2153   stmflash.o
       524         44          0         20          0       1707   system_stm32f4xx.o
       656         36          0          8         10       2195   timer.o
      4332        242        125         54          0       6597   touch.o
       328         16          0          8        200       3206   usart.o
       388         24          0          2        800       2450   usart3.o

    ----------------------------------------------------------------------
     55300       2062       6893        152       2576     518572   Object Totals
         0          0         32          0          0          0   (incl. Generated)
         8          0          5         13          4          0   (incl. Padding)

    ----------------------------------------------------------------------

      Code (inc. data)   RO Data    RW Data    ZI Data      Debug   Library Member Name

        24          4          0          0          0         84   __2printf.o
        44          6          0          0          0         84   __2sprintf.o
         8          0          0          0          0         68   __main.o
       396          6         17          0          0         92   __printf_flags_ss_wp.o
        14          0          0          0          0         68   __printf_wp.o
        52          8          0          0          0          0   __scatter.o
        26          0          0          0          0          0   __scatter_copy.o
        28          0          0          0          0          0   __scatter_zi.o
         6          0          0          0          0          0   _printf_a.o
         6          0          0          0          0          0   _printf_c.o
        44          0          0          0          0        108   _printf_char.o
        48          6          0          0          0         96   _printf_char_common.o
        36          4          0          0          0         80   _printf_char_file.o
        42          0          0          0          0         68   _printf_charcount.o
         6          0          0          0          0          0   _printf_d.o
       120         18          0          0          0         92   _printf_dec.o
         6          0          0          0          0          0   _printf_e.o
         6          0          0          0          0          0   _printf_f.o
      1056          0          0          0          0        212   _printf_fp_dec.o
       128         16          0          0          0         84   _printf_fp_infnan.o
         6          0          0          0          0          0   _printf_g.o
       156          6         40          0          0        160   _printf_hex_int_ll_ptr.o
         6          0          0          0          0          0   _printf_i.o
       184          0          0          0          0         88   _printf_intcommon.o
        10          0          0          0          0          0   _printf_l.o
         6          0          0          0          0          0   _printf_lc.o
        10          0          0          0          0          0   _printf_ll.o
         6          0          0          0          0          0   _printf_lld.o
         6          0          0          0          0          0   _printf_lli.o
         6          0          0          0          0          0   _printf_llo.o
         6          0          0          0          0          0   _printf_llu.o
         6          0          0          0          0          0   _printf_llx.o
       120         16          0          0          0         92   _printf_longlong_dec.o
         6          0          0          0          0          0   _printf_ls.o
         6          0          0          0          0          0   _printf_n.o
         6          0          0          0          0          0   _printf_o.o
       120          8          0          0          0        124   _printf_oct_int_ll.o
         6          0          0          0          0          0   _printf_p.o
        82          0          0          0          0        108   _printf_pad.o
         0          0          0          0          0          0   _printf_percent.o
         4          0          0          0          0          0   _printf_percent_end.o
         6          0          0          0          0          0   _printf_s.o
        82          0          0          0          0         80   _printf_str.o
        36          0          0          0          0         84   _printf_truncate.o
         6          0          0          0          0          0   _printf_u.o
        44          0          0          0          0        108   _printf_wchar.o
       188          6          8          0          0         92   _printf_wctomb.o
         6          0          0          0          0          0   _printf_x.o
        22          0          0          0          0        100   _rserrno.o
        10          0          0          0          0         68   _sputc.o
        64          0          0          0          0         92   _wcrtomb.o
       228          6        148          0          0         96   bigflt0.o
      1910        128          0          0          0        672   btod.o
        36          4          0          0          0         76   c89vsprintf.o
        12          0          0          0          0         72   exit.o
         8          0          0          0          0         68   ferror.o
         6          0          0          0          0        152   heapauxi.o
        44         10        272          0          0         76   lc_ctype_c.o
        44         10         28          0          0         76   lc_numeric_c.o
         2          0          0          0          0          0   libinit.o
        34          0          0          0          0          0   libinit2.o
         2          0          0          0          0          0   libshutdown.o
         2          0          0          0          0          0   libshutdown2.o
         8          4          0          0         96         68   libspace.o
       138          0          0          0          0         80   lludiv10.o
        16          4          0          0          0         76   rt_ctype_table.o
         8          4          0          0          0         68   rt_errno_addr_intlibspace.o
         8          4          0          0          0         68   rt_locale_intlibspace.o
         0          0          0          0          0          0   rtentry.o
        12          0          0          0          0          0   rtentry2.o
         6          0          0          0          0          0   rtentry4.o
         2          0          0          0          0          0   rtexit.o
        10          0          0          0          0          0   rtexit2.o
       128          0          0          0          0         68   strcmpv7m.o
        62          0          0          0          0         76   strlen.o
        74          0          0          0          0         80   sys_stackheap_outer.o
         2          0          0          0          0         68   use_no_semi.o
         2          0          0          0          0         68   use_no_semi_2.o
       826         16          0          0          0        500   daddsub_clz.o
        24          0          0          0          0        116   dcmpi.o
       688        140          0          0          0        260   ddiv.o
        94          4          0          0          0        140   dfix.o
        90          4          0          0          0        140   dfixu.o
        84          0          0          0          0        232   dflt_clz.o
       120          4          0          0          0        140   dleqf.o
       340         12          0          0          0        152   dmul.o
       156          4          0          0          0        140   dnaninf.o
        12          0          0          0          0        116   dretinf.o
       108          0          0          0          0        128   drleqf.o
       408         56          0          0          0        168   dsqrt_umaal.o
        86          4          0          0          0        132   f2d.o
       140          4          0          0          0        132   fnaninf.o
        10          0          0          0          0        116   fpinit.o
         4          0          0          0          0        116   printf1.o
         0          0          0          0          0          0   usenofp.o
        48          0          0          0          0        124   fpclassify.o
       122          0          0          0          0        148   sqrt.o

    ----------------------------------------------------------------------
      9504        526        515          0         96       7340   Library Totals
        22          0          2          0          0          0   (incl. Padding)

    ----------------------------------------------------------------------

      Code (inc. data)   RO Data    RW Data    ZI Data      Debug   Library Name

      6122        278        513          0         96       4340   c_w.l
      3190        248          0          0          0       2728   fz_wm.l
       170          0          0          0          0        272   m_wm.l

    ----------------------------------------------------------------------
      9504        526        515          0         96       7340   Library Totals

    ----------------------------------------------------------------------

==============================================================================


      Code (inc. data)   RO Data    RW Data    ZI Data      Debug   

     64804       2588       7408        152       2672     513016   Grand Totals
     64804       2588       7408        152       2672     513016   ELF Image Totals
     64804       2588       7408        152          0          0   ROM Totals

==============================================================================

    Total RO  Size (Code + RO Data)                72212 (  70.52kB)
    Total RW  Size (RW Data + ZI Data)              2824 (   2.76kB)
    Total ROM Size (Code + RO Data + RW Data)      72364 (  70.67kB)

==============================================================================

